/home/daiki/ws_gnss/src/gnss_ros_standardization/src/utils/simple_gnss_visualizer.cpp: In static member function ‘static void gnss_visualizer::SimpleGnssVisualizer::onMouse(int, int, int, int, void*)’:
/home/daiki/ws_gnss/src/gnss_ros_standardization/src/utils/simple_gnss_visualizer.cpp:119:38: warning: unused parameter ‘x’ [-Wunused-parameter]
  119 |   static void onMouse(int event, int x, int y, int flags, void* userdata) {
      |                                  ~~~~^
/home/daiki/ws_gnss/src/gnss_ros_standardization/src/utils/simple_gnss_visualizer.cpp:119:45: warning: unused parameter ‘y’ [-Wunused-parameter]
  119 |   static void onMouse(int event, int x, int y, int flags, void* userdata) {
      |                                         ~~~~^
/home/daiki/ws_gnss/src/gnss_ros_standardization/src/utils/simple_gnss_visualizer.cpp: In member function ‘cv::Scalar gnss_visualizer::SimpleGnssVisualizer::statusColor(int)’:
/home/daiki/ws_gnss/src/gnss_ros_standardization/src/utils/simple_gnss_visualizer.cpp:137:12: error: ‘STATUS_FIX’ was not declared in this scope
  137 |       case STATUS_FIX:   return cv::Scalar(0, 200, 0);   // Green
      |            ^~~~~~~~~~
/home/daiki/ws_gnss/src/gnss_ros_standardization/src/utils/simple_gnss_visualizer.cpp:138:12: error: ‘STATUS_FLOAT’ was not declared in this scope
  138 |       case STATUS_FLOAT: return cv::Scalar(0, 200, 200); // Yellow
      |            ^~~~~~~~~~~~
/home/daiki/ws_gnss/src/gnss_ros_standardization/src/utils/simple_gnss_visualizer.cpp:139:12: error: ‘STATUS_SBAS’ was not declared in this scope
  139 |       case STATUS_SBAS:  return cv::Scalar(200, 50, 50); // Blue
      |            ^~~~~~~~~~~
/home/daiki/ws_gnss/src/gnss_ros_standardization/src/utils/simple_gnss_visualizer.cpp:140:12: error: ‘STATUS_DGPS’ was not declared in this scope
  140 |       case STATUS_DGPS:  return cv::Scalar(200, 50, 50); // Blue
      |            ^~~~~~~~~~~
/home/daiki/ws_gnss/src/gnss_ros_standardization/src/utils/simple_gnss_visualizer.cpp:141:12: error: ‘STATUS_PPP’ was not declared in this scope
  141 |       case STATUS_PPP:   return cv::Scalar(200, 200, 50);// Teal
      |            ^~~~~~~~~~
/home/daiki/ws_gnss/src/gnss_ros_standardization/src/utils/simple_gnss_visualizer.cpp: In member function ‘void gnss_visualizer::SimpleGnssVisualizer::renderStatus(cv::Mat&, cv::Rect)’:
/home/daiki/ws_gnss/src/gnss_ros_standardization/src/utils/simple_gnss_visualizer.cpp:182:68: error: ‘using element_type = struct gnss_ros_standardization::msg::GnssObservations_<std::allocator<void> >’ {aka ‘struct gnss_ros_standardization::msg::GnssObservations_<std::allocator<void> >’} has no member named ‘time’
  182 |       snprintf(buf, sizeof(buf), "Week: %d  TOW: %.1f", last_obs_->time.week, last_obs_->time.tow);
      |                                                                    ^~~~
/home/daiki/ws_gnss/src/gnss_ros_standardization/src/utils/simple_gnss_visualizer.cpp:182:90: error: ‘using element_type = struct gnss_ros_standardization::msg::GnssObservations_<std::allocator<void> >’ {aka ‘struct gnss_ros_standardization::msg::GnssObservations_<std::allocator<void> >’} has no member named ‘time’
  182 |       snprintf(buf, sizeof(buf), "Week: %d  TOW: %.1f", last_obs_->time.week, last_obs_->time.tow);
      |                                                                                          ^~~~
/home/daiki/ws_gnss/src/gnss_ros_standardization/src/utils/simple_gnss_visualizer.cpp: In member function ‘void gnss_visualizer::SimpleGnssVisualizer::renderPositionPlot(cv::Mat&, cv::Rect)’:
/home/daiki/ws_gnss/src/gnss_ros_standardization/src/utils/simple_gnss_visualizer.cpp:251:40: error: ‘DEG2RAD’ was not declared in this scope
  251 |     double ref_llh[3] = {fixed_llh_[0]*DEG2RAD, fixed_llh_[1]*DEG2RAD, fixed_llh_[2]};
      |                                        ^~~~~~~
gmake[2]: *** [CMakeFiles/simple_gnss_visualizer.dir/build.make:76: CMakeFiles/simple_gnss_visualizer.dir/src/utils/simple_gnss_visualizer.cpp.o] エラー 1
gmake[1]: *** [CMakeFiles/Makefile2:1051: CMakeFiles/simple_gnss_visualizer.dir/all] エラー 2
gmake: *** [Makefile:146: all] エラー 2
