[0.005s] Invoking command in '/home/daiki/ws_gnss/build/gnss_ros_standardization': CMAKE_PREFIX_PATH=/opt/ros/humble /usr/bin/cmake /home/daiki/ws_gnss/src/gnss_ros_standardization -DCMAKE_INSTALL_PREFIX=/home/daiki/ws_gnss/install/gnss_ros_standardization
[0.011s] -- Found ament_cmake: 1.3.11 (/opt/ros/humble/share/ament_cmake/cmake)
[0.078s] -- Override CMake install command with custom implementation using symlinks instead of copying resources
[0.081s] -- Found rosidl_default_generators: 1.2.0 (/opt/ros/humble/share/rosidl_default_generators/cmake)
[0.082s] -- Using all available rosidl_typesupport_c: rosidl_typesupport_fastrtps_c;rosidl_typesupport_introspection_c
[0.083s] -- Found rosidl_adapter: 3.1.6 (/opt/ros/humble/share/rosidl_adapter/cmake)
[0.096s] -- Using all available rosidl_typesupport_cpp: rosidl_typesupport_fastrtps_cpp;rosidl_typesupport_introspection_cpp
[0.107s] -- Found std_msgs: 4.2.4 (/opt/ros/humble/share/std_msgs/cmake)
[0.117s] -- Found geometry_msgs: 4.2.4 (/opt/ros/humble/share/geometry_msgs/cmake)
[0.123s] -- Found rclcpp: 16.0.11 (/opt/ros/humble/share/rclcpp/cmake)
[0.134s] -- Found rmw_implementation_cmake: 6.1.2 (/opt/ros/humble/share/rmw_implementation_cmake/cmake)
[0.135s] -- Found rmw_cyclonedds_cpp: 1.3.4 (/opt/ros/humble/share/rmw_cyclonedds_cpp/cmake)
[0.142s] -- Using RMW implementation 'rmw_cyclonedds_cpp' as default
[0.159s] -- Found rosbag2_cpp: 0.15.13 (/opt/ros/humble/share/rosbag2_cpp/cmake)
[0.350s] -- Found ament_cmake_ros: 0.10.0 (/opt/ros/humble/share/ament_cmake_ros/cmake)
[0.484s] -- Using all available rosidl_typesupport_c: rosidl_typesupport_fastrtps_c;rosidl_typesupport_introspection_c
[0.648s] -- Using all available rosidl_typesupport_cpp: rosidl_typesupport_fastrtps_cpp;rosidl_typesupport_introspection_cpp
[0.661s] -- Found python_cmake_module: 0.10.0 (/opt/ros/humble/share/python_cmake_module/cmake)
[0.678s] -- Using PYTHON_EXECUTABLE: /usr/bin/python3
[0.678s] -- Using PYTHON_INCLUDE_DIRS: /usr/include/python3.10
[0.678s] -- Using PYTHON_LIBRARIES: /usr/lib/x86_64-linux-gnu/libpython3.10.so
[0.714s] -- Configuring done
[0.754s] -- Generating done
[0.768s] -- Build files have been written to: /home/daiki/ws_gnss/build/gnss_ros_standardization
[0.772s] Invoked command in '/home/daiki/ws_gnss/build/gnss_ros_standardization' returned '0': CMAKE_PREFIX_PATH=/opt/ros/humble /usr/bin/cmake /home/daiki/ws_gnss/src/gnss_ros_standardization -DCMAKE_INSTALL_PREFIX=/home/daiki/ws_gnss/install/gnss_ros_standardization
[0.773s] Invoking command in '/home/daiki/ws_gnss/build/gnss_ros_standardization': CMAKE_PREFIX_PATH=/opt/ros/humble /usr/bin/cmake --build /home/daiki/ws_gnss/build/gnss_ros_standardization -- -j28 -l28
[0.806s] Consolidate compiler generated dependencies of target gnss_ros_standardization__rosidl_generator_c
[0.808s] Consolidate compiler generated dependencies of target rtkcore_lib
[0.812s] [  0%] Built target gnss_ros_standardization__cpp
[0.813s] [  6%] Built target gnss_ros_standardization__rosidl_generator_c
[0.815s] [  6%] Built target ament_cmake_python_symlink_gnss_ros_standardization
[0.822s] [ 33%] Built target rtkcore_lib
[0.822s] Consolidate compiler generated dependencies of target gnss_ros_standardization__rosidl_typesupport_c
[0.824s] Consolidate compiler generated dependencies of target gnss_ros_standardization__rosidl_typesupport_cpp
[0.824s] Consolidate compiler generated dependencies of target gnss_ros_standardization__rosidl_typesupport_introspection_c
[0.826s] Consolidate compiler generated dependencies of target gnss_ros_standardization__rosidl_typesupport_fastrtps_cpp
[0.826s] Consolidate compiler generated dependencies of target gnss_ros_standardization__rosidl_typesupport_introspection_cpp
[0.826s] Consolidate compiler generated dependencies of target gnss_ros_standardization__rosidl_typesupport_fastrtps_c
[0.828s] [ 39%] Built target gnss_ros_standardization__rosidl_typesupport_c
[0.830s] [ 45%] Built target gnss_ros_standardization__rosidl_typesupport_introspection_c
[0.830s] [ 51%] Built target gnss_ros_standardization__rosidl_typesupport_cpp
[0.831s] [ 57%] Built target gnss_ros_standardization__rosidl_typesupport_introspection_cpp
[0.833s] [ 65%] Built target gnss_ros_standardization__rosidl_typesupport_fastrtps_c
[0.833s] [ 69%] Built target gnss_ros_standardization__rosidl_typesupport_fastrtps_cpp
[0.835s] Consolidate compiler generated dependencies of target gnss_utils
[0.842s] [ 69%] Built target gnss_ros_standardization
[0.843s] [ 71%] Built target gnss_utils
[0.849s] Consolidate compiler generated dependencies of target sbf_driver_node
[0.849s] Consolidate compiler generated dependencies of target ubx_decoder_node
[0.849s] Consolidate compiler generated dependencies of target rtcm_decoder_node
[0.850s] Consolidate compiler generated dependencies of target sbf_decoder_node
[0.850s] Consolidate compiler generated dependencies of target rinex_to_rosbag
[0.850s] Consolidate compiler generated dependencies of target single_point_positioning
[0.850s] Consolidate compiler generated dependencies of target rosbag_to_rinex
[0.852s] Consolidate compiler generated dependencies of target novatel_decoder_node
[0.852s] Consolidate compiler generated dependencies of target ubx_driver_node
[0.852s] Consolidate compiler generated dependencies of target real_time_kinematic
[0.852s] Consolidate compiler generated dependencies of target novatel_driver_node
[0.853s] Consolidate compiler generated dependencies of target gnss_visualizer
[0.854s] [ 72%] Built target gnss_ros_standardization__py
[0.855s] [ 74%] Built target sbf_driver_node
[0.855s] [ 76%] Built target sbf_decoder_node
[0.855s] [ 77%] Built target ubx_decoder_node
[0.855s] [ 78%] Built target rinex_to_rosbag
[0.855s] [ 80%] Built target rosbag_to_rinex
[0.858s] [ 81%] Built target rtcm_decoder_node
[0.858s] [ 82%] Built target single_point_positioning
[0.858s] [ 84%] Built target novatel_decoder_node
[0.859s] [ 86%] Built target real_time_kinematic
[0.859s] [ 87%] Built target novatel_driver_node
[0.860s] Consolidate compiler generated dependencies of target gnss_ros_standardization__rosidl_generator_py
[0.861s] [ 89%] Built target ubx_driver_node
[0.861s] [ 90%] Building CXX object CMakeFiles/gnss_visualizer.dir/src/utils/gnss_visualizer.cpp.o
[0.868s] [ 95%] Built target gnss_ros_standardization__rosidl_generator_py
[0.874s] Consolidate compiler generated dependencies of target gnss_ros_standardization__rosidl_typesupport_fastrtps_c__pyext
[0.874s] Consolidate compiler generated dependencies of target gnss_ros_standardization__rosidl_typesupport_c__pyext
[0.875s] Consolidate compiler generated dependencies of target gnss_ros_standardization__rosidl_typesupport_introspection_c__pyext
[0.880s] [ 97%] Built target gnss_ros_standardization__rosidl_typesupport_fastrtps_c__pyext
[0.880s] [ 99%] Built target gnss_ros_standardization__rosidl_typesupport_c__pyext
[0.880s] [100%] Built target gnss_ros_standardization__rosidl_typesupport_introspection_c__pyext
[0.911s] running egg_info
[0.911s] writing gnss_ros_standardization.egg-info/PKG-INFO
[0.912s] writing dependency_links to gnss_ros_standardization.egg-info/dependency_links.txt
[0.912s] writing top-level names to gnss_ros_standardization.egg-info/top_level.txt
[0.912s] reading manifest file 'gnss_ros_standardization.egg-info/SOURCES.txt'
[0.913s] writing manifest file 'gnss_ros_standardization.egg-info/SOURCES.txt'
[0.924s] [100%] Built target ament_cmake_python_build_gnss_ros_standardization_egg
[7.786s] [100%] Linking CXX executable gnss_visualizer
[8.303s] [100%] Built target gnss_visualizer
[8.311s] Invoked command in '/home/daiki/ws_gnss/build/gnss_ros_standardization' returned '0': CMAKE_PREFIX_PATH=/opt/ros/humble /usr/bin/cmake --build /home/daiki/ws_gnss/build/gnss_ros_standardization -- -j28 -l28
[8.317s] Invoking command in '/home/daiki/ws_gnss/build/gnss_ros_standardization': CMAKE_PREFIX_PATH=/opt/ros/humble /usr/bin/cmake --install /home/daiki/ws_gnss/build/gnss_ros_standardization
[8.322s] -- Install configuration: ""
[8.323s] -- Execute custom install script
[8.323s] -- Up-to-date symlink: /home/daiki/ws_gnss/install/gnss_ros_standardization/share/ament_index/resource_index/rosidl_interfaces/gnss_ros_standardization
[8.324s] -- Up-to-date symlink: /home/daiki/ws_gnss/install/gnss_ros_standardization/include/gnss_ros_standardization/gnss_ros_standardization/msg/detail/glonass_ephemeris__functions.h
[8.324s] -- Up-to-date symlink: /home/daiki/ws_gnss/install/gnss_ros_standardization/include/gnss_ros_standardization/gnss_ros_standardization/msg/detail/glonass_ephemeris__struct.h
[8.324s] -- Up-to-date symlink: /home/daiki/ws_gnss/install/gnss_ros_standardization/include/gnss_ros_standardization/gnss_ros_standardization/msg/detail/glonass_ephemeris__type_support.h
[8.324s] -- Up-to-date symlink: /home/daiki/ws_gnss/install/gnss_ros_standardization/include/gnss_ros_standardization/gnss_ros_standardization/msg/detail/gnss_ephemerides__functions.h
[8.324s] -- Up-to-date symlink: /home/daiki/ws_gnss/install/gnss_ros_standardization/include/gnss_ros_standardization/gnss_ros_standardization/msg/detail/gnss_ephemerides__struct.h
[8.324s] -- Up-to-date symlink: /home/daiki/ws_gnss/install/gnss_ros_standardization/include/gnss_ros_standardization/gnss_ros_standardization/msg/detail/gnss_ephemerides__type_support.h
[8.324s] -- Up-to-date symlink: /home/daiki/ws_gnss/install/gnss_ros_standardization/include/gnss_ros_standardization/gnss_ros_standardization/msg/detail/gnss_ephemeris__functions.h
[8.324s] -- Up-to-date symlink: /home/daiki/ws_gnss/install/gnss_ros_standardization/include/gnss_ros_standardization/gnss_ros_standardization/msg/detail/gnss_ephemeris__struct.h
[8.324s] -- Up-to-date symlink: /home/daiki/ws_gnss/install/gnss_ros_standardization/include/gnss_ros_standardization/gnss_ros_standardization/msg/detail/gnss_ephemeris__type_support.h
[8.324s] -- Up-to-date symlink: /home/daiki/ws_gnss/install/gnss_ros_standardization/include/gnss_ros_standardization/gnss_ros_standardization/msg/detail/gnss_observation__functions.h
[8.325s] -- Up-to-date symlink: /home/daiki/ws_gnss/install/gnss_ros_standardization/include/gnss_ros_standardization/gnss_ros_standardization/msg/detail/gnss_observation__struct.h
[8.325s] -- Up-to-date symlink: /home/daiki/ws_gnss/install/gnss_ros_standardization/include/gnss_ros_standardization/gnss_ros_standardization/msg/detail/gnss_observation__type_support.h
[8.325s] -- Up-to-date symlink: /home/daiki/ws_gnss/install/gnss_ros_standardization/include/gnss_ros_standardization/gnss_ros_standardization/msg/detail/gnss_observations__functions.h
[8.325s] -- Up-to-date symlink: /home/daiki/ws_gnss/install/gnss_ros_standardization/include/gnss_ros_standardization/gnss_ros_standardization/msg/detail/gnss_observations__struct.h
[8.325s] -- Up-to-date symlink: /home/daiki/ws_gnss/install/gnss_ros_standardization/include/gnss_ros_standardization/gnss_ros_standardization/msg/detail/gnss_observations__type_support.h
[8.325s] -- Up-to-date symlink: /home/daiki/ws_gnss/install/gnss_ros_standardization/include/gnss_ros_standardization/gnss_ros_standardization/msg/detail/gnss_solution__functions.h
[8.325s] -- Up-to-date symlink: /home/daiki/ws_gnss/install/gnss_ros_standardization/include/gnss_ros_standardization/gnss_ros_standardization/msg/detail/gnss_solution__struct.h
[8.325s] -- Up-to-date symlink: /home/daiki/ws_gnss/install/gnss_ros_standardization/include/gnss_ros_standardization/gnss_ros_standardization/msg/detail/gnss_solution__type_support.h
[8.325s] -- Up-to-date symlink: /home/daiki/ws_gnss/install/gnss_ros_standardization/include/gnss_ros_standardization/gnss_ros_standardization/msg/glonass_ephemeris.h
[8.325s] -- Up-to-date symlink: /home/daiki/ws_gnss/install/gnss_ros_standardization/include/gnss_ros_standardization/gnss_ros_standardization/msg/gnss_ephemerides.h
[8.325s] -- Up-to-date symlink: /home/daiki/ws_gnss/install/gnss_ros_standardization/include/gnss_ros_standardization/gnss_ros_standardization/msg/gnss_ephemeris.h
[8.325s] -- Up-to-date symlink: /home/daiki/ws_gnss/install/gnss_ros_standardization/include/gnss_ros_standardization/gnss_ros_standardization/msg/gnss_observation.h
[8.325s] -- Up-to-date symlink: /home/daiki/ws_gnss/install/gnss_ros_standardization/include/gnss_ros_standardization/gnss_ros_standardization/msg/gnss_observations.h
[8.325s] -- Up-to-date symlink: /home/daiki/ws_gnss/install/gnss_ros_standardization/include/gnss_ros_standardization/gnss_ros_standardization/msg/gnss_solution.h
[8.325s] -- Up-to-date symlink: /home/daiki/ws_gnss/install/gnss_ros_standardization/include/gnss_ros_standardization/gnss_ros_standardization/msg/rosidl_generator_c__visibility_control.h
[8.325s] -- Up-to-date symlink: /home/daiki/ws_gnss/install/gnss_ros_standardization/share/gnss_ros_standardization/environment/library_path.sh
[8.325s] -- Up-to-date symlink: /home/daiki/ws_gnss/install/gnss_ros_standardization/share/gnss_ros_standardization/environment/library_path.dsv
[8.326s] -- Up-to-date symlink: /home/daiki/ws_gnss/install/gnss_ros_standardization/include/gnss_ros_standardization/gnss_ros_standardization/msg/detail/glonass_ephemeris__rosidl_typesupport_fastrtps_c.h
[8.326s] -- Up-to-date symlink: /home/daiki/ws_gnss/install/gnss_ros_standardization/include/gnss_ros_standardization/gnss_ros_standardization/msg/detail/gnss_ephemerides__rosidl_typesupport_fastrtps_c.h
[8.326s] -- Up-to-date symlink: /home/daiki/ws_gnss/install/gnss_ros_standardization/include/gnss_ros_standardization/gnss_ros_standardization/msg/detail/gnss_ephemeris__rosidl_typesupport_fastrtps_c.h
[8.326s] -- Up-to-date symlink: /home/daiki/ws_gnss/install/gnss_ros_standardization/include/gnss_ros_standardization/gnss_ros_standardization/msg/detail/gnss_observation__rosidl_typesupport_fastrtps_c.h
[8.326s] -- Up-to-date symlink: /home/daiki/ws_gnss/install/gnss_ros_standardization/include/gnss_ros_standardization/gnss_ros_standardization/msg/detail/gnss_observations__rosidl_typesupport_fastrtps_c.h
[8.326s] -- Up-to-date symlink: /home/daiki/ws_gnss/install/gnss_ros_standardization/include/gnss_ros_standardization/gnss_ros_standardization/msg/detail/gnss_solution__rosidl_typesupport_fastrtps_c.h
[8.326s] -- Up-to-date symlink: /home/daiki/ws_gnss/install/gnss_ros_standardization/include/gnss_ros_standardization/gnss_ros_standardization/msg/rosidl_typesupport_fastrtps_c__visibility_control.h
[8.326s] -- Up-to-date symlink: /home/daiki/ws_gnss/install/gnss_ros_standardization/include/gnss_ros_standardization/gnss_ros_standardization/msg/detail/glonass_ephemeris__rosidl_typesupport_introspection_c.h
[8.326s] -- Up-to-date symlink: /home/daiki/ws_gnss/install/gnss_ros_standardization/include/gnss_ros_standardization/gnss_ros_standardization/msg/detail/gnss_ephemerides__rosidl_typesupport_introspection_c.h
[8.326s] -- Up-to-date symlink: /home/daiki/ws_gnss/install/gnss_ros_standardization/include/gnss_ros_standardization/gnss_ros_standardization/msg/detail/gnss_ephemeris__rosidl_typesupport_introspection_c.h
[8.326s] -- Up-to-date symlink: /home/daiki/ws_gnss/install/gnss_ros_standardization/include/gnss_ros_standardization/gnss_ros_standardization/msg/detail/gnss_observation__rosidl_typesupport_introspection_c.h
[8.326s] -- Up-to-date symlink: /home/daiki/ws_gnss/install/gnss_ros_standardization/include/gnss_ros_standardization/gnss_ros_standardization/msg/detail/gnss_observations__rosidl_typesupport_introspection_c.h
[8.326s] -- Up-to-date symlink: /home/daiki/ws_gnss/install/gnss_ros_standardization/include/gnss_ros_standardization/gnss_ros_standardization/msg/detail/gnss_solution__rosidl_typesupport_introspection_c.h
[8.326s] -- Up-to-date symlink: /home/daiki/ws_gnss/install/gnss_ros_standardization/include/gnss_ros_standardization/gnss_ros_standardization/msg/rosidl_typesupport_introspection_c__visibility_control.h
[8.326s] -- Up-to-date symlink: /home/daiki/ws_gnss/install/gnss_ros_standardization/include/gnss_ros_standardization/gnss_ros_standardization/msg/detail/glonass_ephemeris__builder.hpp
[8.326s] -- Up-to-date symlink: /home/daiki/ws_gnss/install/gnss_ros_standardization/include/gnss_ros_standardization/gnss_ros_standardization/msg/detail/glonass_ephemeris__struct.hpp
[8.326s] -- Up-to-date symlink: /home/daiki/ws_gnss/install/gnss_ros_standardization/include/gnss_ros_standardization/gnss_ros_standardization/msg/detail/glonass_ephemeris__traits.hpp
[8.326s] -- Up-to-date symlink: /home/daiki/ws_gnss/install/gnss_ros_standardization/include/gnss_ros_standardization/gnss_ros_standardization/msg/detail/glonass_ephemeris__type_support.hpp
[8.327s] -- Up-to-date symlink: /home/daiki/ws_gnss/install/gnss_ros_standardization/include/gnss_ros_standardization/gnss_ros_standardization/msg/detail/gnss_ephemerides__builder.hpp
[8.327s] -- Up-to-date symlink: /home/daiki/ws_gnss/install/gnss_ros_standardization/include/gnss_ros_standardization/gnss_ros_standardization/msg/detail/gnss_ephemerides__struct.hpp
[8.327s] -- Up-to-date symlink: /home/daiki/ws_gnss/install/gnss_ros_standardization/include/gnss_ros_standardization/gnss_ros_standardization/msg/detail/gnss_ephemerides__traits.hpp
[8.327s] -- Up-to-date symlink: /home/daiki/ws_gnss/install/gnss_ros_standardization/include/gnss_ros_standardization/gnss_ros_standardization/msg/detail/gnss_ephemerides__type_support.hpp
[8.327s] -- Up-to-date symlink: /home/daiki/ws_gnss/install/gnss_ros_standardization/include/gnss_ros_standardization/gnss_ros_standardization/msg/detail/gnss_ephemeris__builder.hpp
[8.327s] -- Up-to-date symlink: /home/daiki/ws_gnss/install/gnss_ros_standardization/include/gnss_ros_standardization/gnss_ros_standardization/msg/detail/gnss_ephemeris__struct.hpp
[8.327s] -- Up-to-date symlink: /home/daiki/ws_gnss/install/gnss_ros_standardization/include/gnss_ros_standardization/gnss_ros_standardization/msg/detail/gnss_ephemeris__traits.hpp
[8.327s] -- Up-to-date symlink: /home/daiki/ws_gnss/install/gnss_ros_standardization/include/gnss_ros_standardization/gnss_ros_standardization/msg/detail/gnss_ephemeris__type_support.hpp
[8.327s] -- Up-to-date symlink: /home/daiki/ws_gnss/install/gnss_ros_standardization/include/gnss_ros_standardization/gnss_ros_standardization/msg/detail/gnss_observation__builder.hpp
[8.327s] -- Up-to-date symlink: /home/daiki/ws_gnss/install/gnss_ros_standardization/include/gnss_ros_standardization/gnss_ros_standardization/msg/detail/gnss_observation__struct.hpp
[8.327s] -- Up-to-date symlink: /home/daiki/ws_gnss/install/gnss_ros_standardization/include/gnss_ros_standardization/gnss_ros_standardization/msg/detail/gnss_observation__traits.hpp
[8.327s] -- Up-to-date symlink: /home/daiki/ws_gnss/install/gnss_ros_standardization/include/gnss_ros_standardization/gnss_ros_standardization/msg/detail/gnss_observation__type_support.hpp
[8.327s] -- Up-to-date symlink: /home/daiki/ws_gnss/install/gnss_ros_standardization/include/gnss_ros_standardization/gnss_ros_standardization/msg/detail/gnss_observations__builder.hpp
[8.327s] -- Up-to-date symlink: /home/daiki/ws_gnss/install/gnss_ros_standardization/include/gnss_ros_standardization/gnss_ros_standardization/msg/detail/gnss_observations__struct.hpp
[8.327s] -- Up-to-date symlink: /home/daiki/ws_gnss/install/gnss_ros_standardization/include/gnss_ros_standardization/gnss_ros_standardization/msg/detail/gnss_observations__traits.hpp
[8.327s] -- Up-to-date symlink: /home/daiki/ws_gnss/install/gnss_ros_standardization/include/gnss_ros_standardization/gnss_ros_standardization/msg/detail/gnss_observations__type_support.hpp
[8.327s] -- Up-to-date symlink: /home/daiki/ws_gnss/install/gnss_ros_standardization/include/gnss_ros_standardization/gnss_ros_standardization/msg/detail/gnss_solution__builder.hpp
[8.327s] -- Up-to-date symlink: /home/daiki/ws_gnss/install/gnss_ros_standardization/include/gnss_ros_standardization/gnss_ros_standardization/msg/detail/gnss_solution__struct.hpp
[8.327s] -- Up-to-date symlink: /home/daiki/ws_gnss/install/gnss_ros_standardization/include/gnss_ros_standardization/gnss_ros_standardization/msg/detail/gnss_solution__traits.hpp
[8.327s] -- Up-to-date symlink: /home/daiki/ws_gnss/install/gnss_ros_standardization/include/gnss_ros_standardization/gnss_ros_standardization/msg/detail/gnss_solution__type_support.hpp
[8.327s] -- Up-to-date symlink: /home/daiki/ws_gnss/install/gnss_ros_standardization/include/gnss_ros_standardization/gnss_ros_standardization/msg/glonass_ephemeris.hpp
[8.327s] -- Up-to-date symlink: /home/daiki/ws_gnss/install/gnss_ros_standardization/include/gnss_ros_standardization/gnss_ros_standardization/msg/gnss_ephemerides.hpp
[8.327s] -- Up-to-date symlink: /home/daiki/ws_gnss/install/gnss_ros_standardization/include/gnss_ros_standardization/gnss_ros_standardization/msg/gnss_ephemeris.hpp
[8.327s] -- Up-to-date symlink: /home/daiki/ws_gnss/install/gnss_ros_standardization/include/gnss_ros_standardization/gnss_ros_standardization/msg/gnss_observation.hpp
[8.327s] -- Up-to-date symlink: /home/daiki/ws_gnss/install/gnss_ros_standardization/include/gnss_ros_standardization/gnss_ros_standardization/msg/gnss_observations.hpp
[8.327s] -- Up-to-date symlink: /home/daiki/ws_gnss/install/gnss_ros_standardization/include/gnss_ros_standardization/gnss_ros_standardization/msg/gnss_solution.hpp
[8.327s] -- Up-to-date symlink: /home/daiki/ws_gnss/install/gnss_ros_standardization/include/gnss_ros_standardization/gnss_ros_standardization/msg/rosidl_generator_cpp__visibility_control.hpp
[8.328s] -- Up-to-date symlink: /home/daiki/ws_gnss/install/gnss_ros_standardization/include/gnss_ros_standardization/gnss_ros_standardization/msg/detail/glonass_ephemeris__rosidl_typesupport_fastrtps_cpp.hpp
[8.328s] -- Up-to-date symlink: /home/daiki/ws_gnss/install/gnss_ros_standardization/include/gnss_ros_standardization/gnss_ros_standardization/msg/detail/gnss_ephemerides__rosidl_typesupport_fastrtps_cpp.hpp
[8.328s] -- Up-to-date symlink: /home/daiki/ws_gnss/install/gnss_ros_standardization/include/gnss_ros_standardization/gnss_ros_standardization/msg/detail/gnss_ephemeris__rosidl_typesupport_fastrtps_cpp.hpp
[8.328s] -- Up-to-date symlink: /home/daiki/ws_gnss/install/gnss_ros_standardization/include/gnss_ros_standardization/gnss_ros_standardization/msg/detail/gnss_observation__rosidl_typesupport_fastrtps_cpp.hpp
[8.328s] -- Up-to-date symlink: /home/daiki/ws_gnss/install/gnss_ros_standardization/include/gnss_ros_standardization/gnss_ros_standardization/msg/detail/gnss_observations__rosidl_typesupport_fastrtps_cpp.hpp
[8.328s] -- Up-to-date symlink: /home/daiki/ws_gnss/install/gnss_ros_standardization/include/gnss_ros_standardization/gnss_ros_standardization/msg/detail/gnss_solution__rosidl_typesupport_fastrtps_cpp.hpp
[8.328s] -- Up-to-date symlink: /home/daiki/ws_gnss/install/gnss_ros_standardization/include/gnss_ros_standardization/gnss_ros_standardization/msg/rosidl_typesupport_fastrtps_cpp__visibility_control.h
[8.328s] -- Up-to-date symlink: /home/daiki/ws_gnss/install/gnss_ros_standardization/include/gnss_ros_standardization/gnss_ros_standardization/msg/detail/glonass_ephemeris__rosidl_typesupport_introspection_cpp.hpp
[8.328s] -- Up-to-date symlink: /home/daiki/ws_gnss/install/gnss_ros_standardization/include/gnss_ros_standardization/gnss_ros_standardization/msg/detail/gnss_ephemerides__rosidl_typesupport_introspection_cpp.hpp
[8.328s] -- Up-to-date symlink: /home/daiki/ws_gnss/install/gnss_ros_standardization/include/gnss_ros_standardization/gnss_ros_standardization/msg/detail/gnss_ephemeris__rosidl_typesupport_introspection_cpp.hpp
[8.328s] -- Up-to-date symlink: /home/daiki/ws_gnss/install/gnss_ros_standardization/include/gnss_ros_standardization/gnss_ros_standardization/msg/detail/gnss_observation__rosidl_typesupport_introspection_cpp.hpp
[8.328s] -- Up-to-date symlink: /home/daiki/ws_gnss/install/gnss_ros_standardization/include/gnss_ros_standardization/gnss_ros_standardization/msg/detail/gnss_observations__rosidl_typesupport_introspection_cpp.hpp
[8.328s] -- Up-to-date symlink: /home/daiki/ws_gnss/install/gnss_ros_standardization/include/gnss_ros_standardization/gnss_ros_standardization/msg/detail/gnss_solution__rosidl_typesupport_introspection_cpp.hpp
[8.328s] -- Up-to-date symlink: /home/daiki/ws_gnss/install/gnss_ros_standardization/share/gnss_ros_standardization/environment/pythonpath.sh
[8.328s] -- Up-to-date symlink: /home/daiki/ws_gnss/install/gnss_ros_standardization/share/gnss_ros_standardization/environment/pythonpath.dsv
[8.328s] -- Up-to-date symlink: /home/daiki/ws_gnss/install/gnss_ros_standardization/local/lib/python3.10/dist-packages/gnss_ros_standardization-0.1.0-py3.10.egg-info/PKG-INFO
[8.328s] -- Up-to-date symlink: /home/daiki/ws_gnss/install/gnss_ros_standardization/local/lib/python3.10/dist-packages/gnss_ros_standardization-0.1.0-py3.10.egg-info/SOURCES.txt
[8.328s] -- Up-to-date symlink: /home/daiki/ws_gnss/install/gnss_ros_standardization/local/lib/python3.10/dist-packages/gnss_ros_standardization-0.1.0-py3.10.egg-info/dependency_links.txt
[8.328s] -- Up-to-date symlink: /home/daiki/ws_gnss/install/gnss_ros_standardization/local/lib/python3.10/dist-packages/gnss_ros_standardization-0.1.0-py3.10.egg-info/top_level.txt
[8.329s] -- Up-to-date symlink: /home/daiki/ws_gnss/install/gnss_ros_standardization/local/lib/python3.10/dist-packages/gnss_ros_standardization/__init__.py
[8.329s] -- Up-to-date symlink: /home/daiki/ws_gnss/install/gnss_ros_standardization/local/lib/python3.10/dist-packages/gnss_ros_standardization/_gnss_ros_standardization_s.ep.rosidl_typesupport_c.c
[8.329s] -- Up-to-date symlink: /home/daiki/ws_gnss/install/gnss_ros_standardization/local/lib/python3.10/dist-packages/gnss_ros_standardization/_gnss_ros_standardization_s.ep.rosidl_typesupport_fastrtps_c.c
[8.329s] -- Up-to-date symlink: /home/daiki/ws_gnss/install/gnss_ros_standardization/local/lib/python3.10/dist-packages/gnss_ros_standardization/_gnss_ros_standardization_s.ep.rosidl_typesupport_introspection_c.c
[8.329s] -- Up-to-date symlink: /home/daiki/ws_gnss/install/gnss_ros_standardization/local/lib/python3.10/dist-packages/gnss_ros_standardization/gnss_ros_standardization_s__rosidl_typesupport_c.cpython-310-x86_64-linux-gnu.so
[8.329s] -- Up-to-date symlink: /home/daiki/ws_gnss/install/gnss_ros_standardization/local/lib/python3.10/dist-packages/gnss_ros_standardization/gnss_ros_standardization_s__rosidl_typesupport_fastrtps_c.cpython-310-x86_64-linux-gnu.so
[8.329s] -- Up-to-date symlink: /home/daiki/ws_gnss/install/gnss_ros_standardization/local/lib/python3.10/dist-packages/gnss_ros_standardization/gnss_ros_standardization_s__rosidl_typesupport_introspection_c.cpython-310-x86_64-linux-gnu.so
[8.329s] -- Up-to-date symlink: /home/daiki/ws_gnss/install/gnss_ros_standardization/local/lib/python3.10/dist-packages/gnss_ros_standardization/libgnss_ros_standardization__rosidl_generator_py.so
[8.329s] -- Up-to-date symlink: /home/daiki/ws_gnss/install/gnss_ros_standardization/local/lib/python3.10/dist-packages/gnss_ros_standardization/msg/__init__.py
[8.329s] -- Up-to-date symlink: /home/daiki/ws_gnss/install/gnss_ros_standardization/local/lib/python3.10/dist-packages/gnss_ros_standardization/msg/_glonass_ephemeris.py
[8.329s] -- Up-to-date symlink: /home/daiki/ws_gnss/install/gnss_ros_standardization/local/lib/python3.10/dist-packages/gnss_ros_standardization/msg/_glonass_ephemeris_s.c
[8.329s] -- Up-to-date symlink: /home/daiki/ws_gnss/install/gnss_ros_standardization/local/lib/python3.10/dist-packages/gnss_ros_standardization/msg/_gnss_ephemerides.py
[8.329s] -- Up-to-date symlink: /home/daiki/ws_gnss/install/gnss_ros_standardization/local/lib/python3.10/dist-packages/gnss_ros_standardization/msg/_gnss_ephemerides_s.c
[8.329s] -- Up-to-date symlink: /home/daiki/ws_gnss/install/gnss_ros_standardization/local/lib/python3.10/dist-packages/gnss_ros_standardization/msg/_gnss_ephemeris.py
[8.329s] -- Up-to-date symlink: /home/daiki/ws_gnss/install/gnss_ros_standardization/local/lib/python3.10/dist-packages/gnss_ros_standardization/msg/_gnss_ephemeris_s.c
[8.329s] -- Up-to-date symlink: /home/daiki/ws_gnss/install/gnss_ros_standardization/local/lib/python3.10/dist-packages/gnss_ros_standardization/msg/_gnss_observation.py
[8.329s] -- Up-to-date symlink: /home/daiki/ws_gnss/install/gnss_ros_standardization/local/lib/python3.10/dist-packages/gnss_ros_standardization/msg/_gnss_observation_s.c
[8.329s] -- Up-to-date symlink: /home/daiki/ws_gnss/install/gnss_ros_standardization/local/lib/python3.10/dist-packages/gnss_ros_standardization/msg/_gnss_observations.py
[8.329s] -- Up-to-date symlink: /home/daiki/ws_gnss/install/gnss_ros_standardization/local/lib/python3.10/dist-packages/gnss_ros_standardization/msg/_gnss_observations_s.c
[8.329s] -- Up-to-date symlink: /home/daiki/ws_gnss/install/gnss_ros_standardization/local/lib/python3.10/dist-packages/gnss_ros_standardization/msg/_gnss_solution.py
[8.329s] -- Up-to-date symlink: /home/daiki/ws_gnss/install/gnss_ros_standardization/local/lib/python3.10/dist-packages/gnss_ros_standardization/msg/_gnss_solution_s.c
[8.329s] -- Up-to-date symlink: /home/daiki/ws_gnss/install/gnss_ros_standardization/local/lib/python3.10/dist-packages/gnss_ros_standardization/gnss_ros_standardization_s__rosidl_typesupport_fastrtps_c.cpython-310-x86_64-linux-gnu.so
[8.330s] -- Up-to-date symlink: /home/daiki/ws_gnss/install/gnss_ros_standardization/local/lib/python3.10/dist-packages/gnss_ros_standardization/gnss_ros_standardization_s__rosidl_typesupport_introspection_c.cpython-310-x86_64-linux-gnu.so
[8.330s] -- Up-to-date symlink: /home/daiki/ws_gnss/install/gnss_ros_standardization/local/lib/python3.10/dist-packages/gnss_ros_standardization/gnss_ros_standardization_s__rosidl_typesupport_c.cpython-310-x86_64-linux-gnu.so
[8.330s] -- Up-to-date symlink: /home/daiki/ws_gnss/install/gnss_ros_standardization/share/gnss_ros_standardization/msg/GnssObservation.idl
[8.330s] -- Up-to-date symlink: /home/daiki/ws_gnss/install/gnss_ros_standardization/share/gnss_ros_standardization/msg/GnssObservations.idl
[8.330s] -- Up-to-date symlink: /home/daiki/ws_gnss/install/gnss_ros_standardization/share/gnss_ros_standardization/msg/GnssEphemeris.idl
[8.330s] -- Up-to-date symlink: /home/daiki/ws_gnss/install/gnss_ros_standardization/share/gnss_ros_standardization/msg/GlonassEphemeris.idl
[8.330s] -- Up-to-date symlink: /home/daiki/ws_gnss/install/gnss_ros_standardization/share/gnss_ros_standardization/msg/GnssEphemerides.idl
[8.330s] -- Up-to-date symlink: /home/daiki/ws_gnss/install/gnss_ros_standardization/share/gnss_ros_standardization/msg/GnssSolution.idl
[8.330s] -- Up-to-date symlink: /home/daiki/ws_gnss/install/gnss_ros_standardization/share/gnss_ros_standardization/msg/GnssObservation.msg
[8.330s] -- Up-to-date symlink: /home/daiki/ws_gnss/install/gnss_ros_standardization/share/gnss_ros_standardization/msg/GnssObservations.msg
[8.330s] -- Up-to-date symlink: /home/daiki/ws_gnss/install/gnss_ros_standardization/share/gnss_ros_standardization/msg/GnssEphemeris.msg
[8.330s] -- Up-to-date symlink: /home/daiki/ws_gnss/install/gnss_ros_standardization/share/gnss_ros_standardization/msg/GlonassEphemeris.msg
[8.330s] -- Up-to-date symlink: /home/daiki/ws_gnss/install/gnss_ros_standardization/share/gnss_ros_standardization/msg/GnssEphemerides.msg
[8.330s] -- Up-to-date symlink: /home/daiki/ws_gnss/install/gnss_ros_standardization/share/gnss_ros_standardization/msg/GnssSolution.msg
[8.330s] -- Up-to-date symlink: /home/daiki/ws_gnss/install/gnss_ros_standardization/lib/libgnss_utils.so
[8.330s] -- Up-to-date symlink: /home/daiki/ws_gnss/install/gnss_ros_standardization/lib/gnss_ros_standardization/rtcm_decoder_node
[8.330s] -- Up-to-date symlink: /home/daiki/ws_gnss/install/gnss_ros_standardization/lib/gnss_ros_standardization/ubx_decoder_node
[8.330s] -- Up-to-date symlink: /home/daiki/ws_gnss/install/gnss_ros_standardization/lib/gnss_ros_standardization/ubx_driver_node
[8.331s] -- Up-to-date symlink: /home/daiki/ws_gnss/install/gnss_ros_standardization/lib/gnss_ros_standardization/sbf_decoder_node
[8.331s] -- Up-to-date symlink: /home/daiki/ws_gnss/install/gnss_ros_standardization/lib/gnss_ros_standardization/sbf_driver_node
[8.331s] -- Up-to-date symlink: /home/daiki/ws_gnss/install/gnss_ros_standardization/lib/gnss_ros_standardization/novatel_decoder_node
[8.331s] -- Up-to-date symlink: /home/daiki/ws_gnss/install/gnss_ros_standardization/lib/gnss_ros_standardization/novatel_driver_node
[8.331s] -- Up-to-date symlink: /home/daiki/ws_gnss/install/gnss_ros_standardization/lib/gnss_ros_standardization/rosbag_to_rinex
[8.331s] -- Up-to-date symlink: /home/daiki/ws_gnss/install/gnss_ros_standardization/lib/gnss_ros_standardization/rinex_to_rosbag
[8.331s] -- Up-to-date symlink: /home/daiki/ws_gnss/install/gnss_ros_standardization/lib/gnss_ros_standardization/single_point_positioning
[8.331s] -- Up-to-date symlink: /home/daiki/ws_gnss/install/gnss_ros_standardization/lib/gnss_ros_standardization/real_time_kinematic
[8.331s] -- Up-to-date symlink: /home/daiki/ws_gnss/install/gnss_ros_standardization/share/ament_index/resource_index/package_run_dependencies/gnss_ros_standardization
[8.331s] -- Up-to-date symlink: /home/daiki/ws_gnss/install/gnss_ros_standardization/share/ament_index/resource_index/parent_prefix_path/gnss_ros_standardization
[8.331s] -- Up-to-date symlink: /home/daiki/ws_gnss/install/gnss_ros_standardization/share/gnss_ros_standardization/environment/ament_prefix_path.sh
[8.331s] -- Up-to-date symlink: /home/daiki/ws_gnss/install/gnss_ros_standardization/share/gnss_ros_standardization/environment/ament_prefix_path.dsv
[8.331s] -- Up-to-date symlink: /home/daiki/ws_gnss/install/gnss_ros_standardization/share/gnss_ros_standardization/environment/path.sh
[8.331s] -- Up-to-date symlink: /home/daiki/ws_gnss/install/gnss_ros_standardization/share/gnss_ros_standardization/environment/path.dsv
[8.331s] -- Up-to-date symlink: /home/daiki/ws_gnss/install/gnss_ros_standardization/share/gnss_ros_standardization/local_setup.bash
[8.332s] -- Up-to-date symlink: /home/daiki/ws_gnss/install/gnss_ros_standardization/share/gnss_ros_standardization/local_setup.sh
[8.332s] -- Up-to-date symlink: /home/daiki/ws_gnss/install/gnss_ros_standardization/share/gnss_ros_standardization/local_setup.zsh
[8.332s] -- Up-to-date symlink: /home/daiki/ws_gnss/install/gnss_ros_standardization/share/gnss_ros_standardization/local_setup.dsv
[8.332s] -- Symlinking: /home/daiki/ws_gnss/install/gnss_ros_standardization/share/gnss_ros_standardization/package.dsv
[8.335s] -- Up-to-date symlink: /home/daiki/ws_gnss/install/gnss_ros_standardization/share/ament_index/resource_index/packages/gnss_ros_standardization
[8.335s] -- Up-to-date symlink: /home/daiki/ws_gnss/install/gnss_ros_standardization/share/gnss_ros_standardization/cmake/rosidl_cmake-extras.cmake
[8.335s] -- Up-to-date symlink: /home/daiki/ws_gnss/install/gnss_ros_standardization/share/gnss_ros_standardization/cmake/ament_cmake_export_dependencies-extras.cmake
[8.335s] -- Up-to-date symlink: /home/daiki/ws_gnss/install/gnss_ros_standardization/share/gnss_ros_standardization/cmake/ament_cmake_export_include_directories-extras.cmake
[8.335s] -- Up-to-date symlink: /home/daiki/ws_gnss/install/gnss_ros_standardization/share/gnss_ros_standardization/cmake/ament_cmake_export_libraries-extras.cmake
[8.335s] -- Up-to-date symlink: /home/daiki/ws_gnss/install/gnss_ros_standardization/share/gnss_ros_standardization/cmake/ament_cmake_export_targets-extras.cmake
[8.335s] -- Up-to-date symlink: /home/daiki/ws_gnss/install/gnss_ros_standardization/share/gnss_ros_standardization/cmake/rosidl_cmake_export_typesupport_targets-extras.cmake
[8.336s] -- Up-to-date symlink: /home/daiki/ws_gnss/install/gnss_ros_standardization/share/gnss_ros_standardization/cmake/rosidl_cmake_export_typesupport_libraries-extras.cmake
[8.336s] -- Up-to-date symlink: /home/daiki/ws_gnss/install/gnss_ros_standardization/share/gnss_ros_standardization/cmake/gnss_ros_standardizationConfig.cmake
[8.336s] -- Up-to-date symlink: /home/daiki/ws_gnss/install/gnss_ros_standardization/share/gnss_ros_standardization/cmake/gnss_ros_standardizationConfig-version.cmake
[8.336s] -- Up-to-date symlink: /home/daiki/ws_gnss/install/gnss_ros_standardization/share/gnss_ros_standardization/package.xml
[8.336s] -- Up-to-date symlink: /home/daiki/ws_gnss/install/gnss_ros_standardization/lib/gnss_ros_standardization/gnss_visualizer
[8.336s] -- Up-to-date: /home/daiki/ws_gnss/install/gnss_ros_standardization/lib/libgnss_ros_standardization__rosidl_generator_c.so
[8.336s] -- Up-to-date: /home/daiki/ws_gnss/install/gnss_ros_standardization/lib/libgnss_ros_standardization__rosidl_typesupport_fastrtps_c.so
[8.336s] -- Up-to-date: /home/daiki/ws_gnss/install/gnss_ros_standardization/lib/libgnss_ros_standardization__rosidl_typesupport_introspection_c.so
[8.336s] -- Up-to-date: /home/daiki/ws_gnss/install/gnss_ros_standardization/lib/libgnss_ros_standardization__rosidl_typesupport_c.so
[8.336s] -- Up-to-date: /home/daiki/ws_gnss/install/gnss_ros_standardization/lib/libgnss_ros_standardization__rosidl_typesupport_fastrtps_cpp.so
[8.336s] -- Up-to-date: /home/daiki/ws_gnss/install/gnss_ros_standardization/lib/libgnss_ros_standardization__rosidl_typesupport_introspection_cpp.so
[8.336s] -- Up-to-date: /home/daiki/ws_gnss/install/gnss_ros_standardization/lib/libgnss_ros_standardization__rosidl_typesupport_cpp.so
[8.355s] Listing '/home/daiki/ws_gnss/install/gnss_ros_standardization/local/lib/python3.10/dist-packages/gnss_ros_standardization'...
[8.355s] Compiling '/home/daiki/ws_gnss/install/gnss_ros_standardization/local/lib/python3.10/dist-packages/gnss_ros_standardization/__init__.py'...
[8.355s] Listing '/home/daiki/ws_gnss/install/gnss_ros_standardization/local/lib/python3.10/dist-packages/gnss_ros_standardization/msg'...
[8.357s] -- Up-to-date: /home/daiki/ws_gnss/install/gnss_ros_standardization/lib/libgnss_ros_standardization__rosidl_generator_py.so
[8.357s] -- Up-to-date: /home/daiki/ws_gnss/install/gnss_ros_standardization/share/gnss_ros_standardization/cmake/export_gnss_ros_standardization__rosidl_generator_cExport.cmake
[8.357s] -- Up-to-date: /home/daiki/ws_gnss/install/gnss_ros_standardization/share/gnss_ros_standardization/cmake/export_gnss_ros_standardization__rosidl_generator_cExport-noconfig.cmake
[8.357s] -- Up-to-date: /home/daiki/ws_gnss/install/gnss_ros_standardization/share/gnss_ros_standardization/cmake/export_gnss_ros_standardization__rosidl_typesupport_fastrtps_cExport.cmake
[8.357s] -- Up-to-date: /home/daiki/ws_gnss/install/gnss_ros_standardization/share/gnss_ros_standardization/cmake/export_gnss_ros_standardization__rosidl_typesupport_fastrtps_cExport-noconfig.cmake
[8.357s] -- Up-to-date: /home/daiki/ws_gnss/install/gnss_ros_standardization/share/gnss_ros_standardization/cmake/gnss_ros_standardization__rosidl_typesupport_introspection_cExport.cmake
[8.357s] -- Up-to-date: /home/daiki/ws_gnss/install/gnss_ros_standardization/share/gnss_ros_standardization/cmake/gnss_ros_standardization__rosidl_typesupport_introspection_cExport-noconfig.cmake
[8.357s] -- Up-to-date: /home/daiki/ws_gnss/install/gnss_ros_standardization/share/gnss_ros_standardization/cmake/gnss_ros_standardization__rosidl_typesupport_cExport.cmake
[8.357s] -- Up-to-date: /home/daiki/ws_gnss/install/gnss_ros_standardization/share/gnss_ros_standardization/cmake/gnss_ros_standardization__rosidl_typesupport_cExport-noconfig.cmake
[8.357s] -- Up-to-date: /home/daiki/ws_gnss/install/gnss_ros_standardization/share/gnss_ros_standardization/cmake/export_gnss_ros_standardization__rosidl_generator_cppExport.cmake
[8.357s] -- Up-to-date: /home/daiki/ws_gnss/install/gnss_ros_standardization/share/gnss_ros_standardization/cmake/export_gnss_ros_standardization__rosidl_typesupport_fastrtps_cppExport.cmake
[8.357s] -- Up-to-date: /home/daiki/ws_gnss/install/gnss_ros_standardization/share/gnss_ros_standardization/cmake/export_gnss_ros_standardization__rosidl_typesupport_fastrtps_cppExport-noconfig.cmake
[8.357s] -- Up-to-date: /home/daiki/ws_gnss/install/gnss_ros_standardization/share/gnss_ros_standardization/cmake/gnss_ros_standardization__rosidl_typesupport_introspection_cppExport.cmake
[8.357s] -- Up-to-date: /home/daiki/ws_gnss/install/gnss_ros_standardization/share/gnss_ros_standardization/cmake/gnss_ros_standardization__rosidl_typesupport_introspection_cppExport-noconfig.cmake
[8.357s] -- Up-to-date: /home/daiki/ws_gnss/install/gnss_ros_standardization/share/gnss_ros_standardization/cmake/gnss_ros_standardization__rosidl_typesupport_cppExport.cmake
[8.357s] -- Up-to-date: /home/daiki/ws_gnss/install/gnss_ros_standardization/share/gnss_ros_standardization/cmake/gnss_ros_standardization__rosidl_typesupport_cppExport-noconfig.cmake
[8.357s] -- Up-to-date: /home/daiki/ws_gnss/install/gnss_ros_standardization/share/gnss_ros_standardization/cmake/export_gnss_ros_standardization__rosidl_generator_pyExport.cmake
[8.357s] -- Up-to-date: /home/daiki/ws_gnss/install/gnss_ros_standardization/share/gnss_ros_standardization/cmake/export_gnss_ros_standardization__rosidl_generator_pyExport-noconfig.cmake
[8.358s] Invoked command in '/home/daiki/ws_gnss/build/gnss_ros_standardization' returned '0': CMAKE_PREFIX_PATH=/opt/ros/humble /usr/bin/cmake --install /home/daiki/ws_gnss/build/gnss_ros_standardization
