[0.046s] DEBUG:colcon:Command line arguments: ['/usr/bin/colcon', 'build', '--packages-select', 'gnss_ros_standardization', '--build-base', '/home/daiki/ws_gnss/build', '--install-base', '/home/daiki/ws_gnss/install']
[0.047s] DEBUG:colcon:Parsed command line arguments: Namespace(log_base=None, log_level=None, verb_name='build', build_base='/home/daiki/ws_gnss/build', install_base='/home/daiki/ws_gnss/install', merge_install=False, symlink_install=False, test_result_base=None, continue_on_error=False, executor='parallel', parallel_workers=28, event_handlers=None, ignore_user_meta=False, metas=['./colcon.meta'], base_paths=['.'], packages_ignore=None, packages_ignore_regex=None, paths=None, packages_up_to=None, packages_up_to_regex=None, packages_above=None, packages_above_and_dependencies=None, packages_above_depth=None, packages_select_by_dep=None, packages_skip_by_dep=None, packages_skip_up_to=None, packages_select_build_failed=False, packages_skip_build_finished=False, packages_select_test_failures=False, packages_skip_test_passed=False, packages_select=['gnss_ros_standardization'], packages_skip=None, packages_select_regex=None, packages_skip_regex=None, packages_start=None, packages_end=None, allow_overriding=[], cmake_args=None, cmake_target=None, cmake_target_skip_unavailable=False, cmake_clean_cache=False, cmake_clean_first=False, cmake_force_configure=False, ament_cmake_args=None, catkin_cmake_args=None, catkin_skip_building_tests=False, mixin_files=None, mixin=None, verb_parser=<colcon_mixin.mixin.mixin_argument.MixinArgumentDecorator object at 0x7c9b89a23820>, verb_extension=<colcon_core.verb.build.BuildVerb object at 0x7c9b89a23370>, main=<bound method BuildVerb.main of <colcon_core.verb.build.BuildVerb object at 0x7c9b89a23370>>, mixin_verb=('build',))
[0.105s] Level 1:colcon.colcon_core.package_discovery:discover_packages(colcon_meta) check parameters
[0.105s] Level 1:colcon.colcon_core.package_discovery:discover_packages(recursive) check parameters
[0.105s] Level 1:colcon.colcon_core.package_discovery:discover_packages(ignore) check parameters
[0.105s] Level 1:colcon.colcon_core.package_discovery:discover_packages(path) check parameters
[0.105s] Level 1:colcon.colcon_core.package_discovery:discover_packages(colcon_meta) discover
[0.105s] Level 1:colcon.colcon_core.package_discovery:discover_packages(recursive) discover
[0.105s] INFO:colcon.colcon_core.package_discovery:Crawling recursively for packages in '/home/daiki/ws_gnss/src/gnss_ros_standardization'
[0.105s] Level 1:colcon.colcon_core.package_identification:_identify(.) by extensions ['ignore', 'ignore_ament_install']
[0.105s] Level 1:colcon.colcon_core.package_identification:_identify(.) by extension 'ignore'
[0.105s] Level 1:colcon.colcon_core.package_identification:_identify(.) by extension 'ignore_ament_install'
[0.105s] Level 1:colcon.colcon_core.package_identification:_identify(.) by extensions ['colcon_pkg']
[0.105s] Level 1:colcon.colcon_core.package_identification:_identify(.) by extension 'colcon_pkg'
[0.106s] Level 1:colcon.colcon_core.package_identification:_identify(.) by extensions ['colcon_meta']
[0.106s] Level 1:colcon.colcon_core.package_identification:_identify(.) by extension 'colcon_meta'
[0.106s] Level 1:colcon.colcon_core.package_identification:_identify(.) by extensions ['ros']
[0.106s] Level 1:colcon.colcon_core.package_identification:_identify(.) by extension 'ros'
[0.121s] DEBUG:colcon.colcon_core.package_identification:Package '.' with type 'ros.ament_cmake' and name 'gnss_ros_standardization'
[0.121s] Level 1:colcon.colcon_core.package_discovery:discover_packages(recursive) using defaults
[0.121s] Level 1:colcon.colcon_core.package_discovery:discover_packages(ignore) discover
[0.121s] Level 1:colcon.colcon_core.package_discovery:discover_packages(ignore) using defaults
[0.121s] Level 1:colcon.colcon_core.package_discovery:discover_packages(path) discover
[0.121s] Level 1:colcon.colcon_core.package_discovery:discover_packages(path) using defaults
[0.133s] Level 1:colcon.colcon_core.package_discovery:discover_packages(prefix_path) check parameters
[0.133s] Level 1:colcon.colcon_core.package_discovery:discover_packages(prefix_path) discover
[0.134s] DEBUG:colcon.colcon_installed_package_information.package_discovery:Found 191 installed packages in /opt/ros/humble
[0.135s] Level 1:colcon.colcon_core.package_discovery:discover_packages(prefix_path) using defaults
[0.144s] Level 5:colcon.colcon_core.verb:set package 'gnss_ros_standardization' build argument 'cmake_args' from command line to 'None'
[0.145s] Level 5:colcon.colcon_core.verb:set package 'gnss_ros_standardization' build argument 'cmake_target' from command line to 'None'
[0.145s] Level 5:colcon.colcon_core.verb:set package 'gnss_ros_standardization' build argument 'cmake_target_skip_unavailable' from command line to 'False'
[0.145s] Level 5:colcon.colcon_core.verb:set package 'gnss_ros_standardization' build argument 'cmake_clean_cache' from command line to 'False'
[0.145s] Level 5:colcon.colcon_core.verb:set package 'gnss_ros_standardization' build argument 'cmake_clean_first' from command line to 'False'
[0.145s] Level 5:colcon.colcon_core.verb:set package 'gnss_ros_standardization' build argument 'cmake_force_configure' from command line to 'False'
[0.145s] Level 5:colcon.colcon_core.verb:set package 'gnss_ros_standardization' build argument 'ament_cmake_args' from command line to 'None'
[0.145s] Level 5:colcon.colcon_core.verb:set package 'gnss_ros_standardization' build argument 'catkin_cmake_args' from command line to 'None'
[0.145s] Level 5:colcon.colcon_core.verb:set package 'gnss_ros_standardization' build argument 'catkin_skip_building_tests' from command line to 'False'
[0.145s] DEBUG:colcon.colcon_core.verb:Building package 'gnss_ros_standardization' with the following arguments: {'ament_cmake_args': None, 'build_base': '/home/daiki/ws_gnss/build/gnss_ros_standardization', 'catkin_cmake_args': None, 'catkin_skip_building_tests': False, 'cmake_args': None, 'cmake_clean_cache': False, 'cmake_clean_first': False, 'cmake_force_configure': False, 'cmake_target': None, 'cmake_target_skip_unavailable': False, 'install_base': '/home/daiki/ws_gnss/install/gnss_ros_standardization', 'merge_install': False, 'path': '/home/daiki/ws_gnss/src/gnss_ros_standardization', 'symlink_install': False, 'test_result_base': None}
[0.145s] INFO:colcon.colcon_core.executor:Executing jobs using 'parallel' executor
[0.145s] DEBUG:colcon.colcon_parallel_executor.executor.parallel:run_until_complete
[0.145s] INFO:colcon.colcon_ros.task.ament_cmake.build:Building ROS package in '/home/daiki/ws_gnss/src/gnss_ros_standardization' with build type 'ament_cmake'
[0.145s] INFO:colcon.colcon_cmake.task.cmake.build:Building CMake package in '/home/daiki/ws_gnss/src/gnss_ros_standardization'
[0.146s] INFO:colcon.colcon_core.plugin_system:Skipping extension 'colcon_core.shell.bat': Not used on non-Windows systems
[0.146s] INFO:colcon.colcon_core.shell:Skip shell extension 'powershell' for command environment: Not usable outside of PowerShell
[0.146s] DEBUG:colcon.colcon_core.shell:Skip shell extension 'dsv' for command environment
[0.151s] DEBUG:colcon.colcon_core.event_handler.log_command:Invoking command in '/home/daiki/ws_gnss/build/gnss_ros_standardization': CMAKE_PREFIX_PATH=/opt/ros/humble /usr/bin/cmake --build /home/daiki/ws_gnss/build/gnss_ros_standardization -- -j28 -l28
[7.760s] DEBUG:colcon.colcon_core.event_handler.log_command:Invoked command in '/home/daiki/ws_gnss/build/gnss_ros_standardization' returned '0': CMAKE_PREFIX_PATH=/opt/ros/humble /usr/bin/cmake --build /home/daiki/ws_gnss/build/gnss_ros_standardization -- -j28 -l28
[7.766s] DEBUG:colcon.colcon_core.event_handler.log_command:Invoking command in '/home/daiki/ws_gnss/build/gnss_ros_standardization': CMAKE_PREFIX_PATH=/opt/ros/humble /usr/bin/cmake --install /home/daiki/ws_gnss/build/gnss_ros_standardization
[7.808s] Level 1:colcon.colcon_core.environment:create_environment_scripts_only(gnss_ros_standardization)
[7.808s] DEBUG:colcon.colcon_core.event_handler.log_command:Invoked command in '/home/daiki/ws_gnss/build/gnss_ros_standardization' returned '0': CMAKE_PREFIX_PATH=/opt/ros/humble /usr/bin/cmake --install /home/daiki/ws_gnss/build/gnss_ros_standardization
[7.810s] Level 1:colcon.colcon_core.environment:checking '/home/daiki/ws_gnss/install/gnss_ros_standardization' for CMake module files
[7.810s] Level 1:colcon.colcon_core.environment:checking '/home/daiki/ws_gnss/install/gnss_ros_standardization' for CMake config files
[7.811s] Level 1:colcon.colcon_core.shell:create_environment_hook('gnss_ros_standardization', 'cmake_prefix_path')
[7.811s] INFO:colcon.colcon_core.shell:Creating environment hook '/home/daiki/ws_gnss/install/gnss_ros_standardization/share/gnss_ros_standardization/hook/cmake_prefix_path.ps1'
[7.812s] INFO:colcon.colcon_core.shell:Creating environment descriptor '/home/daiki/ws_gnss/install/gnss_ros_standardization/share/gnss_ros_standardization/hook/cmake_prefix_path.dsv'
[7.812s] INFO:colcon.colcon_core.shell:Creating environment hook '/home/daiki/ws_gnss/install/gnss_ros_standardization/share/gnss_ros_standardization/hook/cmake_prefix_path.sh'
[7.813s] Level 1:colcon.colcon_core.environment:checking '/home/daiki/ws_gnss/install/gnss_ros_standardization/lib'
[7.813s] Level 1:colcon.colcon_core.shell:create_environment_hook('gnss_ros_standardization', 'ld_library_path_lib')
[7.813s] INFO:colcon.colcon_core.shell:Creating environment hook '/home/daiki/ws_gnss/install/gnss_ros_standardization/share/gnss_ros_standardization/hook/ld_library_path_lib.ps1'
[7.813s] INFO:colcon.colcon_core.shell:Creating environment descriptor '/home/daiki/ws_gnss/install/gnss_ros_standardization/share/gnss_ros_standardization/hook/ld_library_path_lib.dsv'
[7.813s] INFO:colcon.colcon_core.shell:Creating environment hook '/home/daiki/ws_gnss/install/gnss_ros_standardization/share/gnss_ros_standardization/hook/ld_library_path_lib.sh'
[7.814s] Level 1:colcon.colcon_core.environment:checking '/home/daiki/ws_gnss/install/gnss_ros_standardization/bin'
[7.814s] Level 1:colcon.colcon_core.environment:checking '/home/daiki/ws_gnss/install/gnss_ros_standardization/lib/pkgconfig/gnss_ros_standardization.pc'
[7.814s] Level 1:colcon.colcon_core.environment:checking '/home/daiki/ws_gnss/install/gnss_ros_standardization/lib/python3.10/site-packages'
[7.814s] Level 1:colcon.colcon_core.environment:checking '/home/daiki/ws_gnss/install/gnss_ros_standardization/bin'
[7.814s] INFO:colcon.colcon_core.shell:Creating package script '/home/daiki/ws_gnss/install/gnss_ros_standardization/share/gnss_ros_standardization/package.ps1'
[7.815s] INFO:colcon.colcon_core.shell:Creating package descriptor '/home/daiki/ws_gnss/install/gnss_ros_standardization/share/gnss_ros_standardization/package.dsv'
[7.815s] INFO:colcon.colcon_core.shell:Creating package script '/home/daiki/ws_gnss/install/gnss_ros_standardization/share/gnss_ros_standardization/package.sh'
[7.815s] INFO:colcon.colcon_core.shell:Creating package script '/home/daiki/ws_gnss/install/gnss_ros_standardization/share/gnss_ros_standardization/package.bash'
[7.816s] INFO:colcon.colcon_core.shell:Creating package script '/home/daiki/ws_gnss/install/gnss_ros_standardization/share/gnss_ros_standardization/package.zsh'
[7.816s] Level 1:colcon.colcon_core.environment:create_file_with_runtime_dependencies(/home/daiki/ws_gnss/install/gnss_ros_standardization/share/colcon-core/packages/gnss_ros_standardization)
[7.817s] Level 1:colcon.colcon_core.environment:create_environment_scripts_only(gnss_ros_standardization)
[7.817s] Level 1:colcon.colcon_core.environment:checking '/home/daiki/ws_gnss/install/gnss_ros_standardization' for CMake module files
[7.817s] Level 1:colcon.colcon_core.environment:checking '/home/daiki/ws_gnss/install/gnss_ros_standardization' for CMake config files
[7.817s] Level 1:colcon.colcon_core.shell:create_environment_hook('gnss_ros_standardization', 'cmake_prefix_path')
[7.818s] INFO:colcon.colcon_core.shell:Creating environment hook '/home/daiki/ws_gnss/install/gnss_ros_standardization/share/gnss_ros_standardization/hook/cmake_prefix_path.ps1'
[7.818s] INFO:colcon.colcon_core.shell:Creating environment descriptor '/home/daiki/ws_gnss/install/gnss_ros_standardization/share/gnss_ros_standardization/hook/cmake_prefix_path.dsv'
[7.818s] INFO:colcon.colcon_core.shell:Creating environment hook '/home/daiki/ws_gnss/install/gnss_ros_standardization/share/gnss_ros_standardization/hook/cmake_prefix_path.sh'
[7.819s] Level 1:colcon.colcon_core.environment:checking '/home/daiki/ws_gnss/install/gnss_ros_standardization/lib'
[7.819s] Level 1:colcon.colcon_core.shell:create_environment_hook('gnss_ros_standardization', 'ld_library_path_lib')
[7.819s] INFO:colcon.colcon_core.shell:Creating environment hook '/home/daiki/ws_gnss/install/gnss_ros_standardization/share/gnss_ros_standardization/hook/ld_library_path_lib.ps1'
[7.819s] INFO:colcon.colcon_core.shell:Creating environment descriptor '/home/daiki/ws_gnss/install/gnss_ros_standardization/share/gnss_ros_standardization/hook/ld_library_path_lib.dsv'
[7.819s] INFO:colcon.colcon_core.shell:Creating environment hook '/home/daiki/ws_gnss/install/gnss_ros_standardization/share/gnss_ros_standardization/hook/ld_library_path_lib.sh'
[7.820s] Level 1:colcon.colcon_core.environment:checking '/home/daiki/ws_gnss/install/gnss_ros_standardization/bin'
[7.820s] Level 1:colcon.colcon_core.environment:checking '/home/daiki/ws_gnss/install/gnss_ros_standardization/lib/pkgconfig/gnss_ros_standardization.pc'
[7.820s] Level 1:colcon.colcon_core.environment:checking '/home/daiki/ws_gnss/install/gnss_ros_standardization/lib/python3.10/site-packages'
[7.820s] Level 1:colcon.colcon_core.environment:checking '/home/daiki/ws_gnss/install/gnss_ros_standardization/bin'
[7.820s] INFO:colcon.colcon_core.shell:Creating package script '/home/daiki/ws_gnss/install/gnss_ros_standardization/share/gnss_ros_standardization/package.ps1'
[7.821s] INFO:colcon.colcon_core.shell:Creating package descriptor '/home/daiki/ws_gnss/install/gnss_ros_standardization/share/gnss_ros_standardization/package.dsv'
[7.821s] INFO:colcon.colcon_core.shell:Creating package script '/home/daiki/ws_gnss/install/gnss_ros_standardization/share/gnss_ros_standardization/package.sh'
[7.822s] INFO:colcon.colcon_core.shell:Creating package script '/home/daiki/ws_gnss/install/gnss_ros_standardization/share/gnss_ros_standardization/package.bash'
[7.822s] INFO:colcon.colcon_core.shell:Creating package script '/home/daiki/ws_gnss/install/gnss_ros_standardization/share/gnss_ros_standardization/package.zsh'
[7.822s] Level 1:colcon.colcon_core.environment:create_file_with_runtime_dependencies(/home/daiki/ws_gnss/install/gnss_ros_standardization/share/colcon-core/packages/gnss_ros_standardization)
[7.822s] DEBUG:colcon.colcon_parallel_executor.executor.parallel:closing loop
[7.823s] DEBUG:colcon.colcon_parallel_executor.executor.parallel:loop closed
[7.823s] DEBUG:colcon.colcon_parallel_executor.executor.parallel:run_until_complete finished with '0'
[7.823s] DEBUG:colcon.colcon_core.event_reactor:joining thread
[7.827s] INFO:colcon.colcon_core.plugin_system:Skipping extension 'colcon_notification.desktop_notification.terminal_notifier': Not used on non-Darwin systems
[7.827s] INFO:colcon.colcon_core.plugin_system:Skipping extension 'colcon_notification.desktop_notification.win32': Not used on non-Windows systems
[7.828s] INFO:colcon.colcon_notification.desktop_notification:Sending desktop notification using 'notify2'
[7.838s] DEBUG:colcon.colcon_core.event_reactor:joined thread
[7.838s] INFO:colcon.colcon_core.shell:Creating prefix script '/home/daiki/ws_gnss/install/local_setup.ps1'
[7.839s] INFO:colcon.colcon_core.shell:Creating prefix util module '/home/daiki/ws_gnss/install/_local_setup_util_ps1.py'
[7.840s] INFO:colcon.colcon_core.shell:Creating prefix chain script '/home/daiki/ws_gnss/install/setup.ps1'
[7.841s] INFO:colcon.colcon_core.shell:Creating prefix script '/home/daiki/ws_gnss/install/local_setup.sh'
[7.842s] INFO:colcon.colcon_core.shell:Creating prefix util module '/home/daiki/ws_gnss/install/_local_setup_util_sh.py'
[7.843s] INFO:colcon.colcon_core.shell:Creating prefix chain script '/home/daiki/ws_gnss/install/setup.sh'
[7.844s] INFO:colcon.colcon_core.shell:Creating prefix script '/home/daiki/ws_gnss/install/local_setup.bash'
[7.844s] INFO:colcon.colcon_core.shell:Creating prefix chain script '/home/daiki/ws_gnss/install/setup.bash'
[7.845s] INFO:colcon.colcon_core.shell:Creating prefix script '/home/daiki/ws_gnss/install/local_setup.zsh'
[7.846s] INFO:colcon.colcon_core.shell:Creating prefix chain script '/home/daiki/ws_gnss/install/setup.zsh'
