[  0%] Built target gnss_ros_standardization__cpp
[  6%] Built target gnss_ros_standardization__rosidl_generator_c
[  6%] Built target ament_cmake_python_symlink_gnss_ros_standardization
[ 33%] Built target rtkcore_lib
[ 38%] Built target gnss_ros_standardization__rosidl_typesupport_introspection_cpp
[ 45%] Built target gnss_ros_standardization__rosidl_typesupport_c
[ 50%] Built target gnss_ros_standardization__rosidl_typesupport_cpp
[ 56%] Built target gnss_ros_standardization__rosidl_typesupport_fastrtps_cpp
[ 62%] Built target gnss_ros_standardization__rosidl_typesupport_introspection_c
[ 68%] Built target gnss_ros_standardization__rosidl_typesupport_fastrtps_c
[ 70%] Built target gnss_utils
[ 70%] Built target gnss_ros_standardization
[ 72%] Built target ubx_decoder_node
[ 72%] Built target sbf_decoder_node
[ 74%] Built target ubx_driver_node
[ 75%] Built target rtcm_decoder_node
[ 76%] Built target novatel_driver_node
[ 78%] Built target sbf_driver_node
[ 79%] Built target gnss_visualizer
[ 79%] Building CXX object CMakeFiles/simple_gnss_visualizer.dir/src/utils/simple_gnss_visualizer.cpp.o
[ 81%] Built target real_time_kinematic
[ 82%] Built target rinex_to_rosbag
[ 83%] Built target gnss_ros_standardization__py
[ 85%] Built target novatel_decoder_node
[ 87%] Built target single_point_positioning
[ 89%] Built target rosbag_to_rinex
[ 94%] Built target gnss_ros_standardization__rosidl_generator_py
[ 95%] Built target gnss_ros_standardization__rosidl_typesupport_fastrtps_c__pyext
[ 99%] Built target gnss_ros_standardization__rosidl_typesupport_introspection_c__pyext
[ 99%] Built target gnss_ros_standardization__rosidl_typesupport_c__pyext
running egg_info
writing gnss_ros_standardization.egg-info/PKG-INFO
writing dependency_links to gnss_ros_standardization.egg-info/dependency_links.txt
writing top-level names to gnss_ros_standardization.egg-info/top_level.txt
reading manifest file 'gnss_ros_standardization.egg-info/SOURCES.txt'
writing manifest file 'gnss_ros_standardization.egg-info/SOURCES.txt'
[ 99%] Built target ament_cmake_python_build_gnss_ros_standardization_egg
