[  0%] Built target gnss_ros_standardization__cpp
[  6%] Built target gnss_ros_standardization__rosidl_generator_c
[  6%] Built target ament_cmake_python_symlink_gnss_ros_standardization
[ 33%] Built target rtkcore_lib
[ 38%] Built target gnss_ros_standardization__rosidl_typesupport_introspection_cpp
[ 45%] Built target gnss_ros_standardization__rosidl_typesupport_c
[ 50%] Built target gnss_ros_standardization__rosidl_typesupport_cpp
[ 56%] Built target gnss_ros_standardization__rosidl_typesupport_fastrtps_cpp
[ 62%] Built target gnss_ros_standardization__rosidl_typesupport_introspection_c
[ 68%] Built target gnss_ros_standardization__rosidl_typesupport_fastrtps_c
[ 70%] Built target gnss_utils
[ 70%] Built target gnss_ros_standardization
[ 72%] Built target ubx_decoder_node
[ 72%] Built target sbf_decoder_node
[ 74%] Built target ubx_driver_node
[ 75%] Built target rtcm_decoder_node
[ 76%] Built target novatel_driver_node
[ 78%] Built target sbf_driver_node
[ 79%] Built target gnss_visualizer
[ 79%] Building CXX object CMakeFiles/simple_gnss_visualizer.dir/src/utils/simple_gnss_visualizer.cpp.o
[ 81%] Built target real_time_kinematic
[ 82%] Built target rinex_to_rosbag
[ 83%] Built target gnss_ros_standardization__py
[ 85%] Built target novatel_decoder_node
[ 87%] Built target single_point_positioning
[ 89%] Built target rosbag_to_rinex
[ 94%] Built target gnss_ros_standardization__rosidl_generator_py
[ 95%] Built target gnss_ros_standardization__rosidl_typesupport_fastrtps_c__pyext
[ 99%] Built target gnss_ros_standardization__rosidl_typesupport_introspection_c__pyext
[ 99%] Built target gnss_ros_standardization__rosidl_typesupport_c__pyext
running egg_info
writing gnss_ros_standardization.egg-info/PKG-INFO
writing dependency_links to gnss_ros_standardization.egg-info/dependency_links.txt
writing top-level names to gnss_ros_standardization.egg-info/top_level.txt
reading manifest file 'gnss_ros_standardization.egg-info/SOURCES.txt'
writing manifest file 'gnss_ros_standardization.egg-info/SOURCES.txt'
[ 99%] Built target ament_cmake_python_build_gnss_ros_standardization_egg
/home/daiki/ws_gnss/src/gnss_ros_standardization/src/utils/simple_gnss_visualizer.cpp: In static member function ‘static void gnss_visualizer::SimpleGnssVisualizer::onMouse(int, int, int, int, void*)’:
/home/daiki/ws_gnss/src/gnss_ros_standardization/src/utils/simple_gnss_visualizer.cpp:119:38: warning: unused parameter ‘x’ [-Wunused-parameter]
  119 |   static void onMouse(int event, int x, int y, int flags, void* userdata) {
      |                                  ~~~~^
/home/daiki/ws_gnss/src/gnss_ros_standardization/src/utils/simple_gnss_visualizer.cpp:119:45: warning: unused parameter ‘y’ [-Wunused-parameter]
  119 |   static void onMouse(int event, int x, int y, int flags, void* userdata) {
      |                                         ~~~~^
/home/daiki/ws_gnss/src/gnss_ros_standardization/src/utils/simple_gnss_visualizer.cpp: In member function ‘cv::Scalar gnss_visualizer::SimpleGnssVisualizer::statusColor(int)’:
/home/daiki/ws_gnss/src/gnss_ros_standardization/src/utils/simple_gnss_visualizer.cpp:137:12: error: ‘STATUS_FIX’ was not declared in this scope
  137 |       case STATUS_FIX:   return cv::Scalar(0, 200, 0);   // Green
      |            ^~~~~~~~~~
/home/daiki/ws_gnss/src/gnss_ros_standardization/src/utils/simple_gnss_visualizer.cpp:138:12: error: ‘STATUS_FLOAT’ was not declared in this scope
  138 |       case STATUS_FLOAT: return cv::Scalar(0, 200, 200); // Yellow
      |            ^~~~~~~~~~~~
/home/daiki/ws_gnss/src/gnss_ros_standardization/src/utils/simple_gnss_visualizer.cpp:139:12: error: ‘STATUS_SBAS’ was not declared in this scope
  139 |       case STATUS_SBAS:  return cv::Scalar(200, 50, 50); // Blue
      |            ^~~~~~~~~~~
/home/daiki/ws_gnss/src/gnss_ros_standardization/src/utils/simple_gnss_visualizer.cpp:140:12: error: ‘STATUS_DGPS’ was not declared in this scope
  140 |       case STATUS_DGPS:  return cv::Scalar(200, 50, 50); // Blue
      |            ^~~~~~~~~~~
/home/daiki/ws_gnss/src/gnss_ros_standardization/src/utils/simple_gnss_visualizer.cpp:141:12: error: ‘STATUS_PPP’ was not declared in this scope
  141 |       case STATUS_PPP:   return cv::Scalar(200, 200, 50);// Teal
      |            ^~~~~~~~~~
/home/daiki/ws_gnss/src/gnss_ros_standardization/src/utils/simple_gnss_visualizer.cpp: In member function ‘void gnss_visualizer::SimpleGnssVisualizer::renderStatus(cv::Mat&, cv::Rect)’:
/home/daiki/ws_gnss/src/gnss_ros_standardization/src/utils/simple_gnss_visualizer.cpp:182:68: error: ‘using element_type = struct gnss_ros_standardization::msg::GnssObservations_<std::allocator<void> >’ {aka ‘struct gnss_ros_standardization::msg::GnssObservations_<std::allocator<void> >’} has no member named ‘time’
  182 |       snprintf(buf, sizeof(buf), "Week: %d  TOW: %.1f", last_obs_->time.week, last_obs_->time.tow);
      |                                                                    ^~~~
/home/daiki/ws_gnss/src/gnss_ros_standardization/src/utils/simple_gnss_visualizer.cpp:182:90: error: ‘using element_type = struct gnss_ros_standardization::msg::GnssObservations_<std::allocator<void> >’ {aka ‘struct gnss_ros_standardization::msg::GnssObservations_<std::allocator<void> >’} has no member named ‘time’
  182 |       snprintf(buf, sizeof(buf), "Week: %d  TOW: %.1f", last_obs_->time.week, last_obs_->time.tow);
      |                                                                                          ^~~~
/home/daiki/ws_gnss/src/gnss_ros_standardization/src/utils/simple_gnss_visualizer.cpp:193:14: error: ‘STATUS_FIX’ was not declared in this scope
  193 |         case STATUS_FIX: status_str="FIX"; status_col=cv::Scalar(0,180,0); break;
      |              ^~~~~~~~~~
/home/daiki/ws_gnss/src/gnss_ros_standardization/src/utils/simple_gnss_visualizer.cpp:194:14: error: ‘STATUS_FLOAT’ was not declared in this scope
  194 |         case STATUS_FLOAT: status_str="FLOAT"; status_col=cv::Scalar(0,180,180); break;
      |              ^~~~~~~~~~~~
/home/daiki/ws_gnss/src/gnss_ros_standardization/src/utils/simple_gnss_visualizer.cpp:195:14: error: ‘STATUS_SBAS’ was not declared in this scope
  195 |         case STATUS_SBAS: status_str="SBAS"; status_col=cv::Scalar(200,0,0); break;
      |              ^~~~~~~~~~~
/home/daiki/ws_gnss/src/gnss_ros_standardization/src/utils/simple_gnss_visualizer.cpp:196:14: error: ‘STATUS_DGPS’ was not declared in this scope
  196 |         case STATUS_DGPS: status_str="DGPS"; status_col=cv::Scalar(200,0,0); break;
      |              ^~~~~~~~~~~
/home/daiki/ws_gnss/src/gnss_ros_standardization/src/utils/simple_gnss_visualizer.cpp:197:14: error: ‘STATUS_SINGLE’ was not declared in this scope; did you mean ‘SOLQ_SINGLE’?
  197 |         case STATUS_SINGLE: status_str="SINGLE"; status_col=cv::Scalar(0,0,200); break;
      |              ^~~~~~~~~~~~~
      |              SOLQ_SINGLE
/home/daiki/ws_gnss/src/gnss_ros_standardization/src/utils/simple_gnss_visualizer.cpp:198:14: error: ‘STATUS_PPP’ was not declared in this scope
  198 |         case STATUS_PPP: status_str="PPP"; status_col=cv::Scalar(200,200,0); break;
      |              ^~~~~~~~~~
/home/daiki/ws_gnss/src/gnss_ros_standardization/src/utils/simple_gnss_visualizer.cpp:199:14: error: ‘STATUS_DR’ was not declared in this scope
  199 |         case STATUS_DR: status_str="DR"; break;
      |              ^~~~~~~~~
/home/daiki/ws_gnss/src/gnss_ros_standardization/src/utils/simple_gnss_visualizer.cpp:206:66: error: ‘using element_type = struct gnss_ros_standardization::msg::GnssSolution_<std::allocator<void> >’ {aka ‘struct gnss_ros_standardization::msg::GnssSolution_<std::allocator<void> >’} has no member named ‘pos_llh’
  206 |       snprintf(pos_buf, sizeof(pos_buf), "Lat: %.8f", last_sol_->pos_llh.lat * RAD2DEG);
      |                                                                  ^~~~~~~
/home/daiki/ws_gnss/src/gnss_ros_standardization/src/utils/simple_gnss_visualizer.cpp:206:80: error: ‘RAD2DEG’ was not declared in this scope
  206 |       snprintf(pos_buf, sizeof(pos_buf), "Lat: %.8f", last_sol_->pos_llh.lat * RAD2DEG);
      |                                                                                ^~~~~~~
/home/daiki/ws_gnss/src/gnss_ros_standardization/src/utils/simple_gnss_visualizer.cpp:209:66: error: ‘using element_type = struct gnss_ros_standardization::msg::GnssSolution_<std::allocator<void> >’ {aka ‘struct gnss_ros_standardization::msg::GnssSolution_<std::allocator<void> >’} has no member named ‘pos_llh’
  209 |       snprintf(pos_buf, sizeof(pos_buf), "Lon: %.8f", last_sol_->pos_llh.lon * RAD2DEG);
      |                                                                  ^~~~~~~
/home/daiki/ws_gnss/src/gnss_ros_standardization/src/utils/simple_gnss_visualizer.cpp:212:68: error: ‘using element_type = struct gnss_ros_standardization::msg::GnssSolution_<std::allocator<void> >’ {aka ‘struct gnss_ros_standardization::msg::GnssSolution_<std::allocator<void> >’} has no member named ‘pos_llh’
  212 |       snprintf(pos_buf, sizeof(pos_buf), "Alt: %.3f m", last_sol_->pos_llh.alt);
      |                                                                    ^~~~~~~
/home/daiki/ws_gnss/src/gnss_ros_standardization/src/utils/simple_gnss_visualizer.cpp: In member function ‘void gnss_visualizer::SimpleGnssVisualizer::renderPositionPlot(cv::Mat&, cv::Rect)’:
/home/daiki/ws_gnss/src/gnss_ros_standardization/src/utils/simple_gnss_visualizer.cpp:252:32: error: ‘const struct gnss_ros_standardization::msg::GnssSolution_<std::allocator<void> >’ has no member named ‘pos_llh’
  252 |       double cur_llh[3] = {sol.pos_llh.lat, sol.pos_llh.lon, sol.pos_llh.alt};
      |                                ^~~~~~~
/home/daiki/ws_gnss/src/gnss_ros_standardization/src/utils/simple_gnss_visualizer.cpp:252:49: error: ‘const struct gnss_ros_standardization::msg::GnssSolution_<std::allocator<void> >’ has no member named ‘pos_llh’
  252 |       double cur_llh[3] = {sol.pos_llh.lat, sol.pos_llh.lon, sol.pos_llh.alt};
      |                                                 ^~~~~~~
/home/daiki/ws_gnss/src/gnss_ros_standardization/src/utils/simple_gnss_visualizer.cpp:252:66: error: ‘const struct gnss_ros_standardization::msg::GnssSolution_<std::allocator<void> >’ has no member named ‘pos_llh’
  252 |       double cur_llh[3] = {sol.pos_llh.lat, sol.pos_llh.lon, sol.pos_llh.alt};
      |                                                                  ^~~~~~~
/home/daiki/ws_gnss/src/gnss_ros_standardization/src/utils/simple_gnss_visualizer.cpp:256:15: error: too many arguments to function ‘void ecef2enu(const double*, const double*, double*)’
  256 |       ecef2enu(fixed_llh_, cur_ecef, fixed_ecef_, enu);
      |       ~~~~~~~~^~~~~~~~~~~~~~~~~~~~~~~~~~~~~~~~~~~~~~~~
In file included from /home/daiki/ws_gnss/src/gnss_ros_standardization/include/gnss_ros_standardization/gnss_utils.hpp:15,
                 from /home/daiki/ws_gnss/src/gnss_ros_standardization/src/utils/simple_gnss_visualizer.cpp:14:
/home/daiki/ws_gnss/src/gnss_ros_standardization/third_party/MALIB/src/rtklib.h:1441:6: note: declared here
 1441 | void ecef2enu(const double *pos, const double *r, double *e);
      |      ^~~~~~~~
/home/daiki/ws_gnss/src/gnss_ros_standardization/src/utils/simple_gnss_visualizer.cpp:269:40: error: ‘using element_type = struct gnss_ros_standardization::msg::GnssSolution_<std::allocator<void> >’ {aka ‘struct gnss_ros_standardization::msg::GnssSolution_<std::allocator<void> >’} has no member named ‘pos_llh’
  269 |        double cur_llh[3] = {last_sol_->pos_llh.lat, last_sol_->pos_llh.lon, last_sol_->pos_llh.alt};
      |                                        ^~~~~~~
/home/daiki/ws_gnss/src/gnss_ros_standardization/src/utils/simple_gnss_visualizer.cpp:269:64: error: ‘using element_type = struct gnss_ros_standardization::msg::GnssSolution_<std::allocator<void> >’ {aka ‘struct gnss_ros_standardization::msg::GnssSolution_<std::allocator<void> >’} has no member named ‘pos_llh’
  269 |        double cur_llh[3] = {last_sol_->pos_llh.lat, last_sol_->pos_llh.lon, last_sol_->pos_llh.alt};
      |                                                                ^~~~~~~
/home/daiki/ws_gnss/src/gnss_ros_standardization/src/utils/simple_gnss_visualizer.cpp:269:88: error: ‘using element_type = struct gnss_ros_standardization::msg::GnssSolution_<std::allocator<void> >’ {aka ‘struct gnss_ros_standardization::msg::GnssSolution_<std::allocator<void> >’} has no member named ‘pos_llh’
  269 |        double cur_llh[3] = {last_sol_->pos_llh.lat, last_sol_->pos_llh.lon, last_sol_->pos_llh.alt};
      |                                                                                        ^~~~~~~
/home/daiki/ws_gnss/src/gnss_ros_standardization/src/utils/simple_gnss_visualizer.cpp:273:16: error: too many arguments to function ‘void ecef2enu(const double*, const double*, double*)’
  273 |        ecef2enu(fixed_llh_, cur_ecef, fixed_ecef_, enu);
      |        ~~~~~~~~^~~~~~~~~~~~~~~~~~~~~~~~~~~~~~~~~~~~~~~~
In file included from /home/daiki/ws_gnss/src/gnss_ros_standardization/include/gnss_ros_standardization/gnss_utils.hpp:15,
                 from /home/daiki/ws_gnss/src/gnss_ros_standardization/src/utils/simple_gnss_visualizer.cpp:14:
/home/daiki/ws_gnss/src/gnss_ros_standardization/third_party/MALIB/src/rtklib.h:1441:6: note: declared here
 1441 | void ecef2enu(const double *pos, const double *r, double *e);
      |      ^~~~~~~~
gmake[2]: *** [CMakeFiles/simple_gnss_visualizer.dir/build.make:76: CMakeFiles/simple_gnss_visualizer.dir/src/utils/simple_gnss_visualizer.cpp.o] エラー 1
gmake[1]: *** [CMakeFiles/Makefile2:1051: CMakeFiles/simple_gnss_visualizer.dir/all] エラー 2
gmake: *** [Makefile:146: all] エラー 2
