[0.005s] Invoking command in '/home/daiki/ws_gnss/build/gnss_ros_standardization': CMAKE_PREFIX_PATH=/opt/ros/humble /usr/bin/cmake --build /home/daiki/ws_gnss/build/gnss_ros_standardization -- -j28 -l28
[0.047s] [  0%] Built target gnss_ros_standardization__cpp
[0.047s] [  6%] Built target gnss_ros_standardization__rosidl_generator_c
[0.050s] [  6%] Built target ament_cmake_python_symlink_gnss_ros_standardization
[0.052s] [ 33%] Built target rtkcore_lib
[0.060s] [ 38%] Built target gnss_ros_standardization__rosidl_typesupport_introspection_cpp
[0.061s] [ 45%] Built target gnss_ros_standardization__rosidl_typesupport_c
[0.061s] [ 50%] Built target gnss_ros_standardization__rosidl_typesupport_cpp
[0.061s] [ 56%] Built target gnss_ros_standardization__rosidl_typesupport_fastrtps_cpp
[0.063s] [ 62%] Built target gnss_ros_standardization__rosidl_typesupport_introspection_c
[0.065s] [ 68%] Built target gnss_ros_standardization__rosidl_typesupport_fastrtps_c
[0.072s] [ 70%] Built target gnss_utils
[0.079s] [ 70%] Built target gnss_ros_standardization
[0.083s] [ 72%] Built target ubx_decoder_node
[0.083s] [ 72%] Built target sbf_decoder_node
[0.084s] [ 74%] Built target ubx_driver_node
[0.084s] [ 75%] Built target rtcm_decoder_node
[0.084s] [ 76%] Built target novatel_driver_node
[0.085s] [ 78%] Built target sbf_driver_node
[0.087s] [ 79%] Built target gnss_visualizer
[0.087s] [ 79%] Building CXX object CMakeFiles/simple_gnss_visualizer.dir/src/utils/simple_gnss_visualizer.cpp.o
[0.088s] [ 81%] Built target real_time_kinematic
[0.088s] [ 82%] Built target rinex_to_rosbag
[0.088s] [ 83%] Built target gnss_ros_standardization__py
[0.089s] [ 85%] Built target novatel_decoder_node
[0.090s] [ 87%] Built target single_point_positioning
[0.090s] [ 89%] Built target rosbag_to_rinex
[0.100s] [ 94%] Built target gnss_ros_standardization__rosidl_generator_py
[0.113s] [ 95%] Built target gnss_ros_standardization__rosidl_typesupport_fastrtps_c__pyext
[0.114s] [ 99%] Built target gnss_ros_standardization__rosidl_typesupport_introspection_c__pyext
[0.114s] [ 99%] Built target gnss_ros_standardization__rosidl_typesupport_c__pyext
[0.145s] running egg_info
[0.146s] writing gnss_ros_standardization.egg-info/PKG-INFO
[0.146s] writing dependency_links to gnss_ros_standardization.egg-info/dependency_links.txt
[0.146s] writing top-level names to gnss_ros_standardization.egg-info/top_level.txt
[0.147s] reading manifest file 'gnss_ros_standardization.egg-info/SOURCES.txt'
[0.147s] writing manifest file 'gnss_ros_standardization.egg-info/SOURCES.txt'
[0.161s] [ 99%] Built target ament_cmake_python_build_gnss_ros_standardization_egg
[1.463s] /home/daiki/ws_gnss/src/gnss_ros_standardization/src/utils/simple_gnss_visualizer.cpp: In static member function ‘static void gnss_visualizer::SimpleGnssVisualizer::onMouse(int, int, int, int, void*)’:
[1.463s] /home/daiki/ws_gnss/src/gnss_ros_standardization/src/utils/simple_gnss_visualizer.cpp:119:38: warning: unused parameter ‘x’ [-Wunused-parameter]
[1.463s]   119 |   static void onMouse(int event, int x, int y, int flags, void* userdata) {
[1.463s]       |                                  ~~~~^
[1.463s] /home/daiki/ws_gnss/src/gnss_ros_standardization/src/utils/simple_gnss_visualizer.cpp:119:45: warning: unused parameter ‘y’ [-Wunused-parameter]
[1.463s]   119 |   static void onMouse(int event, int x, int y, int flags, void* userdata) {
[1.463s]       |                                         ~~~~^
[1.469s] /home/daiki/ws_gnss/src/gnss_ros_standardization/src/utils/simple_gnss_visualizer.cpp: In member function ‘cv::Scalar gnss_visualizer::SimpleGnssVisualizer::statusColor(int)’:
[1.469s] /home/daiki/ws_gnss/src/gnss_ros_standardization/src/utils/simple_gnss_visualizer.cpp:137:12: error: ‘STATUS_FIX’ was not declared in this scope
[1.469s]   137 |       case STATUS_FIX:   return cv::Scalar(0, 200, 0);   // Green
[1.469s]       |            ^~~~~~~~~~
[1.474s] /home/daiki/ws_gnss/src/gnss_ros_standardization/src/utils/simple_gnss_visualizer.cpp:138:12: error: ‘STATUS_FLOAT’ was not declared in this scope
[1.474s]   138 |       case STATUS_FLOAT: return cv::Scalar(0, 200, 200); // Yellow
[1.474s]       |            ^~~~~~~~~~~~
[1.479s] /home/daiki/ws_gnss/src/gnss_ros_standardization/src/utils/simple_gnss_visualizer.cpp:139:12: error: ‘STATUS_SBAS’ was not declared in this scope
[1.479s]   139 |       case STATUS_SBAS:  return cv::Scalar(200, 50, 50); // Blue
[1.479s]       |            ^~~~~~~~~~~
[1.484s] /home/daiki/ws_gnss/src/gnss_ros_standardization/src/utils/simple_gnss_visualizer.cpp:140:12: error: ‘STATUS_DGPS’ was not declared in this scope
[1.484s]   140 |       case STATUS_DGPS:  return cv::Scalar(200, 50, 50); // Blue
[1.484s]       |            ^~~~~~~~~~~
[1.489s] /home/daiki/ws_gnss/src/gnss_ros_standardization/src/utils/simple_gnss_visualizer.cpp:141:12: error: ‘STATUS_PPP’ was not declared in this scope
[1.489s]   141 |       case STATUS_PPP:   return cv::Scalar(200, 200, 50);// Teal
[1.489s]       |            ^~~~~~~~~~
[1.491s] /home/daiki/ws_gnss/src/gnss_ros_standardization/src/utils/simple_gnss_visualizer.cpp: In member function ‘void gnss_visualizer::SimpleGnssVisualizer::renderStatus(cv::Mat&, cv::Rect)’:
[1.491s] /home/daiki/ws_gnss/src/gnss_ros_standardization/src/utils/simple_gnss_visualizer.cpp:182:68: error: ‘using element_type = struct gnss_ros_standardization::msg::GnssObservations_<std::allocator<void> >’ {aka ‘struct gnss_ros_standardization::msg::GnssObservations_<std::allocator<void> >’} has no member named ‘time’
[1.491s]   182 |       snprintf(buf, sizeof(buf), "Week: %d  TOW: %.1f", last_obs_->time.week, last_obs_->time.tow);
[1.491s]       |                                                                    ^~~~
[1.491s] /home/daiki/ws_gnss/src/gnss_ros_standardization/src/utils/simple_gnss_visualizer.cpp:182:90: error: ‘using element_type = struct gnss_ros_standardization::msg::GnssObservations_<std::allocator<void> >’ {aka ‘struct gnss_ros_standardization::msg::GnssObservations_<std::allocator<void> >’} has no member named ‘time’
[1.491s]   182 |       snprintf(buf, sizeof(buf), "Week: %d  TOW: %.1f", last_obs_->time.week, last_obs_->time.tow);
[1.491s]       |                                                                                          ^~~~
[1.496s] /home/daiki/ws_gnss/src/gnss_ros_standardization/src/utils/simple_gnss_visualizer.cpp:193:14: error: ‘STATUS_FIX’ was not declared in this scope
[1.496s]   193 |         case STATUS_FIX: status_str="FIX"; status_col=cv::Scalar(0,180,0); break;
[1.496s]       |              ^~~~~~~~~~
[1.501s] /home/daiki/ws_gnss/src/gnss_ros_standardization/src/utils/simple_gnss_visualizer.cpp:194:14: error: ‘STATUS_FLOAT’ was not declared in this scope
[1.501s]   194 |         case STATUS_FLOAT: status_str="FLOAT"; status_col=cv::Scalar(0,180,180); break;
[1.501s]       |              ^~~~~~~~~~~~
[1.506s] /home/daiki/ws_gnss/src/gnss_ros_standardization/src/utils/simple_gnss_visualizer.cpp:195:14: error: ‘STATUS_SBAS’ was not declared in this scope
[1.506s]   195 |         case STATUS_SBAS: status_str="SBAS"; status_col=cv::Scalar(200,0,0); break;
[1.506s]       |              ^~~~~~~~~~~
[1.511s] /home/daiki/ws_gnss/src/gnss_ros_standardization/src/utils/simple_gnss_visualizer.cpp:196:14: error: ‘STATUS_DGPS’ was not declared in this scope
[1.511s]   196 |         case STATUS_DGPS: status_str="DGPS"; status_col=cv::Scalar(200,0,0); break;
[1.511s]       |              ^~~~~~~~~~~
[1.517s] /home/daiki/ws_gnss/src/gnss_ros_standardization/src/utils/simple_gnss_visualizer.cpp:197:14: error: ‘STATUS_SINGLE’ was not declared in this scope; did you mean ‘SOLQ_SINGLE’?
[1.517s]   197 |         case STATUS_SINGLE: status_str="SINGLE"; status_col=cv::Scalar(0,0,200); break;
[1.517s]       |              ^~~~~~~~~~~~~
[1.517s]       |              SOLQ_SINGLE
[1.521s] /home/daiki/ws_gnss/src/gnss_ros_standardization/src/utils/simple_gnss_visualizer.cpp:198:14: error: ‘STATUS_PPP’ was not declared in this scope
[1.521s]   198 |         case STATUS_PPP: status_str="PPP"; status_col=cv::Scalar(200,200,0); break;
[1.521s]       |              ^~~~~~~~~~
[1.526s] /home/daiki/ws_gnss/src/gnss_ros_standardization/src/utils/simple_gnss_visualizer.cpp:199:14: error: ‘STATUS_DR’ was not declared in this scope
[1.526s]   199 |         case STATUS_DR: status_str="DR"; break;
[1.526s]       |              ^~~~~~~~~
[1.526s] /home/daiki/ws_gnss/src/gnss_ros_standardization/src/utils/simple_gnss_visualizer.cpp:206:66: error: ‘using element_type = struct gnss_ros_standardization::msg::GnssSolution_<std::allocator<void> >’ {aka ‘struct gnss_ros_standardization::msg::GnssSolution_<std::allocator<void> >’} has no member named ‘pos_llh’
[1.526s]   206 |       snprintf(pos_buf, sizeof(pos_buf), "Lat: %.8f", last_sol_->pos_llh.lat * RAD2DEG);
[1.526s]       |                                                                  ^~~~~~~
[1.530s] /home/daiki/ws_gnss/src/gnss_ros_standardization/src/utils/simple_gnss_visualizer.cpp:206:80: error: ‘RAD2DEG’ was not declared in this scope
[1.530s]   206 |       snprintf(pos_buf, sizeof(pos_buf), "Lat: %.8f", last_sol_->pos_llh.lat * RAD2DEG);
[1.530s]       |                                                                                ^~~~~~~
[1.530s] /home/daiki/ws_gnss/src/gnss_ros_standardization/src/utils/simple_gnss_visualizer.cpp:209:66: error: ‘using element_type = struct gnss_ros_standardization::msg::GnssSolution_<std::allocator<void> >’ {aka ‘struct gnss_ros_standardization::msg::GnssSolution_<std::allocator<void> >’} has no member named ‘pos_llh’
[1.530s]   209 |       snprintf(pos_buf, sizeof(pos_buf), "Lon: %.8f", last_sol_->pos_llh.lon * RAD2DEG);
[1.530s]       |                                                                  ^~~~~~~
[1.530s] /home/daiki/ws_gnss/src/gnss_ros_standardization/src/utils/simple_gnss_visualizer.cpp:212:68: error: ‘using element_type = struct gnss_ros_standardization::msg::GnssSolution_<std::allocator<void> >’ {aka ‘struct gnss_ros_standardization::msg::GnssSolution_<std::allocator<void> >’} has no member named ‘pos_llh’
[1.530s]   212 |       snprintf(pos_buf, sizeof(pos_buf), "Alt: %.3f m", last_sol_->pos_llh.alt);
[1.530s]       |                                                                    ^~~~~~~
[1.531s] /home/daiki/ws_gnss/src/gnss_ros_standardization/src/utils/simple_gnss_visualizer.cpp: In member function ‘void gnss_visualizer::SimpleGnssVisualizer::renderPositionPlot(cv::Mat&, cv::Rect)’:
[1.531s] /home/daiki/ws_gnss/src/gnss_ros_standardization/src/utils/simple_gnss_visualizer.cpp:252:32: error: ‘const struct gnss_ros_standardization::msg::GnssSolution_<std::allocator<void> >’ has no member named ‘pos_llh’
[1.531s]   252 |       double cur_llh[3] = {sol.pos_llh.lat, sol.pos_llh.lon, sol.pos_llh.alt};
[1.531s]       |                                ^~~~~~~
[1.531s] /home/daiki/ws_gnss/src/gnss_ros_standardization/src/utils/simple_gnss_visualizer.cpp:252:49: error: ‘const struct gnss_ros_standardization::msg::GnssSolution_<std::allocator<void> >’ has no member named ‘pos_llh’
[1.531s]   252 |       double cur_llh[3] = {sol.pos_llh.lat, sol.pos_llh.lon, sol.pos_llh.alt};
[1.531s]       |                                                 ^~~~~~~
[1.531s] /home/daiki/ws_gnss/src/gnss_ros_standardization/src/utils/simple_gnss_visualizer.cpp:252:66: error: ‘const struct gnss_ros_standardization::msg::GnssSolution_<std::allocator<void> >’ has no member named ‘pos_llh’
[1.531s]   252 |       double cur_llh[3] = {sol.pos_llh.lat, sol.pos_llh.lon, sol.pos_llh.alt};
[1.531s]       |                                                                  ^~~~~~~
[1.531s] /home/daiki/ws_gnss/src/gnss_ros_standardization/src/utils/simple_gnss_visualizer.cpp:256:15: error: too many arguments to function ‘void ecef2enu(const double*, const double*, double*)’
[1.531s]   256 |       ecef2enu(fixed_llh_, cur_ecef, fixed_ecef_, enu);
[1.531s]       |       ~~~~~~~~^~~~~~~~~~~~~~~~~~~~~~~~~~~~~~~~~~~~~~~~
[1.532s] In file included from /home/daiki/ws_gnss/src/gnss_ros_standardization/include/gnss_ros_standardization/gnss_utils.hpp:15,
[1.532s]                  from /home/daiki/ws_gnss/src/gnss_ros_standardization/src/utils/simple_gnss_visualizer.cpp:14:
[1.532s] /home/daiki/ws_gnss/src/gnss_ros_standardization/third_party/MALIB/src/rtklib.h:1441:6: note: declared here
[1.532s]  1441 | void ecef2enu(const double *pos, const double *r, double *e);
[1.532s]       |      ^~~~~~~~
[1.532s] /home/daiki/ws_gnss/src/gnss_ros_standardization/src/utils/simple_gnss_visualizer.cpp:269:40: error: ‘using element_type = struct gnss_ros_standardization::msg::GnssSolution_<std::allocator<void> >’ {aka ‘struct gnss_ros_standardization::msg::GnssSolution_<std::allocator<void> >’} has no member named ‘pos_llh’
[1.532s]   269 |        double cur_llh[3] = {last_sol_->pos_llh.lat, last_sol_->pos_llh.lon, last_sol_->pos_llh.alt};
[1.532s]       |                                        ^~~~~~~
[1.532s] /home/daiki/ws_gnss/src/gnss_ros_standardization/src/utils/simple_gnss_visualizer.cpp:269:64: error: ‘using element_type = struct gnss_ros_standardization::msg::GnssSolution_<std::allocator<void> >’ {aka ‘struct gnss_ros_standardization::msg::GnssSolution_<std::allocator<void> >’} has no member named ‘pos_llh’
[1.532s]   269 |        double cur_llh[3] = {last_sol_->pos_llh.lat, last_sol_->pos_llh.lon, last_sol_->pos_llh.alt};
[1.532s]       |                                                                ^~~~~~~
[1.532s] /home/daiki/ws_gnss/src/gnss_ros_standardization/src/utils/simple_gnss_visualizer.cpp:269:88: error: ‘using element_type = struct gnss_ros_standardization::msg::GnssSolution_<std::allocator<void> >’ {aka ‘struct gnss_ros_standardization::msg::GnssSolution_<std::allocator<void> >’} has no member named ‘pos_llh’
[1.532s]   269 |        double cur_llh[3] = {last_sol_->pos_llh.lat, last_sol_->pos_llh.lon, last_sol_->pos_llh.alt};
[1.532s]       |                                                                                        ^~~~~~~
[1.532s] /home/daiki/ws_gnss/src/gnss_ros_standardization/src/utils/simple_gnss_visualizer.cpp:273:16: error: too many arguments to function ‘void ecef2enu(const double*, const double*, double*)’
[1.532s]   273 |        ecef2enu(fixed_llh_, cur_ecef, fixed_ecef_, enu);
[1.532s]       |        ~~~~~~~~^~~~~~~~~~~~~~~~~~~~~~~~~~~~~~~~~~~~~~~~
[1.532s] In file included from /home/daiki/ws_gnss/src/gnss_ros_standardization/include/gnss_ros_standardization/gnss_utils.hpp:15,
[1.532s]                  from /home/daiki/ws_gnss/src/gnss_ros_standardization/src/utils/simple_gnss_visualizer.cpp:14:
[1.532s] /home/daiki/ws_gnss/src/gnss_ros_standardization/third_party/MALIB/src/rtklib.h:1441:6: note: declared here
[1.532s]  1441 | void ecef2enu(const double *pos, const double *r, double *e);
[1.532s]       |      ^~~~~~~~
[3.419s] gmake[2]: *** [CMakeFiles/simple_gnss_visualizer.dir/build.make:76: CMakeFiles/simple_gnss_visualizer.dir/src/utils/simple_gnss_visualizer.cpp.o] エラー 1
[3.419s] gmake[1]: *** [CMakeFiles/Makefile2:1051: CMakeFiles/simple_gnss_visualizer.dir/all] エラー 2
[3.419s] gmake: *** [Makefile:146: all] エラー 2
[3.421s] Invoked command in '/home/daiki/ws_gnss/build/gnss_ros_standardization' returned '2': CMAKE_PREFIX_PATH=/opt/ros/humble /usr/bin/cmake --build /home/daiki/ws_gnss/build/gnss_ros_standardization -- -j28 -l28
