[0.005s] Invoking command in '/home/daiki/ws_gnss/build/gnss_ros_standardization': CMAKE_PREFIX_PATH=/opt/ros/humble /usr/bin/cmake --build /home/daiki/ws_gnss/build/gnss_ros_standardization -- -j28 -l28
[0.046s] [  0%] Built target gnss_ros_standardization__cpp
[0.048s] [  6%] Built target gnss_ros_standardization__rosidl_generator_c
[0.048s] [  6%] Built target ament_cmake_python_symlink_gnss_ros_standardization
[0.050s] [ 33%] Built target rtkcore_lib
[0.059s] [ 39%] Built target gnss_ros_standardization__rosidl_typesupport_cpp
[0.062s] [ 45%] Built target gnss_ros_standardization__rosidl_typesupport_introspection_c
[0.063s] [ 51%] Built target gnss_ros_standardization__rosidl_typesupport_c
[0.063s] [ 63%] Built target gnss_ros_standardization__rosidl_typesupport_introspection_cpp
[0.063s] [ 63%] Built target gnss_ros_standardization__rosidl_typesupport_fastrtps_cpp
[0.064s] [ 69%] Built target gnss_ros_standardization__rosidl_typesupport_fastrtps_c
[0.071s] [ 71%] Built target gnss_utils
[0.078s] [ 71%] Built target gnss_ros_standardization
[0.082s] Consolidate compiler generated dependencies of target gnss_visualizer
[0.086s] [ 73%] Built target single_point_positioning
[0.086s] [ 74%] Built target ubx_driver_node
[0.087s] [ 75%] Built target novatel_driver_node
[0.088s] [ 77%] Built target real_time_kinematic
[0.088s] [ 79%] Built target novatel_decoder_node
[0.088s] [ 81%] Built target rosbag_to_rinex
[0.089s] [ 83%] Built target ubx_decoder_node
[0.089s] [ 84%] Built target rinex_to_rosbag
[0.089s] [ 86%] Built target gnss_ros_standardization__py
[0.090s] [ 86%] Built target sbf_decoder_node
[0.090s] [ 87%] Building CXX object CMakeFiles/gnss_visualizer.dir/src/utils/gnss_visualizer.cpp.o
[0.090s] [ 89%] Built target sbf_driver_node
[0.090s] [ 90%] Built target rtcm_decoder_node
[0.102s] [ 95%] Built target gnss_ros_standardization__rosidl_generator_py
[0.113s] [ 97%] Built target gnss_ros_standardization__rosidl_typesupport_fastrtps_c__pyext
[0.114s] [ 99%] Built target gnss_ros_standardization__rosidl_typesupport_c__pyext
[0.114s] [100%] Built target gnss_ros_standardization__rosidl_typesupport_introspection_c__pyext
[0.144s] running egg_info
[0.144s] writing gnss_ros_standardization.egg-info/PKG-INFO
[0.144s] writing dependency_links to gnss_ros_standardization.egg-info/dependency_links.txt
[0.144s] writing top-level names to gnss_ros_standardization.egg-info/top_level.txt
[0.145s] reading manifest file 'gnss_ros_standardization.egg-info/SOURCES.txt'
[0.146s] writing manifest file 'gnss_ros_standardization.egg-info/SOURCES.txt'
[0.159s] [100%] Built target ament_cmake_python_build_gnss_ros_standardization_egg
[1.475s] /home/daiki/ws_gnss/src/gnss_ros_standardization/src/utils/gnss_visualizer.cpp: In member function ‘void GnssVisualizer::handleMouseClick(int, int)’:
[1.475s] /home/daiki/ws_gnss/src/gnss_ros_standardization/src/utils/gnss_visualizer.cpp:202:29: error: ‘roi’ was not declared in this scope
[1.475s]   202 |       cv::Rect btn_zoom_out(roi.x + roi.width - 65, roi.y + 4, 20, 16);
[1.475s]       |                             ^~~
[3.872s] gmake[2]: *** [CMakeFiles/gnss_visualizer.dir/build.make:76: CMakeFiles/gnss_visualizer.dir/src/utils/gnss_visualizer.cpp.o] エラー 1
[3.872s] gmake[1]: *** [CMakeFiles/Makefile2:1018: CMakeFiles/gnss_visualizer.dir/all] エラー 2
[3.872s] gmake: *** [Makefile:146: all] エラー 2
[3.874s] Invoked command in '/home/daiki/ws_gnss/build/gnss_ros_standardization' returned '2': CMAKE_PREFIX_PATH=/opt/ros/humble /usr/bin/cmake --build /home/daiki/ws_gnss/build/gnss_ros_standardization -- -j28 -l28
