[0.005s] Invoking command in '/home/daiki/ws_gnss/build/gnss_ros_standardization': CMAKE_PREFIX_PATH=/opt/ros/humble /usr/bin/cmake --build /home/daiki/ws_gnss/build/gnss_ros_standardization -- -j28 -l28
[0.048s] [  0%] Built target gnss_ros_standardization__cpp
[0.051s] [  6%] Built target gnss_ros_standardization__rosidl_generator_c
[0.055s] [ 33%] Built target rtkcore_lib
[0.056s] [ 33%] Built target ament_cmake_python_symlink_gnss_ros_standardization
[0.066s] [ 39%] Built target gnss_ros_standardization__rosidl_typesupport_fastrtps_c
[0.066s] [ 45%] Built target gnss_ros_standardization__rosidl_typesupport_fastrtps_cpp
[0.067s] [ 51%] Built target gnss_ros_standardization__rosidl_typesupport_cpp
[0.067s] [ 56%] Built target gnss_ros_standardization__rosidl_typesupport_introspection_cpp
[0.067s] [ 62%] Built target gnss_ros_standardization__rosidl_typesupport_c
[0.068s] [ 68%] Built target gnss_ros_standardization__rosidl_typesupport_introspection_c
[0.076s] [ 68%] Built target gnss_ros_standardization
[0.078s] [ 70%] Built target gnss_utils
[0.089s] Consolidate compiler generated dependencies of target simple_gnss_visualizer
[0.089s] [ 71%] Built target gnss_ros_standardization__py
[0.089s] [ 73%] Built target novatel_decoder_node
[0.089s] [ 75%] Built target sbf_decoder_node
[0.090s] [ 75%] Built target rtcm_decoder_node
[0.091s] [ 76%] Built target novatel_driver_node
[0.091s] [ 78%] Built target single_point_positioning
[0.092s] [ 79%] Built target rinex_to_rosbag
[0.092s] [ 82%] Built target sbf_driver_node
[0.092s] [ 82%] Built target ubx_decoder_node
[0.092s] [ 84%] Built target rosbag_to_rinex
[0.093s] [ 86%] Built target real_time_kinematic
[0.095s] [ 87%] Built target gnss_visualizer
[0.095s] [ 89%] Built target ubx_driver_node
[0.096s] [ 89%] Building CXX object CMakeFiles/simple_gnss_visualizer.dir/src/utils/simple_gnss_visualizer.cpp.o
[0.101s] [ 94%] Built target gnss_ros_standardization__rosidl_generator_py
[0.113s] [ 96%] Built target gnss_ros_standardization__rosidl_typesupport_introspection_c__pyext
[0.113s] [ 97%] Built target gnss_ros_standardization__rosidl_typesupport_fastrtps_c__pyext
[0.114s] [ 99%] Built target gnss_ros_standardization__rosidl_typesupport_c__pyext
[0.158s] running egg_info
[0.158s] writing gnss_ros_standardization.egg-info/PKG-INFO
[0.158s] writing dependency_links to gnss_ros_standardization.egg-info/dependency_links.txt
[0.158s] writing top-level names to gnss_ros_standardization.egg-info/top_level.txt
[0.159s] reading manifest file 'gnss_ros_standardization.egg-info/SOURCES.txt'
[0.159s] writing manifest file 'gnss_ros_standardization.egg-info/SOURCES.txt'
[0.173s] [ 99%] Built target ament_cmake_python_build_gnss_ros_standardization_egg
[1.455s] /home/daiki/ws_gnss/src/gnss_ros_standardization/src/utils/simple_gnss_visualizer.cpp: In static member function ‘static void gnss_visualizer::SimpleGnssVisualizer::onMouse(int, int, int, int, void*)’:
[1.455s] /home/daiki/ws_gnss/src/gnss_ros_standardization/src/utils/simple_gnss_visualizer.cpp:129:38: warning: unused parameter ‘x’ [-Wunused-parameter]
[1.455s]   129 |   static void onMouse(int event, int x, int y, int flags, void* userdata) {
[1.455s]       |                                  ~~~~^
[1.455s] /home/daiki/ws_gnss/src/gnss_ros_standardization/src/utils/simple_gnss_visualizer.cpp:129:45: warning: unused parameter ‘y’ [-Wunused-parameter]
[1.455s]   129 |   static void onMouse(int event, int x, int y, int flags, void* userdata) {
[1.455s]       |                                         ~~~~^
[5.672s] [100%] Linking CXX executable simple_gnss_visualizer
[6.088s] [100%] Built target simple_gnss_visualizer
[6.096s] Invoked command in '/home/daiki/ws_gnss/build/gnss_ros_standardization' returned '0': CMAKE_PREFIX_PATH=/opt/ros/humble /usr/bin/cmake --build /home/daiki/ws_gnss/build/gnss_ros_standardization -- -j28 -l28
[6.102s] Invoking command in '/home/daiki/ws_gnss/build/gnss_ros_standardization': CMAKE_PREFIX_PATH=/opt/ros/humble /usr/bin/cmake --install /home/daiki/ws_gnss/build/gnss_ros_standardization
[6.108s] -- Install configuration: ""
[6.109s] -- Execute custom install script
[6.110s] -- Up-to-date symlink: /home/daiki/ws_gnss/install/gnss_ros_standardization/share/ament_index/resource_index/rosidl_interfaces/gnss_ros_standardization
[6.110s] -- Up-to-date symlink: /home/daiki/ws_gnss/install/gnss_ros_standardization/include/gnss_ros_standardization/gnss_ros_standardization/msg/detail/glonass_ephemeris__functions.h
[6.111s] -- Up-to-date symlink: /home/daiki/ws_gnss/install/gnss_ros_standardization/include/gnss_ros_standardization/gnss_ros_standardization/msg/detail/glonass_ephemeris__struct.h
[6.111s] -- Up-to-date symlink: /home/daiki/ws_gnss/install/gnss_ros_standardization/include/gnss_ros_standardization/gnss_ros_standardization/msg/detail/glonass_ephemeris__type_support.h
[6.111s] -- Up-to-date symlink: /home/daiki/ws_gnss/install/gnss_ros_standardization/include/gnss_ros_standardization/gnss_ros_standardization/msg/detail/gnss_ephemerides__functions.h
[6.111s] -- Up-to-date symlink: /home/daiki/ws_gnss/install/gnss_ros_standardization/include/gnss_ros_standardization/gnss_ros_standardization/msg/detail/gnss_ephemerides__struct.h
[6.112s] -- Up-to-date symlink: /home/daiki/ws_gnss/install/gnss_ros_standardization/include/gnss_ros_standardization/gnss_ros_standardization/msg/detail/gnss_ephemerides__type_support.h
[6.112s] -- Up-to-date symlink: /home/daiki/ws_gnss/install/gnss_ros_standardization/include/gnss_ros_standardization/gnss_ros_standardization/msg/detail/gnss_ephemeris__functions.h
[6.112s] -- Up-to-date symlink: /home/daiki/ws_gnss/install/gnss_ros_standardization/include/gnss_ros_standardization/gnss_ros_standardization/msg/detail/gnss_ephemeris__struct.h
[6.113s] -- Up-to-date symlink: /home/daiki/ws_gnss/install/gnss_ros_standardization/include/gnss_ros_standardization/gnss_ros_standardization/msg/detail/gnss_ephemeris__type_support.h
[6.113s] -- Up-to-date symlink: /home/daiki/ws_gnss/install/gnss_ros_standardization/include/gnss_ros_standardization/gnss_ros_standardization/msg/detail/gnss_observation__functions.h
[6.113s] -- Up-to-date symlink: /home/daiki/ws_gnss/install/gnss_ros_standardization/include/gnss_ros_standardization/gnss_ros_standardization/msg/detail/gnss_observation__struct.h
[6.113s] -- Up-to-date symlink: /home/daiki/ws_gnss/install/gnss_ros_standardization/include/gnss_ros_standardization/gnss_ros_standardization/msg/detail/gnss_observation__type_support.h
[6.113s] -- Up-to-date symlink: /home/daiki/ws_gnss/install/gnss_ros_standardization/include/gnss_ros_standardization/gnss_ros_standardization/msg/detail/gnss_observations__functions.h
[6.113s] -- Up-to-date symlink: /home/daiki/ws_gnss/install/gnss_ros_standardization/include/gnss_ros_standardization/gnss_ros_standardization/msg/detail/gnss_observations__struct.h
[6.114s] -- Up-to-date symlink: /home/daiki/ws_gnss/install/gnss_ros_standardization/include/gnss_ros_standardization/gnss_ros_standardization/msg/detail/gnss_observations__type_support.h
[6.114s] -- Up-to-date symlink: /home/daiki/ws_gnss/install/gnss_ros_standardization/include/gnss_ros_standardization/gnss_ros_standardization/msg/detail/gnss_solution__functions.h
[6.114s] -- Up-to-date symlink: /home/daiki/ws_gnss/install/gnss_ros_standardization/include/gnss_ros_standardization/gnss_ros_standardization/msg/detail/gnss_solution__struct.h
[6.114s] -- Up-to-date symlink: /home/daiki/ws_gnss/install/gnss_ros_standardization/include/gnss_ros_standardization/gnss_ros_standardization/msg/detail/gnss_solution__type_support.h
[6.114s] -- Up-to-date symlink: /home/daiki/ws_gnss/install/gnss_ros_standardization/include/gnss_ros_standardization/gnss_ros_standardization/msg/glonass_ephemeris.h
[6.114s] -- Up-to-date symlink: /home/daiki/ws_gnss/install/gnss_ros_standardization/include/gnss_ros_standardization/gnss_ros_standardization/msg/gnss_ephemerides.h
[6.115s] -- Up-to-date symlink: /home/daiki/ws_gnss/install/gnss_ros_standardization/include/gnss_ros_standardization/gnss_ros_standardization/msg/gnss_ephemeris.h
[6.115s] -- Up-to-date symlink: /home/daiki/ws_gnss/install/gnss_ros_standardization/include/gnss_ros_standardization/gnss_ros_standardization/msg/gnss_observation.h
[6.115s] -- Up-to-date symlink: /home/daiki/ws_gnss/install/gnss_ros_standardization/include/gnss_ros_standardization/gnss_ros_standardization/msg/gnss_observations.h
[6.115s] -- Up-to-date symlink: /home/daiki/ws_gnss/install/gnss_ros_standardization/include/gnss_ros_standardization/gnss_ros_standardization/msg/gnss_solution.h
[6.115s] -- Up-to-date symlink: /home/daiki/ws_gnss/install/gnss_ros_standardization/include/gnss_ros_standardization/gnss_ros_standardization/msg/rosidl_generator_c__visibility_control.h
[6.115s] -- Up-to-date symlink: /home/daiki/ws_gnss/install/gnss_ros_standardization/share/gnss_ros_standardization/environment/library_path.sh
[6.116s] -- Up-to-date symlink: /home/daiki/ws_gnss/install/gnss_ros_standardization/share/gnss_ros_standardization/environment/library_path.dsv
[6.116s] -- Up-to-date symlink: /home/daiki/ws_gnss/install/gnss_ros_standardization/include/gnss_ros_standardization/gnss_ros_standardization/msg/detail/glonass_ephemeris__rosidl_typesupport_fastrtps_c.h
[6.116s] -- Up-to-date symlink: /home/daiki/ws_gnss/install/gnss_ros_standardization/include/gnss_ros_standardization/gnss_ros_standardization/msg/detail/gnss_ephemerides__rosidl_typesupport_fastrtps_c.h
[6.116s] -- Up-to-date symlink: /home/daiki/ws_gnss/install/gnss_ros_standardization/include/gnss_ros_standardization/gnss_ros_standardization/msg/detail/gnss_ephemeris__rosidl_typesupport_fastrtps_c.h
[6.116s] -- Up-to-date symlink: /home/daiki/ws_gnss/install/gnss_ros_standardization/include/gnss_ros_standardization/gnss_ros_standardization/msg/detail/gnss_observation__rosidl_typesupport_fastrtps_c.h
[6.117s] -- Up-to-date symlink: /home/daiki/ws_gnss/install/gnss_ros_standardization/include/gnss_ros_standardization/gnss_ros_standardization/msg/detail/gnss_observations__rosidl_typesupport_fastrtps_c.h
[6.117s] -- Up-to-date symlink: /home/daiki/ws_gnss/install/gnss_ros_standardization/include/gnss_ros_standardization/gnss_ros_standardization/msg/detail/gnss_solution__rosidl_typesupport_fastrtps_c.h
[6.117s] -- Up-to-date symlink: /home/daiki/ws_gnss/install/gnss_ros_standardization/include/gnss_ros_standardization/gnss_ros_standardization/msg/rosidl_typesupport_fastrtps_c__visibility_control.h
[6.117s] -- Up-to-date symlink: /home/daiki/ws_gnss/install/gnss_ros_standardization/include/gnss_ros_standardization/gnss_ros_standardization/msg/detail/glonass_ephemeris__rosidl_typesupport_introspection_c.h
[6.117s] -- Up-to-date symlink: /home/daiki/ws_gnss/install/gnss_ros_standardization/include/gnss_ros_standardization/gnss_ros_standardization/msg/detail/gnss_ephemerides__rosidl_typesupport_introspection_c.h
[6.117s] -- Up-to-date symlink: /home/daiki/ws_gnss/install/gnss_ros_standardization/include/gnss_ros_standardization/gnss_ros_standardization/msg/detail/gnss_ephemeris__rosidl_typesupport_introspection_c.h
[6.117s] -- Up-to-date symlink: /home/daiki/ws_gnss/install/gnss_ros_standardization/include/gnss_ros_standardization/gnss_ros_standardization/msg/detail/gnss_observation__rosidl_typesupport_introspection_c.h
[6.117s] -- Up-to-date symlink: /home/daiki/ws_gnss/install/gnss_ros_standardization/include/gnss_ros_standardization/gnss_ros_standardization/msg/detail/gnss_observations__rosidl_typesupport_introspection_c.h
[6.117s] -- Up-to-date symlink: /home/daiki/ws_gnss/install/gnss_ros_standardization/include/gnss_ros_standardization/gnss_ros_standardization/msg/detail/gnss_solution__rosidl_typesupport_introspection_c.h
[6.117s] -- Up-to-date symlink: /home/daiki/ws_gnss/install/gnss_ros_standardization/include/gnss_ros_standardization/gnss_ros_standardization/msg/rosidl_typesupport_introspection_c__visibility_control.h
[6.118s] -- Up-to-date symlink: /home/daiki/ws_gnss/install/gnss_ros_standardization/include/gnss_ros_standardization/gnss_ros_standardization/msg/detail/glonass_ephemeris__builder.hpp
[6.118s] -- Up-to-date symlink: /home/daiki/ws_gnss/install/gnss_ros_standardization/include/gnss_ros_standardization/gnss_ros_standardization/msg/detail/glonass_ephemeris__struct.hpp
[6.118s] -- Up-to-date symlink: /home/daiki/ws_gnss/install/gnss_ros_standardization/include/gnss_ros_standardization/gnss_ros_standardization/msg/detail/glonass_ephemeris__traits.hpp
[6.118s] -- Up-to-date symlink: /home/daiki/ws_gnss/install/gnss_ros_standardization/include/gnss_ros_standardization/gnss_ros_standardization/msg/detail/glonass_ephemeris__type_support.hpp
[6.118s] -- Up-to-date symlink: /home/daiki/ws_gnss/install/gnss_ros_standardization/include/gnss_ros_standardization/gnss_ros_standardization/msg/detail/gnss_ephemerides__builder.hpp
[6.118s] -- Up-to-date symlink: /home/daiki/ws_gnss/install/gnss_ros_standardization/include/gnss_ros_standardization/gnss_ros_standardization/msg/detail/gnss_ephemerides__struct.hpp
[6.118s] -- Up-to-date symlink: /home/daiki/ws_gnss/install/gnss_ros_standardization/include/gnss_ros_standardization/gnss_ros_standardization/msg/detail/gnss_ephemerides__traits.hpp
[6.118s] -- Up-to-date symlink: /home/daiki/ws_gnss/install/gnss_ros_standardization/include/gnss_ros_standardization/gnss_ros_standardization/msg/detail/gnss_ephemerides__type_support.hpp
[6.118s] -- Up-to-date symlink: /home/daiki/ws_gnss/install/gnss_ros_standardization/include/gnss_ros_standardization/gnss_ros_standardization/msg/detail/gnss_ephemeris__builder.hpp
[6.118s] -- Up-to-date symlink: /home/daiki/ws_gnss/install/gnss_ros_standardization/include/gnss_ros_standardization/gnss_ros_standardization/msg/detail/gnss_ephemeris__struct.hpp
[6.118s] -- Up-to-date symlink: /home/daiki/ws_gnss/install/gnss_ros_standardization/include/gnss_ros_standardization/gnss_ros_standardization/msg/detail/gnss_ephemeris__traits.hpp
[6.118s] -- Up-to-date symlink: /home/daiki/ws_gnss/install/gnss_ros_standardization/include/gnss_ros_standardization/gnss_ros_standardization/msg/detail/gnss_ephemeris__type_support.hpp
[6.118s] -- Up-to-date symlink: /home/daiki/ws_gnss/install/gnss_ros_standardization/include/gnss_ros_standardization/gnss_ros_standardization/msg/detail/gnss_observation__builder.hpp
[6.119s] -- Up-to-date symlink: /home/daiki/ws_gnss/install/gnss_ros_standardization/include/gnss_ros_standardization/gnss_ros_standardization/msg/detail/gnss_observation__struct.hpp
[6.119s] -- Up-to-date symlink: /home/daiki/ws_gnss/install/gnss_ros_standardization/include/gnss_ros_standardization/gnss_ros_standardization/msg/detail/gnss_observation__traits.hpp
[6.119s] -- Up-to-date symlink: /home/daiki/ws_gnss/install/gnss_ros_standardization/include/gnss_ros_standardization/gnss_ros_standardization/msg/detail/gnss_observation__type_support.hpp
[6.119s] -- Up-to-date symlink: /home/daiki/ws_gnss/install/gnss_ros_standardization/include/gnss_ros_standardization/gnss_ros_standardization/msg/detail/gnss_observations__builder.hpp
[6.119s] -- Up-to-date symlink: /home/daiki/ws_gnss/install/gnss_ros_standardization/include/gnss_ros_standardization/gnss_ros_standardization/msg/detail/gnss_observations__struct.hpp
[6.119s] -- Up-to-date symlink: /home/daiki/ws_gnss/install/gnss_ros_standardization/include/gnss_ros_standardization/gnss_ros_standardization/msg/detail/gnss_observations__traits.hpp
[6.119s] -- Up-to-date symlink: /home/daiki/ws_gnss/install/gnss_ros_standardization/include/gnss_ros_standardization/gnss_ros_standardization/msg/detail/gnss_observations__type_support.hpp
[6.119s] -- Up-to-date symlink: /home/daiki/ws_gnss/install/gnss_ros_standardization/include/gnss_ros_standardization/gnss_ros_standardization/msg/detail/gnss_solution__builder.hpp
[6.119s] -- Up-to-date symlink: /home/daiki/ws_gnss/install/gnss_ros_standardization/include/gnss_ros_standardization/gnss_ros_standardization/msg/detail/gnss_solution__struct.hpp
[6.119s] -- Up-to-date symlink: /home/daiki/ws_gnss/install/gnss_ros_standardization/include/gnss_ros_standardization/gnss_ros_standardization/msg/detail/gnss_solution__traits.hpp
[6.119s] -- Up-to-date symlink: /home/daiki/ws_gnss/install/gnss_ros_standardization/include/gnss_ros_standardization/gnss_ros_standardization/msg/detail/gnss_solution__type_support.hpp
[6.119s] -- Up-to-date symlink: /home/daiki/ws_gnss/install/gnss_ros_standardization/include/gnss_ros_standardization/gnss_ros_standardization/msg/glonass_ephemeris.hpp
[6.119s] -- Up-to-date symlink: /home/daiki/ws_gnss/install/gnss_ros_standardization/include/gnss_ros_standardization/gnss_ros_standardization/msg/gnss_ephemerides.hpp
[6.120s] -- Up-to-date symlink: /home/daiki/ws_gnss/install/gnss_ros_standardization/include/gnss_ros_standardization/gnss_ros_standardization/msg/gnss_ephemeris.hpp
[6.120s] -- Up-to-date symlink: /home/daiki/ws_gnss/install/gnss_ros_standardization/include/gnss_ros_standardization/gnss_ros_standardization/msg/gnss_observation.hpp
[6.120s] -- Up-to-date symlink: /home/daiki/ws_gnss/install/gnss_ros_standardization/include/gnss_ros_standardization/gnss_ros_standardization/msg/gnss_observations.hpp
[6.120s] -- Up-to-date symlink: /home/daiki/ws_gnss/install/gnss_ros_standardization/include/gnss_ros_standardization/gnss_ros_standardization/msg/gnss_solution.hpp
[6.120s] -- Up-to-date symlink: /home/daiki/ws_gnss/install/gnss_ros_standardization/include/gnss_ros_standardization/gnss_ros_standardization/msg/rosidl_generator_cpp__visibility_control.hpp
[6.120s] -- Up-to-date symlink: /home/daiki/ws_gnss/install/gnss_ros_standardization/include/gnss_ros_standardization/gnss_ros_standardization/msg/detail/glonass_ephemeris__rosidl_typesupport_fastrtps_cpp.hpp
[6.120s] -- Up-to-date symlink: /home/daiki/ws_gnss/install/gnss_ros_standardization/include/gnss_ros_standardization/gnss_ros_standardization/msg/detail/gnss_ephemerides__rosidl_typesupport_fastrtps_cpp.hpp
[6.120s] -- Up-to-date symlink: /home/daiki/ws_gnss/install/gnss_ros_standardization/include/gnss_ros_standardization/gnss_ros_standardization/msg/detail/gnss_ephemeris__rosidl_typesupport_fastrtps_cpp.hpp
[6.120s] -- Up-to-date symlink: /home/daiki/ws_gnss/install/gnss_ros_standardization/include/gnss_ros_standardization/gnss_ros_standardization/msg/detail/gnss_observation__rosidl_typesupport_fastrtps_cpp.hpp
[6.120s] -- Up-to-date symlink: /home/daiki/ws_gnss/install/gnss_ros_standardization/include/gnss_ros_standardization/gnss_ros_standardization/msg/detail/gnss_observations__rosidl_typesupport_fastrtps_cpp.hpp
[6.120s] -- Up-to-date symlink: /home/daiki/ws_gnss/install/gnss_ros_standardization/include/gnss_ros_standardization/gnss_ros_standardization/msg/detail/gnss_solution__rosidl_typesupport_fastrtps_cpp.hpp
[6.120s] -- Up-to-date symlink: /home/daiki/ws_gnss/install/gnss_ros_standardization/include/gnss_ros_standardization/gnss_ros_standardization/msg/rosidl_typesupport_fastrtps_cpp__visibility_control.h
[6.120s] -- Up-to-date symlink: /home/daiki/ws_gnss/install/gnss_ros_standardization/include/gnss_ros_standardization/gnss_ros_standardization/msg/detail/glonass_ephemeris__rosidl_typesupport_introspection_cpp.hpp
[6.120s] -- Up-to-date symlink: /home/daiki/ws_gnss/install/gnss_ros_standardization/include/gnss_ros_standardization/gnss_ros_standardization/msg/detail/gnss_ephemerides__rosidl_typesupport_introspection_cpp.hpp
[6.120s] -- Up-to-date symlink: /home/daiki/ws_gnss/install/gnss_ros_standardization/include/gnss_ros_standardization/gnss_ros_standardization/msg/detail/gnss_ephemeris__rosidl_typesupport_introspection_cpp.hpp
[6.120s] -- Up-to-date symlink: /home/daiki/ws_gnss/install/gnss_ros_standardization/include/gnss_ros_standardization/gnss_ros_standardization/msg/detail/gnss_observation__rosidl_typesupport_introspection_cpp.hpp
[6.120s] -- Up-to-date symlink: /home/daiki/ws_gnss/install/gnss_ros_standardization/include/gnss_ros_standardization/gnss_ros_standardization/msg/detail/gnss_observations__rosidl_typesupport_introspection_cpp.hpp
[6.120s] -- Up-to-date symlink: /home/daiki/ws_gnss/install/gnss_ros_standardization/include/gnss_ros_standardization/gnss_ros_standardization/msg/detail/gnss_solution__rosidl_typesupport_introspection_cpp.hpp
[6.120s] -- Up-to-date symlink: /home/daiki/ws_gnss/install/gnss_ros_standardization/share/gnss_ros_standardization/environment/pythonpath.sh
[6.121s] -- Up-to-date symlink: /home/daiki/ws_gnss/install/gnss_ros_standardization/share/gnss_ros_standardization/environment/pythonpath.dsv
[6.121s] -- Up-to-date symlink: /home/daiki/ws_gnss/install/gnss_ros_standardization/local/lib/python3.10/dist-packages/gnss_ros_standardization-0.1.0-py3.10.egg-info/PKG-INFO
[6.121s] -- Up-to-date symlink: /home/daiki/ws_gnss/install/gnss_ros_standardization/local/lib/python3.10/dist-packages/gnss_ros_standardization-0.1.0-py3.10.egg-info/SOURCES.txt
[6.121s] -- Up-to-date symlink: /home/daiki/ws_gnss/install/gnss_ros_standardization/local/lib/python3.10/dist-packages/gnss_ros_standardization-0.1.0-py3.10.egg-info/dependency_links.txt
[6.121s] -- Up-to-date symlink: /home/daiki/ws_gnss/install/gnss_ros_standardization/local/lib/python3.10/dist-packages/gnss_ros_standardization-0.1.0-py3.10.egg-info/top_level.txt
[6.121s] -- Up-to-date symlink: /home/daiki/ws_gnss/install/gnss_ros_standardization/local/lib/python3.10/dist-packages/gnss_ros_standardization/__init__.py
[6.121s] -- Up-to-date symlink: /home/daiki/ws_gnss/install/gnss_ros_standardization/local/lib/python3.10/dist-packages/gnss_ros_standardization/_gnss_ros_standardization_s.ep.rosidl_typesupport_c.c
[6.121s] -- Up-to-date symlink: /home/daiki/ws_gnss/install/gnss_ros_standardization/local/lib/python3.10/dist-packages/gnss_ros_standardization/_gnss_ros_standardization_s.ep.rosidl_typesupport_fastrtps_c.c
[6.121s] -- Up-to-date symlink: /home/daiki/ws_gnss/install/gnss_ros_standardization/local/lib/python3.10/dist-packages/gnss_ros_standardization/_gnss_ros_standardization_s.ep.rosidl_typesupport_introspection_c.c
[6.121s] -- Up-to-date symlink: /home/daiki/ws_gnss/install/gnss_ros_standardization/local/lib/python3.10/dist-packages/gnss_ros_standardization/gnss_ros_standardization_s__rosidl_typesupport_c.cpython-310-x86_64-linux-gnu.so
[6.121s] -- Up-to-date symlink: /home/daiki/ws_gnss/install/gnss_ros_standardization/local/lib/python3.10/dist-packages/gnss_ros_standardization/gnss_ros_standardization_s__rosidl_typesupport_fastrtps_c.cpython-310-x86_64-linux-gnu.so
[6.121s] -- Up-to-date symlink: /home/daiki/ws_gnss/install/gnss_ros_standardization/local/lib/python3.10/dist-packages/gnss_ros_standardization/gnss_ros_standardization_s__rosidl_typesupport_introspection_c.cpython-310-x86_64-linux-gnu.so
[6.121s] -- Up-to-date symlink: /home/daiki/ws_gnss/install/gnss_ros_standardization/local/lib/python3.10/dist-packages/gnss_ros_standardization/libgnss_ros_standardization__rosidl_generator_py.so
[6.121s] -- Up-to-date symlink: /home/daiki/ws_gnss/install/gnss_ros_standardization/local/lib/python3.10/dist-packages/gnss_ros_standardization/msg/__init__.py
[6.121s] -- Up-to-date symlink: /home/daiki/ws_gnss/install/gnss_ros_standardization/local/lib/python3.10/dist-packages/gnss_ros_standardization/msg/_glonass_ephemeris.py
[6.121s] -- Up-to-date symlink: /home/daiki/ws_gnss/install/gnss_ros_standardization/local/lib/python3.10/dist-packages/gnss_ros_standardization/msg/_glonass_ephemeris_s.c
[6.121s] -- Up-to-date symlink: /home/daiki/ws_gnss/install/gnss_ros_standardization/local/lib/python3.10/dist-packages/gnss_ros_standardization/msg/_gnss_ephemerides.py
[6.121s] -- Up-to-date symlink: /home/daiki/ws_gnss/install/gnss_ros_standardization/local/lib/python3.10/dist-packages/gnss_ros_standardization/msg/_gnss_ephemerides_s.c
[6.121s] -- Up-to-date symlink: /home/daiki/ws_gnss/install/gnss_ros_standardization/local/lib/python3.10/dist-packages/gnss_ros_standardization/msg/_gnss_ephemeris.py
[6.121s] -- Up-to-date symlink: /home/daiki/ws_gnss/install/gnss_ros_standardization/local/lib/python3.10/dist-packages/gnss_ros_standardization/msg/_gnss_ephemeris_s.c
[6.121s] -- Up-to-date symlink: /home/daiki/ws_gnss/install/gnss_ros_standardization/local/lib/python3.10/dist-packages/gnss_ros_standardization/msg/_gnss_observation.py
[6.121s] -- Up-to-date symlink: /home/daiki/ws_gnss/install/gnss_ros_standardization/local/lib/python3.10/dist-packages/gnss_ros_standardization/msg/_gnss_observation_s.c
[6.121s] -- Up-to-date symlink: /home/daiki/ws_gnss/install/gnss_ros_standardization/local/lib/python3.10/dist-packages/gnss_ros_standardization/msg/_gnss_observations.py
[6.121s] -- Up-to-date symlink: /home/daiki/ws_gnss/install/gnss_ros_standardization/local/lib/python3.10/dist-packages/gnss_ros_standardization/msg/_gnss_observations_s.c
[6.121s] -- Up-to-date symlink: /home/daiki/ws_gnss/install/gnss_ros_standardization/local/lib/python3.10/dist-packages/gnss_ros_standardization/msg/_gnss_solution.py
[6.121s] -- Up-to-date symlink: /home/daiki/ws_gnss/install/gnss_ros_standardization/local/lib/python3.10/dist-packages/gnss_ros_standardization/msg/_gnss_solution_s.c
[6.121s] -- Up-to-date symlink: /home/daiki/ws_gnss/install/gnss_ros_standardization/local/lib/python3.10/dist-packages/gnss_ros_standardization/gnss_ros_standardization_s__rosidl_typesupport_fastrtps_c.cpython-310-x86_64-linux-gnu.so
[6.121s] -- Up-to-date symlink: /home/daiki/ws_gnss/install/gnss_ros_standardization/local/lib/python3.10/dist-packages/gnss_ros_standardization/gnss_ros_standardization_s__rosidl_typesupport_introspection_c.cpython-310-x86_64-linux-gnu.so
[6.121s] -- Up-to-date symlink: /home/daiki/ws_gnss/install/gnss_ros_standardization/local/lib/python3.10/dist-packages/gnss_ros_standardization/gnss_ros_standardization_s__rosidl_typesupport_c.cpython-310-x86_64-linux-gnu.so
[6.121s] -- Up-to-date symlink: /home/daiki/ws_gnss/install/gnss_ros_standardization/share/gnss_ros_standardization/msg/GnssObservation.idl
[6.121s] -- Up-to-date symlink: /home/daiki/ws_gnss/install/gnss_ros_standardization/share/gnss_ros_standardization/msg/GnssObservations.idl
[6.121s] -- Up-to-date symlink: /home/daiki/ws_gnss/install/gnss_ros_standardization/share/gnss_ros_standardization/msg/GnssEphemeris.idl
[6.121s] -- Up-to-date symlink: /home/daiki/ws_gnss/install/gnss_ros_standardization/share/gnss_ros_standardization/msg/GlonassEphemeris.idl
[6.121s] -- Up-to-date symlink: /home/daiki/ws_gnss/install/gnss_ros_standardization/share/gnss_ros_standardization/msg/GnssEphemerides.idl
[6.121s] -- Up-to-date symlink: /home/daiki/ws_gnss/install/gnss_ros_standardization/share/gnss_ros_standardization/msg/GnssSolution.idl
[6.121s] -- Up-to-date symlink: /home/daiki/ws_gnss/install/gnss_ros_standardization/share/gnss_ros_standardization/msg/GnssObservation.msg
[6.121s] -- Up-to-date symlink: /home/daiki/ws_gnss/install/gnss_ros_standardization/share/gnss_ros_standardization/msg/GnssObservations.msg
[6.121s] -- Up-to-date symlink: /home/daiki/ws_gnss/install/gnss_ros_standardization/share/gnss_ros_standardization/msg/GnssEphemeris.msg
[6.121s] -- Up-to-date symlink: /home/daiki/ws_gnss/install/gnss_ros_standardization/share/gnss_ros_standardization/msg/GlonassEphemeris.msg
[6.121s] -- Up-to-date symlink: /home/daiki/ws_gnss/install/gnss_ros_standardization/share/gnss_ros_standardization/msg/GnssEphemerides.msg
[6.121s] -- Up-to-date symlink: /home/daiki/ws_gnss/install/gnss_ros_standardization/share/gnss_ros_standardization/msg/GnssSolution.msg
[6.121s] -- Up-to-date symlink: /home/daiki/ws_gnss/install/gnss_ros_standardization/lib/libgnss_utils.so
[6.122s] -- Up-to-date symlink: /home/daiki/ws_gnss/install/gnss_ros_standardization/lib/gnss_ros_standardization/rtcm_decoder_node
[6.122s] -- Up-to-date symlink: /home/daiki/ws_gnss/install/gnss_ros_standardization/lib/gnss_ros_standardization/ubx_decoder_node
[6.122s] -- Up-to-date symlink: /home/daiki/ws_gnss/install/gnss_ros_standardization/lib/gnss_ros_standardization/ubx_driver_node
[6.122s] -- Up-to-date symlink: /home/daiki/ws_gnss/install/gnss_ros_standardization/lib/gnss_ros_standardization/sbf_decoder_node
[6.122s] -- Up-to-date symlink: /home/daiki/ws_gnss/install/gnss_ros_standardization/lib/gnss_ros_standardization/sbf_driver_node
[6.122s] -- Up-to-date symlink: /home/daiki/ws_gnss/install/gnss_ros_standardization/lib/gnss_ros_standardization/novatel_decoder_node
[6.122s] -- Up-to-date symlink: /home/daiki/ws_gnss/install/gnss_ros_standardization/lib/gnss_ros_standardization/novatel_driver_node
[6.122s] -- Up-to-date symlink: /home/daiki/ws_gnss/install/gnss_ros_standardization/lib/gnss_ros_standardization/rosbag_to_rinex
[6.122s] -- Up-to-date symlink: /home/daiki/ws_gnss/install/gnss_ros_standardization/lib/gnss_ros_standardization/rinex_to_rosbag
[6.122s] -- Up-to-date symlink: /home/daiki/ws_gnss/install/gnss_ros_standardization/lib/gnss_ros_standardization/single_point_positioning
[6.122s] -- Up-to-date symlink: /home/daiki/ws_gnss/install/gnss_ros_standardization/lib/gnss_ros_standardization/real_time_kinematic
[6.122s] -- Up-to-date symlink: /home/daiki/ws_gnss/install/gnss_ros_standardization/share/ament_index/resource_index/package_run_dependencies/gnss_ros_standardization
[6.122s] -- Up-to-date symlink: /home/daiki/ws_gnss/install/gnss_ros_standardization/share/ament_index/resource_index/parent_prefix_path/gnss_ros_standardization
[6.122s] -- Up-to-date symlink: /home/daiki/ws_gnss/install/gnss_ros_standardization/share/gnss_ros_standardization/environment/ament_prefix_path.sh
[6.122s] -- Up-to-date symlink: /home/daiki/ws_gnss/install/gnss_ros_standardization/share/gnss_ros_standardization/environment/ament_prefix_path.dsv
[6.122s] -- Up-to-date symlink: /home/daiki/ws_gnss/install/gnss_ros_standardization/share/gnss_ros_standardization/environment/path.sh
[6.122s] -- Up-to-date symlink: /home/daiki/ws_gnss/install/gnss_ros_standardization/share/gnss_ros_standardization/environment/path.dsv
[6.122s] -- Up-to-date symlink: /home/daiki/ws_gnss/install/gnss_ros_standardization/share/gnss_ros_standardization/local_setup.bash
[6.122s] -- Up-to-date symlink: /home/daiki/ws_gnss/install/gnss_ros_standardization/share/gnss_ros_standardization/local_setup.sh
[6.122s] -- Up-to-date symlink: /home/daiki/ws_gnss/install/gnss_ros_standardization/share/gnss_ros_standardization/local_setup.zsh
[6.122s] -- Up-to-date symlink: /home/daiki/ws_gnss/install/gnss_ros_standardization/share/gnss_ros_standardization/local_setup.dsv
[6.122s] -- Symlinking: /home/daiki/ws_gnss/install/gnss_ros_standardization/share/gnss_ros_standardization/package.dsv
[6.126s] -- Up-to-date symlink: /home/daiki/ws_gnss/install/gnss_ros_standardization/share/ament_index/resource_index/packages/gnss_ros_standardization
[6.126s] -- Up-to-date symlink: /home/daiki/ws_gnss/install/gnss_ros_standardization/share/gnss_ros_standardization/cmake/rosidl_cmake-extras.cmake
[6.126s] -- Up-to-date symlink: /home/daiki/ws_gnss/install/gnss_ros_standardization/share/gnss_ros_standardization/cmake/ament_cmake_export_dependencies-extras.cmake
[6.126s] -- Up-to-date symlink: /home/daiki/ws_gnss/install/gnss_ros_standardization/share/gnss_ros_standardization/cmake/ament_cmake_export_include_directories-extras.cmake
[6.126s] -- Up-to-date symlink: /home/daiki/ws_gnss/install/gnss_ros_standardization/share/gnss_ros_standardization/cmake/ament_cmake_export_libraries-extras.cmake
[6.126s] -- Up-to-date symlink: /home/daiki/ws_gnss/install/gnss_ros_standardization/share/gnss_ros_standardization/cmake/ament_cmake_export_targets-extras.cmake
[6.126s] -- Up-to-date symlink: /home/daiki/ws_gnss/install/gnss_ros_standardization/share/gnss_ros_standardization/cmake/rosidl_cmake_export_typesupport_targets-extras.cmake
[6.126s] -- Up-to-date symlink: /home/daiki/ws_gnss/install/gnss_ros_standardization/share/gnss_ros_standardization/cmake/rosidl_cmake_export_typesupport_libraries-extras.cmake
[6.126s] -- Up-to-date symlink: /home/daiki/ws_gnss/install/gnss_ros_standardization/share/gnss_ros_standardization/cmake/gnss_ros_standardizationConfig.cmake
[6.126s] -- Up-to-date symlink: /home/daiki/ws_gnss/install/gnss_ros_standardization/share/gnss_ros_standardization/cmake/gnss_ros_standardizationConfig-version.cmake
[6.126s] -- Up-to-date symlink: /home/daiki/ws_gnss/install/gnss_ros_standardization/share/gnss_ros_standardization/package.xml
[6.126s] -- Up-to-date symlink: /home/daiki/ws_gnss/install/gnss_ros_standardization/lib/gnss_ros_standardization/gnss_visualizer
[6.126s] -- Symlinking: /home/daiki/ws_gnss/install/gnss_ros_standardization/lib/gnss_ros_standardization/simple_gnss_visualizer
[6.130s] -- Up-to-date: /home/daiki/ws_gnss/install/gnss_ros_standardization/lib/libgnss_ros_standardization__rosidl_generator_c.so
[6.130s] -- Up-to-date: /home/daiki/ws_gnss/install/gnss_ros_standardization/lib/libgnss_ros_standardization__rosidl_typesupport_fastrtps_c.so
[6.130s] -- Up-to-date: /home/daiki/ws_gnss/install/gnss_ros_standardization/lib/libgnss_ros_standardization__rosidl_typesupport_introspection_c.so
[6.130s] -- Up-to-date: /home/daiki/ws_gnss/install/gnss_ros_standardization/lib/libgnss_ros_standardization__rosidl_typesupport_c.so
[6.130s] -- Up-to-date: /home/daiki/ws_gnss/install/gnss_ros_standardization/lib/libgnss_ros_standardization__rosidl_typesupport_fastrtps_cpp.so
[6.130s] -- Up-to-date: /home/daiki/ws_gnss/install/gnss_ros_standardization/lib/libgnss_ros_standardization__rosidl_typesupport_introspection_cpp.so
[6.131s] -- Up-to-date: /home/daiki/ws_gnss/install/gnss_ros_standardization/lib/libgnss_ros_standardization__rosidl_typesupport_cpp.so
[6.150s] Listing '/home/daiki/ws_gnss/install/gnss_ros_standardization/local/lib/python3.10/dist-packages/gnss_ros_standardization'...
[6.150s] Compiling '/home/daiki/ws_gnss/install/gnss_ros_standardization/local/lib/python3.10/dist-packages/gnss_ros_standardization/__init__.py'...
[6.150s] Listing '/home/daiki/ws_gnss/install/gnss_ros_standardization/local/lib/python3.10/dist-packages/gnss_ros_standardization/msg'...
[6.152s] -- Up-to-date: /home/daiki/ws_gnss/install/gnss_ros_standardization/lib/libgnss_ros_standardization__rosidl_generator_py.so
[6.152s] -- Up-to-date: /home/daiki/ws_gnss/install/gnss_ros_standardization/share/gnss_ros_standardization/cmake/export_gnss_ros_standardization__rosidl_generator_cExport.cmake
[6.152s] -- Up-to-date: /home/daiki/ws_gnss/install/gnss_ros_standardization/share/gnss_ros_standardization/cmake/export_gnss_ros_standardization__rosidl_generator_cExport-noconfig.cmake
[6.152s] -- Up-to-date: /home/daiki/ws_gnss/install/gnss_ros_standardization/share/gnss_ros_standardization/cmake/export_gnss_ros_standardization__rosidl_typesupport_fastrtps_cExport.cmake
[6.152s] -- Up-to-date: /home/daiki/ws_gnss/install/gnss_ros_standardization/share/gnss_ros_standardization/cmake/export_gnss_ros_standardization__rosidl_typesupport_fastrtps_cExport-noconfig.cmake
[6.152s] -- Up-to-date: /home/daiki/ws_gnss/install/gnss_ros_standardization/share/gnss_ros_standardization/cmake/gnss_ros_standardization__rosidl_typesupport_introspection_cExport.cmake
[6.152s] -- Up-to-date: /home/daiki/ws_gnss/install/gnss_ros_standardization/share/gnss_ros_standardization/cmake/gnss_ros_standardization__rosidl_typesupport_introspection_cExport-noconfig.cmake
[6.152s] -- Up-to-date: /home/daiki/ws_gnss/install/gnss_ros_standardization/share/gnss_ros_standardization/cmake/gnss_ros_standardization__rosidl_typesupport_cExport.cmake
[6.152s] -- Up-to-date: /home/daiki/ws_gnss/install/gnss_ros_standardization/share/gnss_ros_standardization/cmake/gnss_ros_standardization__rosidl_typesupport_cExport-noconfig.cmake
[6.152s] -- Up-to-date: /home/daiki/ws_gnss/install/gnss_ros_standardization/share/gnss_ros_standardization/cmake/export_gnss_ros_standardization__rosidl_generator_cppExport.cmake
[6.152s] -- Up-to-date: /home/daiki/ws_gnss/install/gnss_ros_standardization/share/gnss_ros_standardization/cmake/export_gnss_ros_standardization__rosidl_typesupport_fastrtps_cppExport.cmake
[6.152s] -- Up-to-date: /home/daiki/ws_gnss/install/gnss_ros_standardization/share/gnss_ros_standardization/cmake/export_gnss_ros_standardization__rosidl_typesupport_fastrtps_cppExport-noconfig.cmake
[6.152s] -- Up-to-date: /home/daiki/ws_gnss/install/gnss_ros_standardization/share/gnss_ros_standardization/cmake/gnss_ros_standardization__rosidl_typesupport_introspection_cppExport.cmake
[6.152s] -- Up-to-date: /home/daiki/ws_gnss/install/gnss_ros_standardization/share/gnss_ros_standardization/cmake/gnss_ros_standardization__rosidl_typesupport_introspection_cppExport-noconfig.cmake
[6.152s] -- Up-to-date: /home/daiki/ws_gnss/install/gnss_ros_standardization/share/gnss_ros_standardization/cmake/gnss_ros_standardization__rosidl_typesupport_cppExport.cmake
[6.152s] -- Up-to-date: /home/daiki/ws_gnss/install/gnss_ros_standardization/share/gnss_ros_standardization/cmake/gnss_ros_standardization__rosidl_typesupport_cppExport-noconfig.cmake
[6.152s] -- Up-to-date: /home/daiki/ws_gnss/install/gnss_ros_standardization/share/gnss_ros_standardization/cmake/export_gnss_ros_standardization__rosidl_generator_pyExport.cmake
[6.152s] -- Up-to-date: /home/daiki/ws_gnss/install/gnss_ros_standardization/share/gnss_ros_standardization/cmake/export_gnss_ros_standardization__rosidl_generator_pyExport-noconfig.cmake
[6.153s] Invoked command in '/home/daiki/ws_gnss/build/gnss_ros_standardization' returned '0': CMAKE_PREFIX_PATH=/opt/ros/humble /usr/bin/cmake --install /home/daiki/ws_gnss/build/gnss_ros_standardization
