[  0%] Built target gnss_ros_standardization__cpp
[ 31%] Built target rtkcore_lib
[ 33%] Built target gnss_ros_standardization__rosidl_generator_c
[ 33%] Built target ament_cmake_python_symlink_gnss_ros_standardization
[ 39%] Built target gnss_ros_standardization__rosidl_typesupport_c
[ 45%] Built target gnss_ros_standardization__rosidl_typesupport_cpp
[ 50%] Built target gnss_ros_standardization__rosidl_typesupport_introspection_cpp
[ 56%] Built target gnss_ros_standardization__rosidl_typesupport_fastrtps_cpp
[ 62%] Built target gnss_ros_standardization__rosidl_typesupport_introspection_c
[ 68%] Built target gnss_ros_standardization__rosidl_typesupport_fastrtps_c
[ 70%] Built target gnss_utils
[ 70%] Built target gnss_ros_standardization
[ 74%] Built target sbf_decoder_node
[ 74%] Built target novatel_driver_node
[ 74%] Built target rosbag_to_rinex
[ 75%] Built target rinex_to_rosbag
Consolidate compiler generated dependencies of target simple_gnss_visualizer
[ 77%] Built target sbf_driver_node
[ 79%] Built target novatel_decoder_node
[ 81%] Built target real_time_kinematic
[ 82%] Built target gnss_visualizer
[ 83%] Built target ubx_decoder_node
[ 84%] Built target rtcm_decoder_node
[ 86%] Built target ubx_driver_node
[ 87%] Built target gnss_ros_standardization__py
[ 89%] Built target single_point_positioning
[ 89%] Building CXX object CMakeFiles/simple_gnss_visualizer.dir/src/utils/simple_gnss_visualizer.cpp.o
[ 94%] Built target gnss_ros_standardization__rosidl_generator_py
[ 96%] Built target gnss_ros_standardization__rosidl_typesupport_c__pyext
[ 97%] Built target gnss_ros_standardization__rosidl_typesupport_fastrtps_c__pyext
[ 99%] Built target gnss_ros_standardization__rosidl_typesupport_introspection_c__pyext
running egg_info
writing gnss_ros_standardization.egg-info/PKG-INFO
writing dependency_links to gnss_ros_standardization.egg-info/dependency_links.txt
writing top-level names to gnss_ros_standardization.egg-info/top_level.txt
reading manifest file 'gnss_ros_standardization.egg-info/SOURCES.txt'
writing manifest file 'gnss_ros_standardization.egg-info/SOURCES.txt'
[ 99%] Built target ament_cmake_python_build_gnss_ros_standardization_egg
[100%] Linking CXX executable simple_gnss_visualizer
[100%] Built target simple_gnss_visualizer
-- Install configuration: ""
-- Execute custom install script
-- Up-to-date symlink: /home/daiki/ws_gnss/install/gnss_ros_standardization/share/ament_index/resource_index/rosidl_interfaces/gnss_ros_standardization
-- Up-to-date symlink: /home/daiki/ws_gnss/install/gnss_ros_standardization/include/gnss_ros_standardization/gnss_ros_standardization/msg/detail/glonass_ephemeris__functions.h
-- Up-to-date symlink: /home/daiki/ws_gnss/install/gnss_ros_standardization/include/gnss_ros_standardization/gnss_ros_standardization/msg/detail/glonass_ephemeris__struct.h
-- Up-to-date symlink: /home/daiki/ws_gnss/install/gnss_ros_standardization/include/gnss_ros_standardization/gnss_ros_standardization/msg/detail/glonass_ephemeris__type_support.h
-- Up-to-date symlink: /home/daiki/ws_gnss/install/gnss_ros_standardization/include/gnss_ros_standardization/gnss_ros_standardization/msg/detail/gnss_ephemerides__functions.h
-- Up-to-date symlink: /home/daiki/ws_gnss/install/gnss_ros_standardization/include/gnss_ros_standardization/gnss_ros_standardization/msg/detail/gnss_ephemerides__struct.h
-- Up-to-date symlink: /home/daiki/ws_gnss/install/gnss_ros_standardization/include/gnss_ros_standardization/gnss_ros_standardization/msg/detail/gnss_ephemerides__type_support.h
-- Up-to-date symlink: /home/daiki/ws_gnss/install/gnss_ros_standardization/include/gnss_ros_standardization/gnss_ros_standardization/msg/detail/gnss_ephemeris__functions.h
-- Up-to-date symlink: /home/daiki/ws_gnss/install/gnss_ros_standardization/include/gnss_ros_standardization/gnss_ros_standardization/msg/detail/gnss_ephemeris__struct.h
-- Up-to-date symlink: /home/daiki/ws_gnss/install/gnss_ros_standardization/include/gnss_ros_standardization/gnss_ros_standardization/msg/detail/gnss_ephemeris__type_support.h
-- Up-to-date symlink: /home/daiki/ws_gnss/install/gnss_ros_standardization/include/gnss_ros_standardization/gnss_ros_standardization/msg/detail/gnss_observation__functions.h
-- Up-to-date symlink: /home/daiki/ws_gnss/install/gnss_ros_standardization/include/gnss_ros_standardization/gnss_ros_standardization/msg/detail/gnss_observation__struct.h
-- Up-to-date symlink: /home/daiki/ws_gnss/install/gnss_ros_standardization/include/gnss_ros_standardization/gnss_ros_standardization/msg/detail/gnss_observation__type_support.h
-- Up-to-date symlink: /home/daiki/ws_gnss/install/gnss_ros_standardization/include/gnss_ros_standardization/gnss_ros_standardization/msg/detail/gnss_observations__functions.h
-- Up-to-date symlink: /home/daiki/ws_gnss/install/gnss_ros_standardization/include/gnss_ros_standardization/gnss_ros_standardization/msg/detail/gnss_observations__struct.h
-- Up-to-date symlink: /home/daiki/ws_gnss/install/gnss_ros_standardization/include/gnss_ros_standardization/gnss_ros_standardization/msg/detail/gnss_observations__type_support.h
-- Up-to-date symlink: /home/daiki/ws_gnss/install/gnss_ros_standardization/include/gnss_ros_standardization/gnss_ros_standardization/msg/detail/gnss_solution__functions.h
-- Up-to-date symlink: /home/daiki/ws_gnss/install/gnss_ros_standardization/include/gnss_ros_standardization/gnss_ros_standardization/msg/detail/gnss_solution__struct.h
-- Up-to-date symlink: /home/daiki/ws_gnss/install/gnss_ros_standardization/include/gnss_ros_standardization/gnss_ros_standardization/msg/detail/gnss_solution__type_support.h
-- Up-to-date symlink: /home/daiki/ws_gnss/install/gnss_ros_standardization/include/gnss_ros_standardization/gnss_ros_standardization/msg/glonass_ephemeris.h
-- Up-to-date symlink: /home/daiki/ws_gnss/install/gnss_ros_standardization/include/gnss_ros_standardization/gnss_ros_standardization/msg/gnss_ephemerides.h
-- Up-to-date symlink: /home/daiki/ws_gnss/install/gnss_ros_standardization/include/gnss_ros_standardization/gnss_ros_standardization/msg/gnss_ephemeris.h
-- Up-to-date symlink: /home/daiki/ws_gnss/install/gnss_ros_standardization/include/gnss_ros_standardization/gnss_ros_standardization/msg/gnss_observation.h
-- Up-to-date symlink: /home/daiki/ws_gnss/install/gnss_ros_standardization/include/gnss_ros_standardization/gnss_ros_standardization/msg/gnss_observations.h
-- Up-to-date symlink: /home/daiki/ws_gnss/install/gnss_ros_standardization/include/gnss_ros_standardization/gnss_ros_standardization/msg/gnss_solution.h
-- Up-to-date symlink: /home/daiki/ws_gnss/install/gnss_ros_standardization/include/gnss_ros_standardization/gnss_ros_standardization/msg/rosidl_generator_c__visibility_control.h
-- Up-to-date symlink: /home/daiki/ws_gnss/install/gnss_ros_standardization/share/gnss_ros_standardization/environment/library_path.sh
-- Up-to-date symlink: /home/daiki/ws_gnss/install/gnss_ros_standardization/share/gnss_ros_standardization/environment/library_path.dsv
-- Up-to-date symlink: /home/daiki/ws_gnss/install/gnss_ros_standardization/include/gnss_ros_standardization/gnss_ros_standardization/msg/detail/glonass_ephemeris__rosidl_typesupport_fastrtps_c.h
-- Up-to-date symlink: /home/daiki/ws_gnss/install/gnss_ros_standardization/include/gnss_ros_standardization/gnss_ros_standardization/msg/detail/gnss_ephemerides__rosidl_typesupport_fastrtps_c.h
-- Up-to-date symlink: /home/daiki/ws_gnss/install/gnss_ros_standardization/include/gnss_ros_standardization/gnss_ros_standardization/msg/detail/gnss_ephemeris__rosidl_typesupport_fastrtps_c.h
-- Up-to-date symlink: /home/daiki/ws_gnss/install/gnss_ros_standardization/include/gnss_ros_standardization/gnss_ros_standardization/msg/detail/gnss_observation__rosidl_typesupport_fastrtps_c.h
-- Up-to-date symlink: /home/daiki/ws_gnss/install/gnss_ros_standardization/include/gnss_ros_standardization/gnss_ros_standardization/msg/detail/gnss_observations__rosidl_typesupport_fastrtps_c.h
-- Up-to-date symlink: /home/daiki/ws_gnss/install/gnss_ros_standardization/include/gnss_ros_standardization/gnss_ros_standardization/msg/detail/gnss_solution__rosidl_typesupport_fastrtps_c.h
-- Up-to-date symlink: /home/daiki/ws_gnss/install/gnss_ros_standardization/include/gnss_ros_standardization/gnss_ros_standardization/msg/rosidl_typesupport_fastrtps_c__visibility_control.h
-- Up-to-date symlink: /home/daiki/ws_gnss/install/gnss_ros_standardization/include/gnss_ros_standardization/gnss_ros_standardization/msg/detail/glonass_ephemeris__rosidl_typesupport_introspection_c.h
-- Up-to-date symlink: /home/daiki/ws_gnss/install/gnss_ros_standardization/include/gnss_ros_standardization/gnss_ros_standardization/msg/detail/gnss_ephemerides__rosidl_typesupport_introspection_c.h
-- Up-to-date symlink: /home/daiki/ws_gnss/install/gnss_ros_standardization/include/gnss_ros_standardization/gnss_ros_standardization/msg/detail/gnss_ephemeris__rosidl_typesupport_introspection_c.h
-- Up-to-date symlink: /home/daiki/ws_gnss/install/gnss_ros_standardization/include/gnss_ros_standardization/gnss_ros_standardization/msg/detail/gnss_observation__rosidl_typesupport_introspection_c.h
-- Up-to-date symlink: /home/daiki/ws_gnss/install/gnss_ros_standardization/include/gnss_ros_standardization/gnss_ros_standardization/msg/detail/gnss_observations__rosidl_typesupport_introspection_c.h
-- Up-to-date symlink: /home/daiki/ws_gnss/install/gnss_ros_standardization/include/gnss_ros_standardization/gnss_ros_standardization/msg/detail/gnss_solution__rosidl_typesupport_introspection_c.h
-- Up-to-date symlink: /home/daiki/ws_gnss/install/gnss_ros_standardization/include/gnss_ros_standardization/gnss_ros_standardization/msg/rosidl_typesupport_introspection_c__visibility_control.h
-- Up-to-date symlink: /home/daiki/ws_gnss/install/gnss_ros_standardization/include/gnss_ros_standardization/gnss_ros_standardization/msg/detail/glonass_ephemeris__builder.hpp
-- Up-to-date symlink: /home/daiki/ws_gnss/install/gnss_ros_standardization/include/gnss_ros_standardization/gnss_ros_standardization/msg/detail/glonass_ephemeris__struct.hpp
-- Up-to-date symlink: /home/daiki/ws_gnss/install/gnss_ros_standardization/include/gnss_ros_standardization/gnss_ros_standardization/msg/detail/glonass_ephemeris__traits.hpp
-- Up-to-date symlink: /home/daiki/ws_gnss/install/gnss_ros_standardization/include/gnss_ros_standardization/gnss_ros_standardization/msg/detail/glonass_ephemeris__type_support.hpp
-- Up-to-date symlink: /home/daiki/ws_gnss/install/gnss_ros_standardization/include/gnss_ros_standardization/gnss_ros_standardization/msg/detail/gnss_ephemerides__builder.hpp
-- Up-to-date symlink: /home/daiki/ws_gnss/install/gnss_ros_standardization/include/gnss_ros_standardization/gnss_ros_standardization/msg/detail/gnss_ephemerides__struct.hpp
-- Up-to-date symlink: /home/daiki/ws_gnss/install/gnss_ros_standardization/include/gnss_ros_standardization/gnss_ros_standardization/msg/detail/gnss_ephemerides__traits.hpp
-- Up-to-date symlink: /home/daiki/ws_gnss/install/gnss_ros_standardization/include/gnss_ros_standardization/gnss_ros_standardization/msg/detail/gnss_ephemerides__type_support.hpp
-- Up-to-date symlink: /home/daiki/ws_gnss/install/gnss_ros_standardization/include/gnss_ros_standardization/gnss_ros_standardization/msg/detail/gnss_ephemeris__builder.hpp
-- Up-to-date symlink: /home/daiki/ws_gnss/install/gnss_ros_standardization/include/gnss_ros_standardization/gnss_ros_standardization/msg/detail/gnss_ephemeris__struct.hpp
-- Up-to-date symlink: /home/daiki/ws_gnss/install/gnss_ros_standardization/include/gnss_ros_standardization/gnss_ros_standardization/msg/detail/gnss_ephemeris__traits.hpp
-- Up-to-date symlink: /home/daiki/ws_gnss/install/gnss_ros_standardization/include/gnss_ros_standardization/gnss_ros_standardization/msg/detail/gnss_ephemeris__type_support.hpp
-- Up-to-date symlink: /home/daiki/ws_gnss/install/gnss_ros_standardization/include/gnss_ros_standardization/gnss_ros_standardization/msg/detail/gnss_observation__builder.hpp
-- Up-to-date symlink: /home/daiki/ws_gnss/install/gnss_ros_standardization/include/gnss_ros_standardization/gnss_ros_standardization/msg/detail/gnss_observation__struct.hpp
-- Up-to-date symlink: /home/daiki/ws_gnss/install/gnss_ros_standardization/include/gnss_ros_standardization/gnss_ros_standardization/msg/detail/gnss_observation__traits.hpp
-- Up-to-date symlink: /home/daiki/ws_gnss/install/gnss_ros_standardization/include/gnss_ros_standardization/gnss_ros_standardization/msg/detail/gnss_observation__type_support.hpp
-- Up-to-date symlink: /home/daiki/ws_gnss/install/gnss_ros_standardization/include/gnss_ros_standardization/gnss_ros_standardization/msg/detail/gnss_observations__builder.hpp
-- Up-to-date symlink: /home/daiki/ws_gnss/install/gnss_ros_standardization/include/gnss_ros_standardization/gnss_ros_standardization/msg/detail/gnss_observations__struct.hpp
-- Up-to-date symlink: /home/daiki/ws_gnss/install/gnss_ros_standardization/include/gnss_ros_standardization/gnss_ros_standardization/msg/detail/gnss_observations__traits.hpp
-- Up-to-date symlink: /home/daiki/ws_gnss/install/gnss_ros_standardization/include/gnss_ros_standardization/gnss_ros_standardization/msg/detail/gnss_observations__type_support.hpp
-- Up-to-date symlink: /home/daiki/ws_gnss/install/gnss_ros_standardization/include/gnss_ros_standardization/gnss_ros_standardization/msg/detail/gnss_solution__builder.hpp
-- Up-to-date symlink: /home/daiki/ws_gnss/install/gnss_ros_standardization/include/gnss_ros_standardization/gnss_ros_standardization/msg/detail/gnss_solution__struct.hpp
-- Up-to-date symlink: /home/daiki/ws_gnss/install/gnss_ros_standardization/include/gnss_ros_standardization/gnss_ros_standardization/msg/detail/gnss_solution__traits.hpp
-- Up-to-date symlink: /home/daiki/ws_gnss/install/gnss_ros_standardization/include/gnss_ros_standardization/gnss_ros_standardization/msg/detail/gnss_solution__type_support.hpp
-- Up-to-date symlink: /home/daiki/ws_gnss/install/gnss_ros_standardization/include/gnss_ros_standardization/gnss_ros_standardization/msg/glonass_ephemeris.hpp
-- Up-to-date symlink: /home/daiki/ws_gnss/install/gnss_ros_standardization/include/gnss_ros_standardization/gnss_ros_standardization/msg/gnss_ephemerides.hpp
-- Up-to-date symlink: /home/daiki/ws_gnss/install/gnss_ros_standardization/include/gnss_ros_standardization/gnss_ros_standardization/msg/gnss_ephemeris.hpp
-- Up-to-date symlink: /home/daiki/ws_gnss/install/gnss_ros_standardization/include/gnss_ros_standardization/gnss_ros_standardization/msg/gnss_observation.hpp
-- Up-to-date symlink: /home/daiki/ws_gnss/install/gnss_ros_standardization/include/gnss_ros_standardization/gnss_ros_standardization/msg/gnss_observations.hpp
-- Up-to-date symlink: /home/daiki/ws_gnss/install/gnss_ros_standardization/include/gnss_ros_standardization/gnss_ros_standardization/msg/gnss_solution.hpp
-- Up-to-date symlink: /home/daiki/ws_gnss/install/gnss_ros_standardization/include/gnss_ros_standardization/gnss_ros_standardization/msg/rosidl_generator_cpp__visibility_control.hpp
-- Up-to-date symlink: /home/daiki/ws_gnss/install/gnss_ros_standardization/include/gnss_ros_standardization/gnss_ros_standardization/msg/detail/glonass_ephemeris__rosidl_typesupport_fastrtps_cpp.hpp
-- Up-to-date symlink: /home/daiki/ws_gnss/install/gnss_ros_standardization/include/gnss_ros_standardization/gnss_ros_standardization/msg/detail/gnss_ephemerides__rosidl_typesupport_fastrtps_cpp.hpp
-- Up-to-date symlink: /home/daiki/ws_gnss/install/gnss_ros_standardization/include/gnss_ros_standardization/gnss_ros_standardization/msg/detail/gnss_ephemeris__rosidl_typesupport_fastrtps_cpp.hpp
-- Up-to-date symlink: /home/daiki/ws_gnss/install/gnss_ros_standardization/include/gnss_ros_standardization/gnss_ros_standardization/msg/detail/gnss_observation__rosidl_typesupport_fastrtps_cpp.hpp
-- Up-to-date symlink: /home/daiki/ws_gnss/install/gnss_ros_standardization/include/gnss_ros_standardization/gnss_ros_standardization/msg/detail/gnss_observations__rosidl_typesupport_fastrtps_cpp.hpp
-- Up-to-date symlink: /home/daiki/ws_gnss/install/gnss_ros_standardization/include/gnss_ros_standardization/gnss_ros_standardization/msg/detail/gnss_solution__rosidl_typesupport_fastrtps_cpp.hpp
-- Up-to-date symlink: /home/daiki/ws_gnss/install/gnss_ros_standardization/include/gnss_ros_standardization/gnss_ros_standardization/msg/rosidl_typesupport_fastrtps_cpp__visibility_control.h
-- Up-to-date symlink: /home/daiki/ws_gnss/install/gnss_ros_standardization/include/gnss_ros_standardization/gnss_ros_standardization/msg/detail/glonass_ephemeris__rosidl_typesupport_introspection_cpp.hpp
-- Up-to-date symlink: /home/daiki/ws_gnss/install/gnss_ros_standardization/include/gnss_ros_standardization/gnss_ros_standardization/msg/detail/gnss_ephemerides__rosidl_typesupport_introspection_cpp.hpp
-- Up-to-date symlink: /home/daiki/ws_gnss/install/gnss_ros_standardization/include/gnss_ros_standardization/gnss_ros_standardization/msg/detail/gnss_ephemeris__rosidl_typesupport_introspection_cpp.hpp
-- Up-to-date symlink: /home/daiki/ws_gnss/install/gnss_ros_standardization/include/gnss_ros_standardization/gnss_ros_standardization/msg/detail/gnss_observation__rosidl_typesupport_introspection_cpp.hpp
-- Up-to-date symlink: /home/daiki/ws_gnss/install/gnss_ros_standardization/include/gnss_ros_standardization/gnss_ros_standardization/msg/detail/gnss_observations__rosidl_typesupport_introspection_cpp.hpp
-- Up-to-date symlink: /home/daiki/ws_gnss/install/gnss_ros_standardization/include/gnss_ros_standardization/gnss_ros_standardization/msg/detail/gnss_solution__rosidl_typesupport_introspection_cpp.hpp
-- Up-to-date symlink: /home/daiki/ws_gnss/install/gnss_ros_standardization/share/gnss_ros_standardization/environment/pythonpath.sh
-- Up-to-date symlink: /home/daiki/ws_gnss/install/gnss_ros_standardization/share/gnss_ros_standardization/environment/pythonpath.dsv
-- Up-to-date symlink: /home/daiki/ws_gnss/install/gnss_ros_standardization/local/lib/python3.10/dist-packages/gnss_ros_standardization-0.1.0-py3.10.egg-info/PKG-INFO
-- Up-to-date symlink: /home/daiki/ws_gnss/install/gnss_ros_standardization/local/lib/python3.10/dist-packages/gnss_ros_standardization-0.1.0-py3.10.egg-info/SOURCES.txt
-- Up-to-date symlink: /home/daiki/ws_gnss/install/gnss_ros_standardization/local/lib/python3.10/dist-packages/gnss_ros_standardization-0.1.0-py3.10.egg-info/dependency_links.txt
-- Up-to-date symlink: /home/daiki/ws_gnss/install/gnss_ros_standardization/local/lib/python3.10/dist-packages/gnss_ros_standardization-0.1.0-py3.10.egg-info/top_level.txt
-- Up-to-date symlink: /home/daiki/ws_gnss/install/gnss_ros_standardization/local/lib/python3.10/dist-packages/gnss_ros_standardization/__init__.py
-- Up-to-date symlink: /home/daiki/ws_gnss/install/gnss_ros_standardization/local/lib/python3.10/dist-packages/gnss_ros_standardization/_gnss_ros_standardization_s.ep.rosidl_typesupport_c.c
-- Up-to-date symlink: /home/daiki/ws_gnss/install/gnss_ros_standardization/local/lib/python3.10/dist-packages/gnss_ros_standardization/_gnss_ros_standardization_s.ep.rosidl_typesupport_fastrtps_c.c
-- Up-to-date symlink: /home/daiki/ws_gnss/install/gnss_ros_standardization/local/lib/python3.10/dist-packages/gnss_ros_standardization/_gnss_ros_standardization_s.ep.rosidl_typesupport_introspection_c.c
-- Up-to-date symlink: /home/daiki/ws_gnss/install/gnss_ros_standardization/local/lib/python3.10/dist-packages/gnss_ros_standardization/gnss_ros_standardization_s__rosidl_typesupport_c.cpython-310-x86_64-linux-gnu.so
-- Up-to-date symlink: /home/daiki/ws_gnss/install/gnss_ros_standardization/local/lib/python3.10/dist-packages/gnss_ros_standardization/gnss_ros_standardization_s__rosidl_typesupport_fastrtps_c.cpython-310-x86_64-linux-gnu.so
-- Up-to-date symlink: /home/daiki/ws_gnss/install/gnss_ros_standardization/local/lib/python3.10/dist-packages/gnss_ros_standardization/gnss_ros_standardization_s__rosidl_typesupport_introspection_c.cpython-310-x86_64-linux-gnu.so
-- Up-to-date symlink: /home/daiki/ws_gnss/install/gnss_ros_standardization/local/lib/python3.10/dist-packages/gnss_ros_standardization/libgnss_ros_standardization__rosidl_generator_py.so
-- Up-to-date symlink: /home/daiki/ws_gnss/install/gnss_ros_standardization/local/lib/python3.10/dist-packages/gnss_ros_standardization/msg/__init__.py
-- Up-to-date symlink: /home/daiki/ws_gnss/install/gnss_ros_standardization/local/lib/python3.10/dist-packages/gnss_ros_standardization/msg/_glonass_ephemeris.py
-- Up-to-date symlink: /home/daiki/ws_gnss/install/gnss_ros_standardization/local/lib/python3.10/dist-packages/gnss_ros_standardization/msg/_glonass_ephemeris_s.c
-- Up-to-date symlink: /home/daiki/ws_gnss/install/gnss_ros_standardization/local/lib/python3.10/dist-packages/gnss_ros_standardization/msg/_gnss_ephemerides.py
-- Up-to-date symlink: /home/daiki/ws_gnss/install/gnss_ros_standardization/local/lib/python3.10/dist-packages/gnss_ros_standardization/msg/_gnss_ephemerides_s.c
-- Up-to-date symlink: /home/daiki/ws_gnss/install/gnss_ros_standardization/local/lib/python3.10/dist-packages/gnss_ros_standardization/msg/_gnss_ephemeris.py
-- Up-to-date symlink: /home/daiki/ws_gnss/install/gnss_ros_standardization/local/lib/python3.10/dist-packages/gnss_ros_standardization/msg/_gnss_ephemeris_s.c
-- Up-to-date symlink: /home/daiki/ws_gnss/install/gnss_ros_standardization/local/lib/python3.10/dist-packages/gnss_ros_standardization/msg/_gnss_observation.py
-- Up-to-date symlink: /home/daiki/ws_gnss/install/gnss_ros_standardization/local/lib/python3.10/dist-packages/gnss_ros_standardization/msg/_gnss_observation_s.c
-- Up-to-date symlink: /home/daiki/ws_gnss/install/gnss_ros_standardization/local/lib/python3.10/dist-packages/gnss_ros_standardization/msg/_gnss_observations.py
-- Up-to-date symlink: /home/daiki/ws_gnss/install/gnss_ros_standardization/local/lib/python3.10/dist-packages/gnss_ros_standardization/msg/_gnss_observations_s.c
-- Up-to-date symlink: /home/daiki/ws_gnss/install/gnss_ros_standardization/local/lib/python3.10/dist-packages/gnss_ros_standardization/msg/_gnss_solution.py
-- Up-to-date symlink: /home/daiki/ws_gnss/install/gnss_ros_standardization/local/lib/python3.10/dist-packages/gnss_ros_standardization/msg/_gnss_solution_s.c
-- Up-to-date symlink: /home/daiki/ws_gnss/install/gnss_ros_standardization/local/lib/python3.10/dist-packages/gnss_ros_standardization/gnss_ros_standardization_s__rosidl_typesupport_fastrtps_c.cpython-310-x86_64-linux-gnu.so
-- Up-to-date symlink: /home/daiki/ws_gnss/install/gnss_ros_standardization/local/lib/python3.10/dist-packages/gnss_ros_standardization/gnss_ros_standardization_s__rosidl_typesupport_introspection_c.cpython-310-x86_64-linux-gnu.so
-- Up-to-date symlink: /home/daiki/ws_gnss/install/gnss_ros_standardization/local/lib/python3.10/dist-packages/gnss_ros_standardization/gnss_ros_standardization_s__rosidl_typesupport_c.cpython-310-x86_64-linux-gnu.so
-- Up-to-date symlink: /home/daiki/ws_gnss/install/gnss_ros_standardization/share/gnss_ros_standardization/msg/GnssObservation.idl
-- Up-to-date symlink: /home/daiki/ws_gnss/install/gnss_ros_standardization/share/gnss_ros_standardization/msg/GnssObservations.idl
-- Up-to-date symlink: /home/daiki/ws_gnss/install/gnss_ros_standardization/share/gnss_ros_standardization/msg/GnssEphemeris.idl
-- Up-to-date symlink: /home/daiki/ws_gnss/install/gnss_ros_standardization/share/gnss_ros_standardization/msg/GlonassEphemeris.idl
-- Up-to-date symlink: /home/daiki/ws_gnss/install/gnss_ros_standardization/share/gnss_ros_standardization/msg/GnssEphemerides.idl
-- Up-to-date symlink: /home/daiki/ws_gnss/install/gnss_ros_standardization/share/gnss_ros_standardization/msg/GnssSolution.idl
-- Up-to-date symlink: /home/daiki/ws_gnss/install/gnss_ros_standardization/share/gnss_ros_standardization/msg/GnssObservation.msg
-- Up-to-date symlink: /home/daiki/ws_gnss/install/gnss_ros_standardization/share/gnss_ros_standardization/msg/GnssObservations.msg
-- Up-to-date symlink: /home/daiki/ws_gnss/install/gnss_ros_standardization/share/gnss_ros_standardization/msg/GnssEphemeris.msg
-- Up-to-date symlink: /home/daiki/ws_gnss/install/gnss_ros_standardization/share/gnss_ros_standardization/msg/GlonassEphemeris.msg
-- Up-to-date symlink: /home/daiki/ws_gnss/install/gnss_ros_standardization/share/gnss_ros_standardization/msg/GnssEphemerides.msg
-- Up-to-date symlink: /home/daiki/ws_gnss/install/gnss_ros_standardization/share/gnss_ros_standardization/msg/GnssSolution.msg
-- Up-to-date symlink: /home/daiki/ws_gnss/install/gnss_ros_standardization/lib/libgnss_utils.so
-- Up-to-date symlink: /home/daiki/ws_gnss/install/gnss_ros_standardization/lib/gnss_ros_standardization/rtcm_decoder_node
-- Up-to-date symlink: /home/daiki/ws_gnss/install/gnss_ros_standardization/lib/gnss_ros_standardization/ubx_decoder_node
-- Up-to-date symlink: /home/daiki/ws_gnss/install/gnss_ros_standardization/lib/gnss_ros_standardization/ubx_driver_node
-- Up-to-date symlink: /home/daiki/ws_gnss/install/gnss_ros_standardization/lib/gnss_ros_standardization/sbf_decoder_node
-- Up-to-date symlink: /home/daiki/ws_gnss/install/gnss_ros_standardization/lib/gnss_ros_standardization/sbf_driver_node
-- Up-to-date symlink: /home/daiki/ws_gnss/install/gnss_ros_standardization/lib/gnss_ros_standardization/novatel_decoder_node
-- Up-to-date symlink: /home/daiki/ws_gnss/install/gnss_ros_standardization/lib/gnss_ros_standardization/novatel_driver_node
-- Up-to-date symlink: /home/daiki/ws_gnss/install/gnss_ros_standardization/lib/gnss_ros_standardization/rosbag_to_rinex
-- Up-to-date symlink: /home/daiki/ws_gnss/install/gnss_ros_standardization/lib/gnss_ros_standardization/rinex_to_rosbag
-- Up-to-date symlink: /home/daiki/ws_gnss/install/gnss_ros_standardization/lib/gnss_ros_standardization/single_point_positioning
-- Up-to-date symlink: /home/daiki/ws_gnss/install/gnss_ros_standardization/lib/gnss_ros_standardization/real_time_kinematic
-- Up-to-date symlink: /home/daiki/ws_gnss/install/gnss_ros_standardization/share/ament_index/resource_index/package_run_dependencies/gnss_ros_standardization
-- Up-to-date symlink: /home/daiki/ws_gnss/install/gnss_ros_standardization/share/ament_index/resource_index/parent_prefix_path/gnss_ros_standardization
-- Up-to-date symlink: /home/daiki/ws_gnss/install/gnss_ros_standardization/share/gnss_ros_standardization/environment/ament_prefix_path.sh
-- Up-to-date symlink: /home/daiki/ws_gnss/install/gnss_ros_standardization/share/gnss_ros_standardization/environment/ament_prefix_path.dsv
-- Up-to-date symlink: /home/daiki/ws_gnss/install/gnss_ros_standardization/share/gnss_ros_standardization/environment/path.sh
-- Up-to-date symlink: /home/daiki/ws_gnss/install/gnss_ros_standardization/share/gnss_ros_standardization/environment/path.dsv
-- Up-to-date symlink: /home/daiki/ws_gnss/install/gnss_ros_standardization/share/gnss_ros_standardization/local_setup.bash
-- Up-to-date symlink: /home/daiki/ws_gnss/install/gnss_ros_standardization/share/gnss_ros_standardization/local_setup.sh
-- Up-to-date symlink: /home/daiki/ws_gnss/install/gnss_ros_standardization/share/gnss_ros_standardization/local_setup.zsh
-- Up-to-date symlink: /home/daiki/ws_gnss/install/gnss_ros_standardization/share/gnss_ros_standardization/local_setup.dsv
-- Symlinking: /home/daiki/ws_gnss/install/gnss_ros_standardization/share/gnss_ros_standardization/package.dsv
-- Up-to-date symlink: /home/daiki/ws_gnss/install/gnss_ros_standardization/share/ament_index/resource_index/packages/gnss_ros_standardization
-- Up-to-date symlink: /home/daiki/ws_gnss/install/gnss_ros_standardization/share/gnss_ros_standardization/cmake/rosidl_cmake-extras.cmake
-- Up-to-date symlink: /home/daiki/ws_gnss/install/gnss_ros_standardization/share/gnss_ros_standardization/cmake/ament_cmake_export_dependencies-extras.cmake
-- Up-to-date symlink: /home/daiki/ws_gnss/install/gnss_ros_standardization/share/gnss_ros_standardization/cmake/ament_cmake_export_include_directories-extras.cmake
-- Up-to-date symlink: /home/daiki/ws_gnss/install/gnss_ros_standardization/share/gnss_ros_standardization/cmake/ament_cmake_export_libraries-extras.cmake
-- Up-to-date symlink: /home/daiki/ws_gnss/install/gnss_ros_standardization/share/gnss_ros_standardization/cmake/ament_cmake_export_targets-extras.cmake
-- Up-to-date symlink: /home/daiki/ws_gnss/install/gnss_ros_standardization/share/gnss_ros_standardization/cmake/rosidl_cmake_export_typesupport_targets-extras.cmake
-- Up-to-date symlink: /home/daiki/ws_gnss/install/gnss_ros_standardization/share/gnss_ros_standardization/cmake/rosidl_cmake_export_typesupport_libraries-extras.cmake
-- Up-to-date symlink: /home/daiki/ws_gnss/install/gnss_ros_standardization/share/gnss_ros_standardization/cmake/gnss_ros_standardizationConfig.cmake
-- Up-to-date symlink: /home/daiki/ws_gnss/install/gnss_ros_standardization/share/gnss_ros_standardization/cmake/gnss_ros_standardizationConfig-version.cmake
-- Up-to-date symlink: /home/daiki/ws_gnss/install/gnss_ros_standardization/share/gnss_ros_standardization/package.xml
-- Up-to-date symlink: /home/daiki/ws_gnss/install/gnss_ros_standardization/lib/gnss_ros_standardization/gnss_visualizer
-- Up-to-date symlink: /home/daiki/ws_gnss/install/gnss_ros_standardization/lib/gnss_ros_standardization/simple_gnss_visualizer
-- Up-to-date: /home/daiki/ws_gnss/install/gnss_ros_standardization/lib/libgnss_ros_standardization__rosidl_generator_c.so
-- Up-to-date: /home/daiki/ws_gnss/install/gnss_ros_standardization/lib/libgnss_ros_standardization__rosidl_typesupport_fastrtps_c.so
-- Up-to-date: /home/daiki/ws_gnss/install/gnss_ros_standardization/lib/libgnss_ros_standardization__rosidl_typesupport_introspection_c.so
-- Up-to-date: /home/daiki/ws_gnss/install/gnss_ros_standardization/lib/libgnss_ros_standardization__rosidl_typesupport_c.so
-- Up-to-date: /home/daiki/ws_gnss/install/gnss_ros_standardization/lib/libgnss_ros_standardization__rosidl_typesupport_fastrtps_cpp.so
-- Up-to-date: /home/daiki/ws_gnss/install/gnss_ros_standardization/lib/libgnss_ros_standardization__rosidl_typesupport_introspection_cpp.so
-- Up-to-date: /home/daiki/ws_gnss/install/gnss_ros_standardization/lib/libgnss_ros_standardization__rosidl_typesupport_cpp.so
Listing '/home/daiki/ws_gnss/install/gnss_ros_standardization/local/lib/python3.10/dist-packages/gnss_ros_standardization'...
Listing '/home/daiki/ws_gnss/install/gnss_ros_standardization/local/lib/python3.10/dist-packages/gnss_ros_standardization/msg'...
-- Up-to-date: /home/daiki/ws_gnss/install/gnss_ros_standardization/lib/libgnss_ros_standardization__rosidl_generator_py.so
-- Up-to-date: /home/daiki/ws_gnss/install/gnss_ros_standardization/share/gnss_ros_standardization/cmake/export_gnss_ros_standardization__rosidl_generator_cExport.cmake
-- Up-to-date: /home/daiki/ws_gnss/install/gnss_ros_standardization/share/gnss_ros_standardization/cmake/export_gnss_ros_standardization__rosidl_generator_cExport-noconfig.cmake
-- Up-to-date: /home/daiki/ws_gnss/install/gnss_ros_standardization/share/gnss_ros_standardization/cmake/export_gnss_ros_standardization__rosidl_typesupport_fastrtps_cExport.cmake
-- Up-to-date: /home/daiki/ws_gnss/install/gnss_ros_standardization/share/gnss_ros_standardization/cmake/export_gnss_ros_standardization__rosidl_typesupport_fastrtps_cExport-noconfig.cmake
-- Up-to-date: /home/daiki/ws_gnss/install/gnss_ros_standardization/share/gnss_ros_standardization/cmake/gnss_ros_standardization__rosidl_typesupport_introspection_cExport.cmake
-- Up-to-date: /home/daiki/ws_gnss/install/gnss_ros_standardization/share/gnss_ros_standardization/cmake/gnss_ros_standardization__rosidl_typesupport_introspection_cExport-noconfig.cmake
-- Up-to-date: /home/daiki/ws_gnss/install/gnss_ros_standardization/share/gnss_ros_standardization/cmake/gnss_ros_standardization__rosidl_typesupport_cExport.cmake
-- Up-to-date: /home/daiki/ws_gnss/install/gnss_ros_standardization/share/gnss_ros_standardization/cmake/gnss_ros_standardization__rosidl_typesupport_cExport-noconfig.cmake
-- Up-to-date: /home/daiki/ws_gnss/install/gnss_ros_standardization/share/gnss_ros_standardization/cmake/export_gnss_ros_standardization__rosidl_generator_cppExport.cmake
-- Up-to-date: /home/daiki/ws_gnss/install/gnss_ros_standardization/share/gnss_ros_standardization/cmake/export_gnss_ros_standardization__rosidl_typesupport_fastrtps_cppExport.cmake
-- Up-to-date: /home/daiki/ws_gnss/install/gnss_ros_standardization/share/gnss_ros_standardization/cmake/export_gnss_ros_standardization__rosidl_typesupport_fastrtps_cppExport-noconfig.cmake
-- Up-to-date: /home/daiki/ws_gnss/install/gnss_ros_standardization/share/gnss_ros_standardization/cmake/gnss_ros_standardization__rosidl_typesupport_introspection_cppExport.cmake
-- Up-to-date: /home/daiki/ws_gnss/install/gnss_ros_standardization/share/gnss_ros_standardization/cmake/gnss_ros_standardization__rosidl_typesupport_introspection_cppExport-noconfig.cmake
-- Up-to-date: /home/daiki/ws_gnss/install/gnss_ros_standardization/share/gnss_ros_standardization/cmake/gnss_ros_standardization__rosidl_typesupport_cppExport.cmake
-- Up-to-date: /home/daiki/ws_gnss/install/gnss_ros_standardization/share/gnss_ros_standardization/cmake/gnss_ros_standardization__rosidl_typesupport_cppExport-noconfig.cmake
-- Up-to-date: /home/daiki/ws_gnss/install/gnss_ros_standardization/share/gnss_ros_standardization/cmake/export_gnss_ros_standardization__rosidl_generator_pyExport.cmake
-- Up-to-date: /home/daiki/ws_gnss/install/gnss_ros_standardization/share/gnss_ros_standardization/cmake/export_gnss_ros_standardization__rosidl_generator_pyExport-noconfig.cmake
