[0.005s] Invoking command in '/home/daiki/ws_gnss/build/gnss_ros_standardization': CMAKE_PREFIX_PATH=/opt/ros/humble /usr/bin/cmake --build /home/daiki/ws_gnss/build/gnss_ros_standardization -- -j28 -l28
[0.042s] [  0%] Built target gnss_ros_standardization__cpp
[0.045s] [ 31%] Built target rtkcore_lib
[0.046s] [ 33%] Built target gnss_ros_standardization__rosidl_generator_c
[0.049s] [ 33%] Built target ament_cmake_python_symlink_gnss_ros_standardization
[0.056s] [ 39%] Built target gnss_ros_standardization__rosidl_typesupport_c
[0.056s] [ 45%] Built target gnss_ros_standardization__rosidl_typesupport_cpp
[0.057s] [ 50%] Built target gnss_ros_standardization__rosidl_typesupport_introspection_cpp
[0.057s] [ 56%] Built target gnss_ros_standardization__rosidl_typesupport_fastrtps_cpp
[0.060s] [ 62%] Built target gnss_ros_standardization__rosidl_typesupport_introspection_c
[0.060s] [ 68%] Built target gnss_ros_standardization__rosidl_typesupport_fastrtps_c
[0.069s] [ 70%] Built target gnss_utils
[0.071s] [ 70%] Built target gnss_ros_standardization
[0.083s] [ 74%] Built target sbf_decoder_node
[0.083s] [ 74%] Built target novatel_driver_node
[0.083s] [ 74%] Built target rosbag_to_rinex
[0.083s] [ 75%] Built target rinex_to_rosbag
[0.083s] Consolidate compiler generated dependencies of target simple_gnss_visualizer
[0.083s] [ 77%] Built target sbf_driver_node
[0.084s] [ 79%] Built target novatel_decoder_node
[0.084s] [ 81%] Built target real_time_kinematic
[0.084s] [ 82%] Built target gnss_visualizer
[0.085s] [ 83%] Built target ubx_decoder_node
[0.085s] [ 84%] Built target rtcm_decoder_node
[0.087s] [ 86%] Built target ubx_driver_node
[0.087s] [ 87%] Built target gnss_ros_standardization__py
[0.088s] [ 89%] Built target single_point_positioning
[0.090s] [ 89%] Building CXX object CMakeFiles/simple_gnss_visualizer.dir/src/utils/simple_gnss_visualizer.cpp.o
[0.100s] [ 94%] Built target gnss_ros_standardization__rosidl_generator_py
[0.113s] [ 96%] Built target gnss_ros_standardization__rosidl_typesupport_c__pyext
[0.113s] [ 97%] Built target gnss_ros_standardization__rosidl_typesupport_fastrtps_c__pyext
[0.114s] [ 99%] Built target gnss_ros_standardization__rosidl_typesupport_introspection_c__pyext
[0.155s] running egg_info
[0.155s] writing gnss_ros_standardization.egg-info/PKG-INFO
[0.156s] writing dependency_links to gnss_ros_standardization.egg-info/dependency_links.txt
[0.156s] writing top-level names to gnss_ros_standardization.egg-info/top_level.txt
[0.156s] reading manifest file 'gnss_ros_standardization.egg-info/SOURCES.txt'
[0.157s] writing manifest file 'gnss_ros_standardization.egg-info/SOURCES.txt'
[0.170s] [ 99%] Built target ament_cmake_python_build_gnss_ros_standardization_egg
[5.703s] [100%] Linking CXX executable simple_gnss_visualizer
[6.115s] [100%] Built target simple_gnss_visualizer
[6.121s] Invoked command in '/home/daiki/ws_gnss/build/gnss_ros_standardization' returned '0': CMAKE_PREFIX_PATH=/opt/ros/humble /usr/bin/cmake --build /home/daiki/ws_gnss/build/gnss_ros_standardization -- -j28 -l28
[6.127s] Invoking command in '/home/daiki/ws_gnss/build/gnss_ros_standardization': CMAKE_PREFIX_PATH=/opt/ros/humble /usr/bin/cmake --install /home/daiki/ws_gnss/build/gnss_ros_standardization
[6.133s] -- Install configuration: ""
[6.134s] -- Execute custom install script
[6.134s] -- Up-to-date symlink: /home/daiki/ws_gnss/install/gnss_ros_standardization/share/ament_index/resource_index/rosidl_interfaces/gnss_ros_standardization
[6.134s] -- Up-to-date symlink: /home/daiki/ws_gnss/install/gnss_ros_standardization/include/gnss_ros_standardization/gnss_ros_standardization/msg/detail/glonass_ephemeris__functions.h
[6.134s] -- Up-to-date symlink: /home/daiki/ws_gnss/install/gnss_ros_standardization/include/gnss_ros_standardization/gnss_ros_standardization/msg/detail/glonass_ephemeris__struct.h
[6.134s] -- Up-to-date symlink: /home/daiki/ws_gnss/install/gnss_ros_standardization/include/gnss_ros_standardization/gnss_ros_standardization/msg/detail/glonass_ephemeris__type_support.h
[6.134s] -- Up-to-date symlink: /home/daiki/ws_gnss/install/gnss_ros_standardization/include/gnss_ros_standardization/gnss_ros_standardization/msg/detail/gnss_ephemerides__functions.h
[6.134s] -- Up-to-date symlink: /home/daiki/ws_gnss/install/gnss_ros_standardization/include/gnss_ros_standardization/gnss_ros_standardization/msg/detail/gnss_ephemerides__struct.h
[6.134s] -- Up-to-date symlink: /home/daiki/ws_gnss/install/gnss_ros_standardization/include/gnss_ros_standardization/gnss_ros_standardization/msg/detail/gnss_ephemerides__type_support.h
[6.134s] -- Up-to-date symlink: /home/daiki/ws_gnss/install/gnss_ros_standardization/include/gnss_ros_standardization/gnss_ros_standardization/msg/detail/gnss_ephemeris__functions.h
[6.134s] -- Up-to-date symlink: /home/daiki/ws_gnss/install/gnss_ros_standardization/include/gnss_ros_standardization/gnss_ros_standardization/msg/detail/gnss_ephemeris__struct.h
[6.134s] -- Up-to-date symlink: /home/daiki/ws_gnss/install/gnss_ros_standardization/include/gnss_ros_standardization/gnss_ros_standardization/msg/detail/gnss_ephemeris__type_support.h
[6.134s] -- Up-to-date symlink: /home/daiki/ws_gnss/install/gnss_ros_standardization/include/gnss_ros_standardization/gnss_ros_standardization/msg/detail/gnss_observation__functions.h
[6.134s] -- Up-to-date symlink: /home/daiki/ws_gnss/install/gnss_ros_standardization/include/gnss_ros_standardization/gnss_ros_standardization/msg/detail/gnss_observation__struct.h
[6.134s] -- Up-to-date symlink: /home/daiki/ws_gnss/install/gnss_ros_standardization/include/gnss_ros_standardization/gnss_ros_standardization/msg/detail/gnss_observation__type_support.h
[6.134s] -- Up-to-date symlink: /home/daiki/ws_gnss/install/gnss_ros_standardization/include/gnss_ros_standardization/gnss_ros_standardization/msg/detail/gnss_observations__functions.h
[6.134s] -- Up-to-date symlink: /home/daiki/ws_gnss/install/gnss_ros_standardization/include/gnss_ros_standardization/gnss_ros_standardization/msg/detail/gnss_observations__struct.h
[6.135s] -- Up-to-date symlink: /home/daiki/ws_gnss/install/gnss_ros_standardization/include/gnss_ros_standardization/gnss_ros_standardization/msg/detail/gnss_observations__type_support.h
[6.135s] -- Up-to-date symlink: /home/daiki/ws_gnss/install/gnss_ros_standardization/include/gnss_ros_standardization/gnss_ros_standardization/msg/detail/gnss_solution__functions.h
[6.135s] -- Up-to-date symlink: /home/daiki/ws_gnss/install/gnss_ros_standardization/include/gnss_ros_standardization/gnss_ros_standardization/msg/detail/gnss_solution__struct.h
[6.135s] -- Up-to-date symlink: /home/daiki/ws_gnss/install/gnss_ros_standardization/include/gnss_ros_standardization/gnss_ros_standardization/msg/detail/gnss_solution__type_support.h
[6.135s] -- Up-to-date symlink: /home/daiki/ws_gnss/install/gnss_ros_standardization/include/gnss_ros_standardization/gnss_ros_standardization/msg/glonass_ephemeris.h
[6.135s] -- Up-to-date symlink: /home/daiki/ws_gnss/install/gnss_ros_standardization/include/gnss_ros_standardization/gnss_ros_standardization/msg/gnss_ephemerides.h
[6.135s] -- Up-to-date symlink: /home/daiki/ws_gnss/install/gnss_ros_standardization/include/gnss_ros_standardization/gnss_ros_standardization/msg/gnss_ephemeris.h
[6.135s] -- Up-to-date symlink: /home/daiki/ws_gnss/install/gnss_ros_standardization/include/gnss_ros_standardization/gnss_ros_standardization/msg/gnss_observation.h
[6.135s] -- Up-to-date symlink: /home/daiki/ws_gnss/install/gnss_ros_standardization/include/gnss_ros_standardization/gnss_ros_standardization/msg/gnss_observations.h
[6.135s] -- Up-to-date symlink: /home/daiki/ws_gnss/install/gnss_ros_standardization/include/gnss_ros_standardization/gnss_ros_standardization/msg/gnss_solution.h
[6.135s] -- Up-to-date symlink: /home/daiki/ws_gnss/install/gnss_ros_standardization/include/gnss_ros_standardization/gnss_ros_standardization/msg/rosidl_generator_c__visibility_control.h
[6.135s] -- Up-to-date symlink: /home/daiki/ws_gnss/install/gnss_ros_standardization/share/gnss_ros_standardization/environment/library_path.sh
[6.135s] -- Up-to-date symlink: /home/daiki/ws_gnss/install/gnss_ros_standardization/share/gnss_ros_standardization/environment/library_path.dsv
[6.135s] -- Up-to-date symlink: /home/daiki/ws_gnss/install/gnss_ros_standardization/include/gnss_ros_standardization/gnss_ros_standardization/msg/detail/glonass_ephemeris__rosidl_typesupport_fastrtps_c.h
[6.135s] -- Up-to-date symlink: /home/daiki/ws_gnss/install/gnss_ros_standardization/include/gnss_ros_standardization/gnss_ros_standardization/msg/detail/gnss_ephemerides__rosidl_typesupport_fastrtps_c.h
[6.135s] -- Up-to-date symlink: /home/daiki/ws_gnss/install/gnss_ros_standardization/include/gnss_ros_standardization/gnss_ros_standardization/msg/detail/gnss_ephemeris__rosidl_typesupport_fastrtps_c.h
[6.135s] -- Up-to-date symlink: /home/daiki/ws_gnss/install/gnss_ros_standardization/include/gnss_ros_standardization/gnss_ros_standardization/msg/detail/gnss_observation__rosidl_typesupport_fastrtps_c.h
[6.135s] -- Up-to-date symlink: /home/daiki/ws_gnss/install/gnss_ros_standardization/include/gnss_ros_standardization/gnss_ros_standardization/msg/detail/gnss_observations__rosidl_typesupport_fastrtps_c.h
[6.135s] -- Up-to-date symlink: /home/daiki/ws_gnss/install/gnss_ros_standardization/include/gnss_ros_standardization/gnss_ros_standardization/msg/detail/gnss_solution__rosidl_typesupport_fastrtps_c.h
[6.135s] -- Up-to-date symlink: /home/daiki/ws_gnss/install/gnss_ros_standardization/include/gnss_ros_standardization/gnss_ros_standardization/msg/rosidl_typesupport_fastrtps_c__visibility_control.h
[6.136s] -- Up-to-date symlink: /home/daiki/ws_gnss/install/gnss_ros_standardization/include/gnss_ros_standardization/gnss_ros_standardization/msg/detail/glonass_ephemeris__rosidl_typesupport_introspection_c.h
[6.136s] -- Up-to-date symlink: /home/daiki/ws_gnss/install/gnss_ros_standardization/include/gnss_ros_standardization/gnss_ros_standardization/msg/detail/gnss_ephemerides__rosidl_typesupport_introspection_c.h
[6.136s] -- Up-to-date symlink: /home/daiki/ws_gnss/install/gnss_ros_standardization/include/gnss_ros_standardization/gnss_ros_standardization/msg/detail/gnss_ephemeris__rosidl_typesupport_introspection_c.h
[6.136s] -- Up-to-date symlink: /home/daiki/ws_gnss/install/gnss_ros_standardization/include/gnss_ros_standardization/gnss_ros_standardization/msg/detail/gnss_observation__rosidl_typesupport_introspection_c.h
[6.136s] -- Up-to-date symlink: /home/daiki/ws_gnss/install/gnss_ros_standardization/include/gnss_ros_standardization/gnss_ros_standardization/msg/detail/gnss_observations__rosidl_typesupport_introspection_c.h
[6.136s] -- Up-to-date symlink: /home/daiki/ws_gnss/install/gnss_ros_standardization/include/gnss_ros_standardization/gnss_ros_standardization/msg/detail/gnss_solution__rosidl_typesupport_introspection_c.h
[6.136s] -- Up-to-date symlink: /home/daiki/ws_gnss/install/gnss_ros_standardization/include/gnss_ros_standardization/gnss_ros_standardization/msg/rosidl_typesupport_introspection_c__visibility_control.h
[6.136s] -- Up-to-date symlink: /home/daiki/ws_gnss/install/gnss_ros_standardization/include/gnss_ros_standardization/gnss_ros_standardization/msg/detail/glonass_ephemeris__builder.hpp
[6.136s] -- Up-to-date symlink: /home/daiki/ws_gnss/install/gnss_ros_standardization/include/gnss_ros_standardization/gnss_ros_standardization/msg/detail/glonass_ephemeris__struct.hpp
[6.136s] -- Up-to-date symlink: /home/daiki/ws_gnss/install/gnss_ros_standardization/include/gnss_ros_standardization/gnss_ros_standardization/msg/detail/glonass_ephemeris__traits.hpp
[6.136s] -- Up-to-date symlink: /home/daiki/ws_gnss/install/gnss_ros_standardization/include/gnss_ros_standardization/gnss_ros_standardization/msg/detail/glonass_ephemeris__type_support.hpp
[6.136s] -- Up-to-date symlink: /home/daiki/ws_gnss/install/gnss_ros_standardization/include/gnss_ros_standardization/gnss_ros_standardization/msg/detail/gnss_ephemerides__builder.hpp
[6.136s] -- Up-to-date symlink: /home/daiki/ws_gnss/install/gnss_ros_standardization/include/gnss_ros_standardization/gnss_ros_standardization/msg/detail/gnss_ephemerides__struct.hpp
[6.136s] -- Up-to-date symlink: /home/daiki/ws_gnss/install/gnss_ros_standardization/include/gnss_ros_standardization/gnss_ros_standardization/msg/detail/gnss_ephemerides__traits.hpp
[6.136s] -- Up-to-date symlink: /home/daiki/ws_gnss/install/gnss_ros_standardization/include/gnss_ros_standardization/gnss_ros_standardization/msg/detail/gnss_ephemerides__type_support.hpp
[6.136s] -- Up-to-date symlink: /home/daiki/ws_gnss/install/gnss_ros_standardization/include/gnss_ros_standardization/gnss_ros_standardization/msg/detail/gnss_ephemeris__builder.hpp
[6.136s] -- Up-to-date symlink: /home/daiki/ws_gnss/install/gnss_ros_standardization/include/gnss_ros_standardization/gnss_ros_standardization/msg/detail/gnss_ephemeris__struct.hpp
[6.136s] -- Up-to-date symlink: /home/daiki/ws_gnss/install/gnss_ros_standardization/include/gnss_ros_standardization/gnss_ros_standardization/msg/detail/gnss_ephemeris__traits.hpp
[6.136s] -- Up-to-date symlink: /home/daiki/ws_gnss/install/gnss_ros_standardization/include/gnss_ros_standardization/gnss_ros_standardization/msg/detail/gnss_ephemeris__type_support.hpp
[6.136s] -- Up-to-date symlink: /home/daiki/ws_gnss/install/gnss_ros_standardization/include/gnss_ros_standardization/gnss_ros_standardization/msg/detail/gnss_observation__builder.hpp
[6.136s] -- Up-to-date symlink: /home/daiki/ws_gnss/install/gnss_ros_standardization/include/gnss_ros_standardization/gnss_ros_standardization/msg/detail/gnss_observation__struct.hpp
[6.136s] -- Up-to-date symlink: /home/daiki/ws_gnss/install/gnss_ros_standardization/include/gnss_ros_standardization/gnss_ros_standardization/msg/detail/gnss_observation__traits.hpp
[6.137s] -- Up-to-date symlink: /home/daiki/ws_gnss/install/gnss_ros_standardization/include/gnss_ros_standardization/gnss_ros_standardization/msg/detail/gnss_observation__type_support.hpp
[6.137s] -- Up-to-date symlink: /home/daiki/ws_gnss/install/gnss_ros_standardization/include/gnss_ros_standardization/gnss_ros_standardization/msg/detail/gnss_observations__builder.hpp
[6.137s] -- Up-to-date symlink: /home/daiki/ws_gnss/install/gnss_ros_standardization/include/gnss_ros_standardization/gnss_ros_standardization/msg/detail/gnss_observations__struct.hpp
[6.137s] -- Up-to-date symlink: /home/daiki/ws_gnss/install/gnss_ros_standardization/include/gnss_ros_standardization/gnss_ros_standardization/msg/detail/gnss_observations__traits.hpp
[6.137s] -- Up-to-date symlink: /home/daiki/ws_gnss/install/gnss_ros_standardization/include/gnss_ros_standardization/gnss_ros_standardization/msg/detail/gnss_observations__type_support.hpp
[6.137s] -- Up-to-date symlink: /home/daiki/ws_gnss/install/gnss_ros_standardization/include/gnss_ros_standardization/gnss_ros_standardization/msg/detail/gnss_solution__builder.hpp
[6.137s] -- Up-to-date symlink: /home/daiki/ws_gnss/install/gnss_ros_standardization/include/gnss_ros_standardization/gnss_ros_standardization/msg/detail/gnss_solution__struct.hpp
[6.137s] -- Up-to-date symlink: /home/daiki/ws_gnss/install/gnss_ros_standardization/include/gnss_ros_standardization/gnss_ros_standardization/msg/detail/gnss_solution__traits.hpp
[6.137s] -- Up-to-date symlink: /home/daiki/ws_gnss/install/gnss_ros_standardization/include/gnss_ros_standardization/gnss_ros_standardization/msg/detail/gnss_solution__type_support.hpp
[6.137s] -- Up-to-date symlink: /home/daiki/ws_gnss/install/gnss_ros_standardization/include/gnss_ros_standardization/gnss_ros_standardization/msg/glonass_ephemeris.hpp
[6.137s] -- Up-to-date symlink: /home/daiki/ws_gnss/install/gnss_ros_standardization/include/gnss_ros_standardization/gnss_ros_standardization/msg/gnss_ephemerides.hpp
[6.137s] -- Up-to-date symlink: /home/daiki/ws_gnss/install/gnss_ros_standardization/include/gnss_ros_standardization/gnss_ros_standardization/msg/gnss_ephemeris.hpp
[6.137s] -- Up-to-date symlink: /home/daiki/ws_gnss/install/gnss_ros_standardization/include/gnss_ros_standardization/gnss_ros_standardization/msg/gnss_observation.hpp
[6.137s] -- Up-to-date symlink: /home/daiki/ws_gnss/install/gnss_ros_standardization/include/gnss_ros_standardization/gnss_ros_standardization/msg/gnss_observations.hpp
[6.137s] -- Up-to-date symlink: /home/daiki/ws_gnss/install/gnss_ros_standardization/include/gnss_ros_standardization/gnss_ros_standardization/msg/gnss_solution.hpp
[6.137s] -- Up-to-date symlink: /home/daiki/ws_gnss/install/gnss_ros_standardization/include/gnss_ros_standardization/gnss_ros_standardization/msg/rosidl_generator_cpp__visibility_control.hpp
[6.137s] -- Up-to-date symlink: /home/daiki/ws_gnss/install/gnss_ros_standardization/include/gnss_ros_standardization/gnss_ros_standardization/msg/detail/glonass_ephemeris__rosidl_typesupport_fastrtps_cpp.hpp
[6.137s] -- Up-to-date symlink: /home/daiki/ws_gnss/install/gnss_ros_standardization/include/gnss_ros_standardization/gnss_ros_standardization/msg/detail/gnss_ephemerides__rosidl_typesupport_fastrtps_cpp.hpp
[6.137s] -- Up-to-date symlink: /home/daiki/ws_gnss/install/gnss_ros_standardization/include/gnss_ros_standardization/gnss_ros_standardization/msg/detail/gnss_ephemeris__rosidl_typesupport_fastrtps_cpp.hpp
[6.137s] -- Up-to-date symlink: /home/daiki/ws_gnss/install/gnss_ros_standardization/include/gnss_ros_standardization/gnss_ros_standardization/msg/detail/gnss_observation__rosidl_typesupport_fastrtps_cpp.hpp
[6.137s] -- Up-to-date symlink: /home/daiki/ws_gnss/install/gnss_ros_standardization/include/gnss_ros_standardization/gnss_ros_standardization/msg/detail/gnss_observations__rosidl_typesupport_fastrtps_cpp.hpp
[6.137s] -- Up-to-date symlink: /home/daiki/ws_gnss/install/gnss_ros_standardization/include/gnss_ros_standardization/gnss_ros_standardization/msg/detail/gnss_solution__rosidl_typesupport_fastrtps_cpp.hpp
[6.137s] -- Up-to-date symlink: /home/daiki/ws_gnss/install/gnss_ros_standardization/include/gnss_ros_standardization/gnss_ros_standardization/msg/rosidl_typesupport_fastrtps_cpp__visibility_control.h
[6.138s] -- Up-to-date symlink: /home/daiki/ws_gnss/install/gnss_ros_standardization/include/gnss_ros_standardization/gnss_ros_standardization/msg/detail/glonass_ephemeris__rosidl_typesupport_introspection_cpp.hpp
[6.138s] -- Up-to-date symlink: /home/daiki/ws_gnss/install/gnss_ros_standardization/include/gnss_ros_standardization/gnss_ros_standardization/msg/detail/gnss_ephemerides__rosidl_typesupport_introspection_cpp.hpp
[6.138s] -- Up-to-date symlink: /home/daiki/ws_gnss/install/gnss_ros_standardization/include/gnss_ros_standardization/gnss_ros_standardization/msg/detail/gnss_ephemeris__rosidl_typesupport_introspection_cpp.hpp
[6.138s] -- Up-to-date symlink: /home/daiki/ws_gnss/install/gnss_ros_standardization/include/gnss_ros_standardization/gnss_ros_standardization/msg/detail/gnss_observation__rosidl_typesupport_introspection_cpp.hpp
[6.138s] -- Up-to-date symlink: /home/daiki/ws_gnss/install/gnss_ros_standardization/include/gnss_ros_standardization/gnss_ros_standardization/msg/detail/gnss_observations__rosidl_typesupport_introspection_cpp.hpp
[6.138s] -- Up-to-date symlink: /home/daiki/ws_gnss/install/gnss_ros_standardization/include/gnss_ros_standardization/gnss_ros_standardization/msg/detail/gnss_solution__rosidl_typesupport_introspection_cpp.hpp
[6.138s] -- Up-to-date symlink: /home/daiki/ws_gnss/install/gnss_ros_standardization/share/gnss_ros_standardization/environment/pythonpath.sh
[6.138s] -- Up-to-date symlink: /home/daiki/ws_gnss/install/gnss_ros_standardization/share/gnss_ros_standardization/environment/pythonpath.dsv
[6.138s] -- Up-to-date symlink: /home/daiki/ws_gnss/install/gnss_ros_standardization/local/lib/python3.10/dist-packages/gnss_ros_standardization-0.1.0-py3.10.egg-info/PKG-INFO
[6.138s] -- Up-to-date symlink: /home/daiki/ws_gnss/install/gnss_ros_standardization/local/lib/python3.10/dist-packages/gnss_ros_standardization-0.1.0-py3.10.egg-info/SOURCES.txt
[6.138s] -- Up-to-date symlink: /home/daiki/ws_gnss/install/gnss_ros_standardization/local/lib/python3.10/dist-packages/gnss_ros_standardization-0.1.0-py3.10.egg-info/dependency_links.txt
[6.138s] -- Up-to-date symlink: /home/daiki/ws_gnss/install/gnss_ros_standardization/local/lib/python3.10/dist-packages/gnss_ros_standardization-0.1.0-py3.10.egg-info/top_level.txt
[6.139s] -- Up-to-date symlink: /home/daiki/ws_gnss/install/gnss_ros_standardization/local/lib/python3.10/dist-packages/gnss_ros_standardization/__init__.py
[6.139s] -- Up-to-date symlink: /home/daiki/ws_gnss/install/gnss_ros_standardization/local/lib/python3.10/dist-packages/gnss_ros_standardization/_gnss_ros_standardization_s.ep.rosidl_typesupport_c.c
[6.139s] -- Up-to-date symlink: /home/daiki/ws_gnss/install/gnss_ros_standardization/local/lib/python3.10/dist-packages/gnss_ros_standardization/_gnss_ros_standardization_s.ep.rosidl_typesupport_fastrtps_c.c
[6.139s] -- Up-to-date symlink: /home/daiki/ws_gnss/install/gnss_ros_standardization/local/lib/python3.10/dist-packages/gnss_ros_standardization/_gnss_ros_standardization_s.ep.rosidl_typesupport_introspection_c.c
[6.139s] -- Up-to-date symlink: /home/daiki/ws_gnss/install/gnss_ros_standardization/local/lib/python3.10/dist-packages/gnss_ros_standardization/gnss_ros_standardization_s__rosidl_typesupport_c.cpython-310-x86_64-linux-gnu.so
[6.139s] -- Up-to-date symlink: /home/daiki/ws_gnss/install/gnss_ros_standardization/local/lib/python3.10/dist-packages/gnss_ros_standardization/gnss_ros_standardization_s__rosidl_typesupport_fastrtps_c.cpython-310-x86_64-linux-gnu.so
[6.139s] -- Up-to-date symlink: /home/daiki/ws_gnss/install/gnss_ros_standardization/local/lib/python3.10/dist-packages/gnss_ros_standardization/gnss_ros_standardization_s__rosidl_typesupport_introspection_c.cpython-310-x86_64-linux-gnu.so
[6.139s] -- Up-to-date symlink: /home/daiki/ws_gnss/install/gnss_ros_standardization/local/lib/python3.10/dist-packages/gnss_ros_standardization/libgnss_ros_standardization__rosidl_generator_py.so
[6.139s] -- Up-to-date symlink: /home/daiki/ws_gnss/install/gnss_ros_standardization/local/lib/python3.10/dist-packages/gnss_ros_standardization/msg/__init__.py
[6.139s] -- Up-to-date symlink: /home/daiki/ws_gnss/install/gnss_ros_standardization/local/lib/python3.10/dist-packages/gnss_ros_standardization/msg/_glonass_ephemeris.py
[6.139s] -- Up-to-date symlink: /home/daiki/ws_gnss/install/gnss_ros_standardization/local/lib/python3.10/dist-packages/gnss_ros_standardization/msg/_glonass_ephemeris_s.c
[6.139s] -- Up-to-date symlink: /home/daiki/ws_gnss/install/gnss_ros_standardization/local/lib/python3.10/dist-packages/gnss_ros_standardization/msg/_gnss_ephemerides.py
[6.139s] -- Up-to-date symlink: /home/daiki/ws_gnss/install/gnss_ros_standardization/local/lib/python3.10/dist-packages/gnss_ros_standardization/msg/_gnss_ephemerides_s.c
[6.139s] -- Up-to-date symlink: /home/daiki/ws_gnss/install/gnss_ros_standardization/local/lib/python3.10/dist-packages/gnss_ros_standardization/msg/_gnss_ephemeris.py
[6.139s] -- Up-to-date symlink: /home/daiki/ws_gnss/install/gnss_ros_standardization/local/lib/python3.10/dist-packages/gnss_ros_standardization/msg/_gnss_ephemeris_s.c
[6.139s] -- Up-to-date symlink: /home/daiki/ws_gnss/install/gnss_ros_standardization/local/lib/python3.10/dist-packages/gnss_ros_standardization/msg/_gnss_observation.py
[6.139s] -- Up-to-date symlink: /home/daiki/ws_gnss/install/gnss_ros_standardization/local/lib/python3.10/dist-packages/gnss_ros_standardization/msg/_gnss_observation_s.c
[6.139s] -- Up-to-date symlink: /home/daiki/ws_gnss/install/gnss_ros_standardization/local/lib/python3.10/dist-packages/gnss_ros_standardization/msg/_gnss_observations.py
[6.139s] -- Up-to-date symlink: /home/daiki/ws_gnss/install/gnss_ros_standardization/local/lib/python3.10/dist-packages/gnss_ros_standardization/msg/_gnss_observations_s.c
[6.139s] -- Up-to-date symlink: /home/daiki/ws_gnss/install/gnss_ros_standardization/local/lib/python3.10/dist-packages/gnss_ros_standardization/msg/_gnss_solution.py
[6.139s] -- Up-to-date symlink: /home/daiki/ws_gnss/install/gnss_ros_standardization/local/lib/python3.10/dist-packages/gnss_ros_standardization/msg/_gnss_solution_s.c
[6.139s] -- Up-to-date symlink: /home/daiki/ws_gnss/install/gnss_ros_standardization/local/lib/python3.10/dist-packages/gnss_ros_standardization/gnss_ros_standardization_s__rosidl_typesupport_fastrtps_c.cpython-310-x86_64-linux-gnu.so
[6.139s] -- Up-to-date symlink: /home/daiki/ws_gnss/install/gnss_ros_standardization/local/lib/python3.10/dist-packages/gnss_ros_standardization/gnss_ros_standardization_s__rosidl_typesupport_introspection_c.cpython-310-x86_64-linux-gnu.so
[6.139s] -- Up-to-date symlink: /home/daiki/ws_gnss/install/gnss_ros_standardization/local/lib/python3.10/dist-packages/gnss_ros_standardization/gnss_ros_standardization_s__rosidl_typesupport_c.cpython-310-x86_64-linux-gnu.so
[6.139s] -- Up-to-date symlink: /home/daiki/ws_gnss/install/gnss_ros_standardization/share/gnss_ros_standardization/msg/GnssObservation.idl
[6.139s] -- Up-to-date symlink: /home/daiki/ws_gnss/install/gnss_ros_standardization/share/gnss_ros_standardization/msg/GnssObservations.idl
[6.139s] -- Up-to-date symlink: /home/daiki/ws_gnss/install/gnss_ros_standardization/share/gnss_ros_standardization/msg/GnssEphemeris.idl
[6.139s] -- Up-to-date symlink: /home/daiki/ws_gnss/install/gnss_ros_standardization/share/gnss_ros_standardization/msg/GlonassEphemeris.idl
[6.140s] -- Up-to-date symlink: /home/daiki/ws_gnss/install/gnss_ros_standardization/share/gnss_ros_standardization/msg/GnssEphemerides.idl
[6.140s] -- Up-to-date symlink: /home/daiki/ws_gnss/install/gnss_ros_standardization/share/gnss_ros_standardization/msg/GnssSolution.idl
[6.140s] -- Up-to-date symlink: /home/daiki/ws_gnss/install/gnss_ros_standardization/share/gnss_ros_standardization/msg/GnssObservation.msg
[6.140s] -- Up-to-date symlink: /home/daiki/ws_gnss/install/gnss_ros_standardization/share/gnss_ros_standardization/msg/GnssObservations.msg
[6.140s] -- Up-to-date symlink: /home/daiki/ws_gnss/install/gnss_ros_standardization/share/gnss_ros_standardization/msg/GnssEphemeris.msg
[6.140s] -- Up-to-date symlink: /home/daiki/ws_gnss/install/gnss_ros_standardization/share/gnss_ros_standardization/msg/GlonassEphemeris.msg
[6.140s] -- Up-to-date symlink: /home/daiki/ws_gnss/install/gnss_ros_standardization/share/gnss_ros_standardization/msg/GnssEphemerides.msg
[6.140s] -- Up-to-date symlink: /home/daiki/ws_gnss/install/gnss_ros_standardization/share/gnss_ros_standardization/msg/GnssSolution.msg
[6.140s] -- Up-to-date symlink: /home/daiki/ws_gnss/install/gnss_ros_standardization/lib/libgnss_utils.so
[6.140s] -- Up-to-date symlink: /home/daiki/ws_gnss/install/gnss_ros_standardization/lib/gnss_ros_standardization/rtcm_decoder_node
[6.140s] -- Up-to-date symlink: /home/daiki/ws_gnss/install/gnss_ros_standardization/lib/gnss_ros_standardization/ubx_decoder_node
[6.140s] -- Up-to-date symlink: /home/daiki/ws_gnss/install/gnss_ros_standardization/lib/gnss_ros_standardization/ubx_driver_node
[6.140s] -- Up-to-date symlink: /home/daiki/ws_gnss/install/gnss_ros_standardization/lib/gnss_ros_standardization/sbf_decoder_node
[6.140s] -- Up-to-date symlink: /home/daiki/ws_gnss/install/gnss_ros_standardization/lib/gnss_ros_standardization/sbf_driver_node
[6.140s] -- Up-to-date symlink: /home/daiki/ws_gnss/install/gnss_ros_standardization/lib/gnss_ros_standardization/novatel_decoder_node
[6.140s] -- Up-to-date symlink: /home/daiki/ws_gnss/install/gnss_ros_standardization/lib/gnss_ros_standardization/novatel_driver_node
[6.141s] -- Up-to-date symlink: /home/daiki/ws_gnss/install/gnss_ros_standardization/lib/gnss_ros_standardization/rosbag_to_rinex
[6.141s] -- Up-to-date symlink: /home/daiki/ws_gnss/install/gnss_ros_standardization/lib/gnss_ros_standardization/rinex_to_rosbag
[6.141s] -- Up-to-date symlink: /home/daiki/ws_gnss/install/gnss_ros_standardization/lib/gnss_ros_standardization/single_point_positioning
[6.141s] -- Up-to-date symlink: /home/daiki/ws_gnss/install/gnss_ros_standardization/lib/gnss_ros_standardization/real_time_kinematic
[6.141s] -- Up-to-date symlink: /home/daiki/ws_gnss/install/gnss_ros_standardization/share/ament_index/resource_index/package_run_dependencies/gnss_ros_standardization
[6.141s] -- Up-to-date symlink: /home/daiki/ws_gnss/install/gnss_ros_standardization/share/ament_index/resource_index/parent_prefix_path/gnss_ros_standardization
[6.141s] -- Up-to-date symlink: /home/daiki/ws_gnss/install/gnss_ros_standardization/share/gnss_ros_standardization/environment/ament_prefix_path.sh
[6.141s] -- Up-to-date symlink: /home/daiki/ws_gnss/install/gnss_ros_standardization/share/gnss_ros_standardization/environment/ament_prefix_path.dsv
[6.141s] -- Up-to-date symlink: /home/daiki/ws_gnss/install/gnss_ros_standardization/share/gnss_ros_standardization/environment/path.sh
[6.141s] -- Up-to-date symlink: /home/daiki/ws_gnss/install/gnss_ros_standardization/share/gnss_ros_standardization/environment/path.dsv
[6.141s] -- Up-to-date symlink: /home/daiki/ws_gnss/install/gnss_ros_standardization/share/gnss_ros_standardization/local_setup.bash
[6.141s] -- Up-to-date symlink: /home/daiki/ws_gnss/install/gnss_ros_standardization/share/gnss_ros_standardization/local_setup.sh
[6.141s] -- Up-to-date symlink: /home/daiki/ws_gnss/install/gnss_ros_standardization/share/gnss_ros_standardization/local_setup.zsh
[6.141s] -- Up-to-date symlink: /home/daiki/ws_gnss/install/gnss_ros_standardization/share/gnss_ros_standardization/local_setup.dsv
[6.141s] -- Symlinking: /home/daiki/ws_gnss/install/gnss_ros_standardization/share/gnss_ros_standardization/package.dsv
[6.146s] -- Up-to-date symlink: /home/daiki/ws_gnss/install/gnss_ros_standardization/share/ament_index/resource_index/packages/gnss_ros_standardization
[6.146s] -- Up-to-date symlink: /home/daiki/ws_gnss/install/gnss_ros_standardization/share/gnss_ros_standardization/cmake/rosidl_cmake-extras.cmake
[6.146s] -- Up-to-date symlink: /home/daiki/ws_gnss/install/gnss_ros_standardization/share/gnss_ros_standardization/cmake/ament_cmake_export_dependencies-extras.cmake
[6.146s] -- Up-to-date symlink: /home/daiki/ws_gnss/install/gnss_ros_standardization/share/gnss_ros_standardization/cmake/ament_cmake_export_include_directories-extras.cmake
[6.146s] -- Up-to-date symlink: /home/daiki/ws_gnss/install/gnss_ros_standardization/share/gnss_ros_standardization/cmake/ament_cmake_export_libraries-extras.cmake
[6.146s] -- Up-to-date symlink: /home/daiki/ws_gnss/install/gnss_ros_standardization/share/gnss_ros_standardization/cmake/ament_cmake_export_targets-extras.cmake
[6.146s] -- Up-to-date symlink: /home/daiki/ws_gnss/install/gnss_ros_standardization/share/gnss_ros_standardization/cmake/rosidl_cmake_export_typesupport_targets-extras.cmake
[6.146s] -- Up-to-date symlink: /home/daiki/ws_gnss/install/gnss_ros_standardization/share/gnss_ros_standardization/cmake/rosidl_cmake_export_typesupport_libraries-extras.cmake
[6.147s] -- Up-to-date symlink: /home/daiki/ws_gnss/install/gnss_ros_standardization/share/gnss_ros_standardization/cmake/gnss_ros_standardizationConfig.cmake
[6.147s] -- Up-to-date symlink: /home/daiki/ws_gnss/install/gnss_ros_standardization/share/gnss_ros_standardization/cmake/gnss_ros_standardizationConfig-version.cmake
[6.147s] -- Up-to-date symlink: /home/daiki/ws_gnss/install/gnss_ros_standardization/share/gnss_ros_standardization/package.xml
[6.147s] -- Up-to-date symlink: /home/daiki/ws_gnss/install/gnss_ros_standardization/lib/gnss_ros_standardization/gnss_visualizer
[6.147s] -- Up-to-date symlink: /home/daiki/ws_gnss/install/gnss_ros_standardization/lib/gnss_ros_standardization/simple_gnss_visualizer
[6.147s] -- Up-to-date: /home/daiki/ws_gnss/install/gnss_ros_standardization/lib/libgnss_ros_standardization__rosidl_generator_c.so
[6.147s] -- Up-to-date: /home/daiki/ws_gnss/install/gnss_ros_standardization/lib/libgnss_ros_standardization__rosidl_typesupport_fastrtps_c.so
[6.147s] -- Up-to-date: /home/daiki/ws_gnss/install/gnss_ros_standardization/lib/libgnss_ros_standardization__rosidl_typesupport_introspection_c.so
[6.147s] -- Up-to-date: /home/daiki/ws_gnss/install/gnss_ros_standardization/lib/libgnss_ros_standardization__rosidl_typesupport_c.so
[6.147s] -- Up-to-date: /home/daiki/ws_gnss/install/gnss_ros_standardization/lib/libgnss_ros_standardization__rosidl_typesupport_fastrtps_cpp.so
[6.147s] -- Up-to-date: /home/daiki/ws_gnss/install/gnss_ros_standardization/lib/libgnss_ros_standardization__rosidl_typesupport_introspection_cpp.so
[6.147s] -- Up-to-date: /home/daiki/ws_gnss/install/gnss_ros_standardization/lib/libgnss_ros_standardization__rosidl_typesupport_cpp.so
[6.163s] Listing '/home/daiki/ws_gnss/install/gnss_ros_standardization/local/lib/python3.10/dist-packages/gnss_ros_standardization'...
[6.163s] Listing '/home/daiki/ws_gnss/install/gnss_ros_standardization/local/lib/python3.10/dist-packages/gnss_ros_standardization/msg'...
[6.165s] -- Up-to-date: /home/daiki/ws_gnss/install/gnss_ros_standardization/lib/libgnss_ros_standardization__rosidl_generator_py.so
[6.165s] -- Up-to-date: /home/daiki/ws_gnss/install/gnss_ros_standardization/share/gnss_ros_standardization/cmake/export_gnss_ros_standardization__rosidl_generator_cExport.cmake
[6.165s] -- Up-to-date: /home/daiki/ws_gnss/install/gnss_ros_standardization/share/gnss_ros_standardization/cmake/export_gnss_ros_standardization__rosidl_generator_cExport-noconfig.cmake
[6.166s] -- Up-to-date: /home/daiki/ws_gnss/install/gnss_ros_standardization/share/gnss_ros_standardization/cmake/export_gnss_ros_standardization__rosidl_typesupport_fastrtps_cExport.cmake
[6.166s] -- Up-to-date: /home/daiki/ws_gnss/install/gnss_ros_standardization/share/gnss_ros_standardization/cmake/export_gnss_ros_standardization__rosidl_typesupport_fastrtps_cExport-noconfig.cmake
[6.166s] -- Up-to-date: /home/daiki/ws_gnss/install/gnss_ros_standardization/share/gnss_ros_standardization/cmake/gnss_ros_standardization__rosidl_typesupport_introspection_cExport.cmake
[6.166s] -- Up-to-date: /home/daiki/ws_gnss/install/gnss_ros_standardization/share/gnss_ros_standardization/cmake/gnss_ros_standardization__rosidl_typesupport_introspection_cExport-noconfig.cmake
[6.166s] -- Up-to-date: /home/daiki/ws_gnss/install/gnss_ros_standardization/share/gnss_ros_standardization/cmake/gnss_ros_standardization__rosidl_typesupport_cExport.cmake
[6.166s] -- Up-to-date: /home/daiki/ws_gnss/install/gnss_ros_standardization/share/gnss_ros_standardization/cmake/gnss_ros_standardization__rosidl_typesupport_cExport-noconfig.cmake
[6.166s] -- Up-to-date: /home/daiki/ws_gnss/install/gnss_ros_standardization/share/gnss_ros_standardization/cmake/export_gnss_ros_standardization__rosidl_generator_cppExport.cmake
[6.166s] -- Up-to-date: /home/daiki/ws_gnss/install/gnss_ros_standardization/share/gnss_ros_standardization/cmake/export_gnss_ros_standardization__rosidl_typesupport_fastrtps_cppExport.cmake
[6.166s] -- Up-to-date: /home/daiki/ws_gnss/install/gnss_ros_standardization/share/gnss_ros_standardization/cmake/export_gnss_ros_standardization__rosidl_typesupport_fastrtps_cppExport-noconfig.cmake
[6.166s] -- Up-to-date: /home/daiki/ws_gnss/install/gnss_ros_standardization/share/gnss_ros_standardization/cmake/gnss_ros_standardization__rosidl_typesupport_introspection_cppExport.cmake
[6.166s] -- Up-to-date: /home/daiki/ws_gnss/install/gnss_ros_standardization/share/gnss_ros_standardization/cmake/gnss_ros_standardization__rosidl_typesupport_introspection_cppExport-noconfig.cmake
[6.166s] -- Up-to-date: /home/daiki/ws_gnss/install/gnss_ros_standardization/share/gnss_ros_standardization/cmake/gnss_ros_standardization__rosidl_typesupport_cppExport.cmake
[6.166s] -- Up-to-date: /home/daiki/ws_gnss/install/gnss_ros_standardization/share/gnss_ros_standardization/cmake/gnss_ros_standardization__rosidl_typesupport_cppExport-noconfig.cmake
[6.166s] -- Up-to-date: /home/daiki/ws_gnss/install/gnss_ros_standardization/share/gnss_ros_standardization/cmake/export_gnss_ros_standardization__rosidl_generator_pyExport.cmake
[6.166s] -- Up-to-date: /home/daiki/ws_gnss/install/gnss_ros_standardization/share/gnss_ros_standardization/cmake/export_gnss_ros_standardization__rosidl_generator_pyExport-noconfig.cmake
[6.167s] Invoked command in '/home/daiki/ws_gnss/build/gnss_ros_standardization' returned '0': CMAKE_PREFIX_PATH=/opt/ros/humble /usr/bin/cmake --install /home/daiki/ws_gnss/build/gnss_ros_standardization
