[0.005s] Invoking command in '/home/daiki/ws_gnss/build/gnss_ros_standardization': CMAKE_PREFIX_PATH=/opt/ros/humble /usr/bin/cmake --build /home/daiki/ws_gnss/build/gnss_ros_standardization -- -j28 -l28
[0.046s] [  0%] Built target gnss_ros_standardization__cpp
[0.050s] [  6%] Built target gnss_ros_standardization__rosidl_generator_c
[0.054s] [ 33%] Built target rtkcore_lib
[0.055s] [ 33%] Built target ament_cmake_python_symlink_gnss_ros_standardization
[0.065s] [ 39%] Built target gnss_ros_standardization__rosidl_typesupport_c
[0.067s] [ 45%] Built target gnss_ros_standardization__rosidl_typesupport_introspection_c
[0.067s] [ 51%] Built target gnss_ros_standardization__rosidl_typesupport_cpp
[0.068s] [ 57%] Built target gnss_ros_standardization__rosidl_typesupport_introspection_cpp
[0.068s] [ 63%] Built target gnss_ros_standardization__rosidl_typesupport_fastrtps_cpp
[0.068s] [ 69%] Built target gnss_ros_standardization__rosidl_typesupport_fastrtps_c
[0.083s] [ 69%] Built target gnss_ros_standardization
[0.083s] [ 71%] Built target gnss_utils
[0.097s] Consolidate compiler generated dependencies of target gnss_visualizer
[0.102s] [ 74%] Built target rosbag_to_rinex
[0.102s] [ 74%] Built target novatel_driver_node
[0.102s] [ 75%] Built target rinex_to_rosbag
[0.103s] [ 77%] Built target novatel_decoder_node
[0.104s] [ 78%] Built target gnss_ros_standardization__py
[0.104s] [ 79%] Built target single_point_positioning
[0.105s] [ 80%] Built target rtcm_decoder_node
[0.106s] [ 83%] Built target sbf_driver_node
[0.106s] [ 84%] Built target ubx_decoder_node
[0.107s] [ 85%] Building CXX object CMakeFiles/gnss_visualizer.dir/src/utils/gnss_visualizer.cpp.o
[0.108s] [ 87%] Built target real_time_kinematic
[0.108s] [ 89%] Built target ubx_driver_node
[0.109s] [ 90%] Built target sbf_decoder_node
[0.119s] [ 95%] Built target gnss_ros_standardization__rosidl_generator_py
[0.131s] [ 99%] Built target gnss_ros_standardization__rosidl_typesupport_c__pyext
[0.132s] [ 99%] Built target gnss_ros_standardization__rosidl_typesupport_fastrtps_c__pyext
[0.132s] [100%] Built target gnss_ros_standardization__rosidl_typesupport_introspection_c__pyext
[0.165s] running egg_info
[0.165s] writing gnss_ros_standardization.egg-info/PKG-INFO
[0.165s] writing dependency_links to gnss_ros_standardization.egg-info/dependency_links.txt
[0.166s] writing top-level names to gnss_ros_standardization.egg-info/top_level.txt
[0.166s] reading manifest file 'gnss_ros_standardization.egg-info/SOURCES.txt'
[0.167s] writing manifest file 'gnss_ros_standardization.egg-info/SOURCES.txt'
[0.178s] [100%] Built target ament_cmake_python_build_gnss_ros_standardization_egg
[7.084s] [100%] Linking CXX executable gnss_visualizer
[7.606s] [100%] Built target gnss_visualizer
[7.614s] Invoked command in '/home/daiki/ws_gnss/build/gnss_ros_standardization' returned '0': CMAKE_PREFIX_PATH=/opt/ros/humble /usr/bin/cmake --build /home/daiki/ws_gnss/build/gnss_ros_standardization -- -j28 -l28
[7.621s] Invoking command in '/home/daiki/ws_gnss/build/gnss_ros_standardization': CMAKE_PREFIX_PATH=/opt/ros/humble /usr/bin/cmake --install /home/daiki/ws_gnss/build/gnss_ros_standardization
[7.629s] -- Install configuration: ""
[7.630s] -- Execute custom install script
[7.630s] -- Up-to-date symlink: /home/daiki/ws_gnss/install/gnss_ros_standardization/share/ament_index/resource_index/rosidl_interfaces/gnss_ros_standardization
[7.632s] -- Up-to-date symlink: /home/daiki/ws_gnss/install/gnss_ros_standardization/include/gnss_ros_standardization/gnss_ros_standardization/msg/detail/glonass_ephemeris__functions.h
[7.632s] -- Up-to-date symlink: /home/daiki/ws_gnss/install/gnss_ros_standardization/include/gnss_ros_standardization/gnss_ros_standardization/msg/detail/glonass_ephemeris__struct.h
[7.632s] -- Up-to-date symlink: /home/daiki/ws_gnss/install/gnss_ros_standardization/include/gnss_ros_standardization/gnss_ros_standardization/msg/detail/glonass_ephemeris__type_support.h
[7.632s] -- Up-to-date symlink: /home/daiki/ws_gnss/install/gnss_ros_standardization/include/gnss_ros_standardization/gnss_ros_standardization/msg/detail/gnss_ephemerides__functions.h
[7.632s] -- Up-to-date symlink: /home/daiki/ws_gnss/install/gnss_ros_standardization/include/gnss_ros_standardization/gnss_ros_standardization/msg/detail/gnss_ephemerides__struct.h
[7.632s] -- Up-to-date symlink: /home/daiki/ws_gnss/install/gnss_ros_standardization/include/gnss_ros_standardization/gnss_ros_standardization/msg/detail/gnss_ephemerides__type_support.h
[7.632s] -- Up-to-date symlink: /home/daiki/ws_gnss/install/gnss_ros_standardization/include/gnss_ros_standardization/gnss_ros_standardization/msg/detail/gnss_ephemeris__functions.h
[7.632s] -- Up-to-date symlink: /home/daiki/ws_gnss/install/gnss_ros_standardization/include/gnss_ros_standardization/gnss_ros_standardization/msg/detail/gnss_ephemeris__struct.h
[7.632s] -- Up-to-date symlink: /home/daiki/ws_gnss/install/gnss_ros_standardization/include/gnss_ros_standardization/gnss_ros_standardization/msg/detail/gnss_ephemeris__type_support.h
[7.632s] -- Up-to-date symlink: /home/daiki/ws_gnss/install/gnss_ros_standardization/include/gnss_ros_standardization/gnss_ros_standardization/msg/detail/gnss_observation__functions.h
[7.632s] -- Up-to-date symlink: /home/daiki/ws_gnss/install/gnss_ros_standardization/include/gnss_ros_standardization/gnss_ros_standardization/msg/detail/gnss_observation__struct.h
[7.632s] -- Up-to-date symlink: /home/daiki/ws_gnss/install/gnss_ros_standardization/include/gnss_ros_standardization/gnss_ros_standardization/msg/detail/gnss_observation__type_support.h
[7.632s] -- Up-to-date symlink: /home/daiki/ws_gnss/install/gnss_ros_standardization/include/gnss_ros_standardization/gnss_ros_standardization/msg/detail/gnss_observations__functions.h
[7.632s] -- Up-to-date symlink: /home/daiki/ws_gnss/install/gnss_ros_standardization/include/gnss_ros_standardization/gnss_ros_standardization/msg/detail/gnss_observations__struct.h
[7.632s] -- Up-to-date symlink: /home/daiki/ws_gnss/install/gnss_ros_standardization/include/gnss_ros_standardization/gnss_ros_standardization/msg/detail/gnss_observations__type_support.h
[7.632s] -- Up-to-date symlink: /home/daiki/ws_gnss/install/gnss_ros_standardization/include/gnss_ros_standardization/gnss_ros_standardization/msg/detail/gnss_solution__functions.h
[7.632s] -- Up-to-date symlink: /home/daiki/ws_gnss/install/gnss_ros_standardization/include/gnss_ros_standardization/gnss_ros_standardization/msg/detail/gnss_solution__struct.h
[7.632s] -- Up-to-date symlink: /home/daiki/ws_gnss/install/gnss_ros_standardization/include/gnss_ros_standardization/gnss_ros_standardization/msg/detail/gnss_solution__type_support.h
[7.632s] -- Up-to-date symlink: /home/daiki/ws_gnss/install/gnss_ros_standardization/include/gnss_ros_standardization/gnss_ros_standardization/msg/glonass_ephemeris.h
[7.632s] -- Up-to-date symlink: /home/daiki/ws_gnss/install/gnss_ros_standardization/include/gnss_ros_standardization/gnss_ros_standardization/msg/gnss_ephemerides.h
[7.632s] -- Up-to-date symlink: /home/daiki/ws_gnss/install/gnss_ros_standardization/include/gnss_ros_standardization/gnss_ros_standardization/msg/gnss_ephemeris.h
[7.632s] -- Up-to-date symlink: /home/daiki/ws_gnss/install/gnss_ros_standardization/include/gnss_ros_standardization/gnss_ros_standardization/msg/gnss_observation.h
[7.632s] -- Up-to-date symlink: /home/daiki/ws_gnss/install/gnss_ros_standardization/include/gnss_ros_standardization/gnss_ros_standardization/msg/gnss_observations.h
[7.632s] -- Up-to-date symlink: /home/daiki/ws_gnss/install/gnss_ros_standardization/include/gnss_ros_standardization/gnss_ros_standardization/msg/gnss_solution.h
[7.632s] -- Up-to-date symlink: /home/daiki/ws_gnss/install/gnss_ros_standardization/include/gnss_ros_standardization/gnss_ros_standardization/msg/rosidl_generator_c__visibility_control.h
[7.633s] -- Up-to-date symlink: /home/daiki/ws_gnss/install/gnss_ros_standardization/share/gnss_ros_standardization/environment/library_path.sh
[7.633s] -- Up-to-date symlink: /home/daiki/ws_gnss/install/gnss_ros_standardization/share/gnss_ros_standardization/environment/library_path.dsv
[7.633s] -- Up-to-date symlink: /home/daiki/ws_gnss/install/gnss_ros_standardization/include/gnss_ros_standardization/gnss_ros_standardization/msg/detail/glonass_ephemeris__rosidl_typesupport_fastrtps_c.h
[7.633s] -- Up-to-date symlink: /home/daiki/ws_gnss/install/gnss_ros_standardization/include/gnss_ros_standardization/gnss_ros_standardization/msg/detail/gnss_ephemerides__rosidl_typesupport_fastrtps_c.h
[7.633s] -- Up-to-date symlink: /home/daiki/ws_gnss/install/gnss_ros_standardization/include/gnss_ros_standardization/gnss_ros_standardization/msg/detail/gnss_ephemeris__rosidl_typesupport_fastrtps_c.h
[7.633s] -- Up-to-date symlink: /home/daiki/ws_gnss/install/gnss_ros_standardization/include/gnss_ros_standardization/gnss_ros_standardization/msg/detail/gnss_observation__rosidl_typesupport_fastrtps_c.h
[7.633s] -- Up-to-date symlink: /home/daiki/ws_gnss/install/gnss_ros_standardization/include/gnss_ros_standardization/gnss_ros_standardization/msg/detail/gnss_observations__rosidl_typesupport_fastrtps_c.h
[7.633s] -- Up-to-date symlink: /home/daiki/ws_gnss/install/gnss_ros_standardization/include/gnss_ros_standardization/gnss_ros_standardization/msg/detail/gnss_solution__rosidl_typesupport_fastrtps_c.h
[7.633s] -- Up-to-date symlink: /home/daiki/ws_gnss/install/gnss_ros_standardization/include/gnss_ros_standardization/gnss_ros_standardization/msg/rosidl_typesupport_fastrtps_c__visibility_control.h
[7.633s] -- Up-to-date symlink: /home/daiki/ws_gnss/install/gnss_ros_standardization/include/gnss_ros_standardization/gnss_ros_standardization/msg/detail/glonass_ephemeris__rosidl_typesupport_introspection_c.h
[7.633s] -- Up-to-date symlink: /home/daiki/ws_gnss/install/gnss_ros_standardization/include/gnss_ros_standardization/gnss_ros_standardization/msg/detail/gnss_ephemerides__rosidl_typesupport_introspection_c.h
[7.633s] -- Up-to-date symlink: /home/daiki/ws_gnss/install/gnss_ros_standardization/include/gnss_ros_standardization/gnss_ros_standardization/msg/detail/gnss_ephemeris__rosidl_typesupport_introspection_c.h
[7.633s] -- Up-to-date symlink: /home/daiki/ws_gnss/install/gnss_ros_standardization/include/gnss_ros_standardization/gnss_ros_standardization/msg/detail/gnss_observation__rosidl_typesupport_introspection_c.h
[7.633s] -- Up-to-date symlink: /home/daiki/ws_gnss/install/gnss_ros_standardization/include/gnss_ros_standardization/gnss_ros_standardization/msg/detail/gnss_observations__rosidl_typesupport_introspection_c.h
[7.633s] -- Up-to-date symlink: /home/daiki/ws_gnss/install/gnss_ros_standardization/include/gnss_ros_standardization/gnss_ros_standardization/msg/detail/gnss_solution__rosidl_typesupport_introspection_c.h
[7.633s] -- Up-to-date symlink: /home/daiki/ws_gnss/install/gnss_ros_standardization/include/gnss_ros_standardization/gnss_ros_standardization/msg/rosidl_typesupport_introspection_c__visibility_control.h
[7.633s] -- Up-to-date symlink: /home/daiki/ws_gnss/install/gnss_ros_standardization/include/gnss_ros_standardization/gnss_ros_standardization/msg/detail/glonass_ephemeris__builder.hpp
[7.634s] -- Up-to-date symlink: /home/daiki/ws_gnss/install/gnss_ros_standardization/include/gnss_ros_standardization/gnss_ros_standardization/msg/detail/glonass_ephemeris__struct.hpp
[7.634s] -- Up-to-date symlink: /home/daiki/ws_gnss/install/gnss_ros_standardization/include/gnss_ros_standardization/gnss_ros_standardization/msg/detail/glonass_ephemeris__traits.hpp
[7.634s] -- Up-to-date symlink: /home/daiki/ws_gnss/install/gnss_ros_standardization/include/gnss_ros_standardization/gnss_ros_standardization/msg/detail/glonass_ephemeris__type_support.hpp
[7.634s] -- Up-to-date symlink: /home/daiki/ws_gnss/install/gnss_ros_standardization/include/gnss_ros_standardization/gnss_ros_standardization/msg/detail/gnss_ephemerides__builder.hpp
[7.634s] -- Up-to-date symlink: /home/daiki/ws_gnss/install/gnss_ros_standardization/include/gnss_ros_standardization/gnss_ros_standardization/msg/detail/gnss_ephemerides__struct.hpp
[7.634s] -- Up-to-date symlink: /home/daiki/ws_gnss/install/gnss_ros_standardization/include/gnss_ros_standardization/gnss_ros_standardization/msg/detail/gnss_ephemerides__traits.hpp
[7.634s] -- Up-to-date symlink: /home/daiki/ws_gnss/install/gnss_ros_standardization/include/gnss_ros_standardization/gnss_ros_standardization/msg/detail/gnss_ephemerides__type_support.hpp
[7.634s] -- Up-to-date symlink: /home/daiki/ws_gnss/install/gnss_ros_standardization/include/gnss_ros_standardization/gnss_ros_standardization/msg/detail/gnss_ephemeris__builder.hpp
[7.634s] -- Up-to-date symlink: /home/daiki/ws_gnss/install/gnss_ros_standardization/include/gnss_ros_standardization/gnss_ros_standardization/msg/detail/gnss_ephemeris__struct.hpp
[7.634s] -- Up-to-date symlink: /home/daiki/ws_gnss/install/gnss_ros_standardization/include/gnss_ros_standardization/gnss_ros_standardization/msg/detail/gnss_ephemeris__traits.hpp
[7.634s] -- Up-to-date symlink: /home/daiki/ws_gnss/install/gnss_ros_standardization/include/gnss_ros_standardization/gnss_ros_standardization/msg/detail/gnss_ephemeris__type_support.hpp
[7.634s] -- Up-to-date symlink: /home/daiki/ws_gnss/install/gnss_ros_standardization/include/gnss_ros_standardization/gnss_ros_standardization/msg/detail/gnss_observation__builder.hpp
[7.634s] -- Up-to-date symlink: /home/daiki/ws_gnss/install/gnss_ros_standardization/include/gnss_ros_standardization/gnss_ros_standardization/msg/detail/gnss_observation__struct.hpp
[7.634s] -- Up-to-date symlink: /home/daiki/ws_gnss/install/gnss_ros_standardization/include/gnss_ros_standardization/gnss_ros_standardization/msg/detail/gnss_observation__traits.hpp
[7.634s] -- Up-to-date symlink: /home/daiki/ws_gnss/install/gnss_ros_standardization/include/gnss_ros_standardization/gnss_ros_standardization/msg/detail/gnss_observation__type_support.hpp
[7.634s] -- Up-to-date symlink: /home/daiki/ws_gnss/install/gnss_ros_standardization/include/gnss_ros_standardization/gnss_ros_standardization/msg/detail/gnss_observations__builder.hpp
[7.634s] -- Up-to-date symlink: /home/daiki/ws_gnss/install/gnss_ros_standardization/include/gnss_ros_standardization/gnss_ros_standardization/msg/detail/gnss_observations__struct.hpp
[7.634s] -- Up-to-date symlink: /home/daiki/ws_gnss/install/gnss_ros_standardization/include/gnss_ros_standardization/gnss_ros_standardization/msg/detail/gnss_observations__traits.hpp
[7.634s] -- Up-to-date symlink: /home/daiki/ws_gnss/install/gnss_ros_standardization/include/gnss_ros_standardization/gnss_ros_standardization/msg/detail/gnss_observations__type_support.hpp
[7.634s] -- Up-to-date symlink: /home/daiki/ws_gnss/install/gnss_ros_standardization/include/gnss_ros_standardization/gnss_ros_standardization/msg/detail/gnss_solution__builder.hpp
[7.634s] -- Up-to-date symlink: /home/daiki/ws_gnss/install/gnss_ros_standardization/include/gnss_ros_standardization/gnss_ros_standardization/msg/detail/gnss_solution__struct.hpp
[7.634s] -- Up-to-date symlink: /home/daiki/ws_gnss/install/gnss_ros_standardization/include/gnss_ros_standardization/gnss_ros_standardization/msg/detail/gnss_solution__traits.hpp
[7.634s] -- Up-to-date symlink: /home/daiki/ws_gnss/install/gnss_ros_standardization/include/gnss_ros_standardization/gnss_ros_standardization/msg/detail/gnss_solution__type_support.hpp
[7.634s] -- Up-to-date symlink: /home/daiki/ws_gnss/install/gnss_ros_standardization/include/gnss_ros_standardization/gnss_ros_standardization/msg/glonass_ephemeris.hpp
[7.634s] -- Up-to-date symlink: /home/daiki/ws_gnss/install/gnss_ros_standardization/include/gnss_ros_standardization/gnss_ros_standardization/msg/gnss_ephemerides.hpp
[7.634s] -- Up-to-date symlink: /home/daiki/ws_gnss/install/gnss_ros_standardization/include/gnss_ros_standardization/gnss_ros_standardization/msg/gnss_ephemeris.hpp
[7.634s] -- Up-to-date symlink: /home/daiki/ws_gnss/install/gnss_ros_standardization/include/gnss_ros_standardization/gnss_ros_standardization/msg/gnss_observation.hpp
[7.634s] -- Up-to-date symlink: /home/daiki/ws_gnss/install/gnss_ros_standardization/include/gnss_ros_standardization/gnss_ros_standardization/msg/gnss_observations.hpp
[7.634s] -- Up-to-date symlink: /home/daiki/ws_gnss/install/gnss_ros_standardization/include/gnss_ros_standardization/gnss_ros_standardization/msg/gnss_solution.hpp
[7.634s] -- Up-to-date symlink: /home/daiki/ws_gnss/install/gnss_ros_standardization/include/gnss_ros_standardization/gnss_ros_standardization/msg/rosidl_generator_cpp__visibility_control.hpp
[7.635s] -- Up-to-date symlink: /home/daiki/ws_gnss/install/gnss_ros_standardization/include/gnss_ros_standardization/gnss_ros_standardization/msg/detail/glonass_ephemeris__rosidl_typesupport_fastrtps_cpp.hpp
[7.635s] -- Up-to-date symlink: /home/daiki/ws_gnss/install/gnss_ros_standardization/include/gnss_ros_standardization/gnss_ros_standardization/msg/detail/gnss_ephemerides__rosidl_typesupport_fastrtps_cpp.hpp
[7.635s] -- Up-to-date symlink: /home/daiki/ws_gnss/install/gnss_ros_standardization/include/gnss_ros_standardization/gnss_ros_standardization/msg/detail/gnss_ephemeris__rosidl_typesupport_fastrtps_cpp.hpp
[7.635s] -- Up-to-date symlink: /home/daiki/ws_gnss/install/gnss_ros_standardization/include/gnss_ros_standardization/gnss_ros_standardization/msg/detail/gnss_observation__rosidl_typesupport_fastrtps_cpp.hpp
[7.635s] -- Up-to-date symlink: /home/daiki/ws_gnss/install/gnss_ros_standardization/include/gnss_ros_standardization/gnss_ros_standardization/msg/detail/gnss_observations__rosidl_typesupport_fastrtps_cpp.hpp
[7.635s] -- Up-to-date symlink: /home/daiki/ws_gnss/install/gnss_ros_standardization/include/gnss_ros_standardization/gnss_ros_standardization/msg/detail/gnss_solution__rosidl_typesupport_fastrtps_cpp.hpp
[7.635s] -- Up-to-date symlink: /home/daiki/ws_gnss/install/gnss_ros_standardization/include/gnss_ros_standardization/gnss_ros_standardization/msg/rosidl_typesupport_fastrtps_cpp__visibility_control.h
[7.635s] -- Up-to-date symlink: /home/daiki/ws_gnss/install/gnss_ros_standardization/include/gnss_ros_standardization/gnss_ros_standardization/msg/detail/glonass_ephemeris__rosidl_typesupport_introspection_cpp.hpp
[7.635s] -- Up-to-date symlink: /home/daiki/ws_gnss/install/gnss_ros_standardization/include/gnss_ros_standardization/gnss_ros_standardization/msg/detail/gnss_ephemerides__rosidl_typesupport_introspection_cpp.hpp
[7.635s] -- Up-to-date symlink: /home/daiki/ws_gnss/install/gnss_ros_standardization/include/gnss_ros_standardization/gnss_ros_standardization/msg/detail/gnss_ephemeris__rosidl_typesupport_introspection_cpp.hpp
[7.635s] -- Up-to-date symlink: /home/daiki/ws_gnss/install/gnss_ros_standardization/include/gnss_ros_standardization/gnss_ros_standardization/msg/detail/gnss_observation__rosidl_typesupport_introspection_cpp.hpp
[7.635s] -- Up-to-date symlink: /home/daiki/ws_gnss/install/gnss_ros_standardization/include/gnss_ros_standardization/gnss_ros_standardization/msg/detail/gnss_observations__rosidl_typesupport_introspection_cpp.hpp
[7.635s] -- Up-to-date symlink: /home/daiki/ws_gnss/install/gnss_ros_standardization/include/gnss_ros_standardization/gnss_ros_standardization/msg/detail/gnss_solution__rosidl_typesupport_introspection_cpp.hpp
[7.635s] -- Up-to-date symlink: /home/daiki/ws_gnss/install/gnss_ros_standardization/share/gnss_ros_standardization/environment/pythonpath.sh
[7.635s] -- Up-to-date symlink: /home/daiki/ws_gnss/install/gnss_ros_standardization/share/gnss_ros_standardization/environment/pythonpath.dsv
[7.635s] -- Up-to-date symlink: /home/daiki/ws_gnss/install/gnss_ros_standardization/local/lib/python3.10/dist-packages/gnss_ros_standardization-0.1.0-py3.10.egg-info/PKG-INFO
[7.635s] -- Up-to-date symlink: /home/daiki/ws_gnss/install/gnss_ros_standardization/local/lib/python3.10/dist-packages/gnss_ros_standardization-0.1.0-py3.10.egg-info/SOURCES.txt
[7.635s] -- Up-to-date symlink: /home/daiki/ws_gnss/install/gnss_ros_standardization/local/lib/python3.10/dist-packages/gnss_ros_standardization-0.1.0-py3.10.egg-info/dependency_links.txt
[7.636s] -- Up-to-date symlink: /home/daiki/ws_gnss/install/gnss_ros_standardization/local/lib/python3.10/dist-packages/gnss_ros_standardization-0.1.0-py3.10.egg-info/top_level.txt
[7.636s] -- Up-to-date symlink: /home/daiki/ws_gnss/install/gnss_ros_standardization/local/lib/python3.10/dist-packages/gnss_ros_standardization/__init__.py
[7.636s] -- Up-to-date symlink: /home/daiki/ws_gnss/install/gnss_ros_standardization/local/lib/python3.10/dist-packages/gnss_ros_standardization/_gnss_ros_standardization_s.ep.rosidl_typesupport_c.c
[7.636s] -- Up-to-date symlink: /home/daiki/ws_gnss/install/gnss_ros_standardization/local/lib/python3.10/dist-packages/gnss_ros_standardization/_gnss_ros_standardization_s.ep.rosidl_typesupport_fastrtps_c.c
[7.636s] -- Up-to-date symlink: /home/daiki/ws_gnss/install/gnss_ros_standardization/local/lib/python3.10/dist-packages/gnss_ros_standardization/_gnss_ros_standardization_s.ep.rosidl_typesupport_introspection_c.c
[7.636s] -- Up-to-date symlink: /home/daiki/ws_gnss/install/gnss_ros_standardization/local/lib/python3.10/dist-packages/gnss_ros_standardization/gnss_ros_standardization_s__rosidl_typesupport_c.cpython-310-x86_64-linux-gnu.so
[7.636s] -- Up-to-date symlink: /home/daiki/ws_gnss/install/gnss_ros_standardization/local/lib/python3.10/dist-packages/gnss_ros_standardization/gnss_ros_standardization_s__rosidl_typesupport_fastrtps_c.cpython-310-x86_64-linux-gnu.so
[7.636s] -- Up-to-date symlink: /home/daiki/ws_gnss/install/gnss_ros_standardization/local/lib/python3.10/dist-packages/gnss_ros_standardization/gnss_ros_standardization_s__rosidl_typesupport_introspection_c.cpython-310-x86_64-linux-gnu.so
[7.636s] -- Up-to-date symlink: /home/daiki/ws_gnss/install/gnss_ros_standardization/local/lib/python3.10/dist-packages/gnss_ros_standardization/libgnss_ros_standardization__rosidl_generator_py.so
[7.636s] -- Up-to-date symlink: /home/daiki/ws_gnss/install/gnss_ros_standardization/local/lib/python3.10/dist-packages/gnss_ros_standardization/msg/__init__.py
[7.636s] -- Up-to-date symlink: /home/daiki/ws_gnss/install/gnss_ros_standardization/local/lib/python3.10/dist-packages/gnss_ros_standardization/msg/_glonass_ephemeris.py
[7.636s] -- Up-to-date symlink: /home/daiki/ws_gnss/install/gnss_ros_standardization/local/lib/python3.10/dist-packages/gnss_ros_standardization/msg/_glonass_ephemeris_s.c
[7.636s] -- Up-to-date symlink: /home/daiki/ws_gnss/install/gnss_ros_standardization/local/lib/python3.10/dist-packages/gnss_ros_standardization/msg/_gnss_ephemerides.py
[7.636s] -- Up-to-date symlink: /home/daiki/ws_gnss/install/gnss_ros_standardization/local/lib/python3.10/dist-packages/gnss_ros_standardization/msg/_gnss_ephemerides_s.c
[7.636s] -- Up-to-date symlink: /home/daiki/ws_gnss/install/gnss_ros_standardization/local/lib/python3.10/dist-packages/gnss_ros_standardization/msg/_gnss_ephemeris.py
[7.636s] -- Up-to-date symlink: /home/daiki/ws_gnss/install/gnss_ros_standardization/local/lib/python3.10/dist-packages/gnss_ros_standardization/msg/_gnss_ephemeris_s.c
[7.636s] -- Up-to-date symlink: /home/daiki/ws_gnss/install/gnss_ros_standardization/local/lib/python3.10/dist-packages/gnss_ros_standardization/msg/_gnss_observation.py
[7.636s] -- Up-to-date symlink: /home/daiki/ws_gnss/install/gnss_ros_standardization/local/lib/python3.10/dist-packages/gnss_ros_standardization/msg/_gnss_observation_s.c
[7.636s] -- Up-to-date symlink: /home/daiki/ws_gnss/install/gnss_ros_standardization/local/lib/python3.10/dist-packages/gnss_ros_standardization/msg/_gnss_observations.py
[7.636s] -- Up-to-date symlink: /home/daiki/ws_gnss/install/gnss_ros_standardization/local/lib/python3.10/dist-packages/gnss_ros_standardization/msg/_gnss_observations_s.c
[7.636s] -- Up-to-date symlink: /home/daiki/ws_gnss/install/gnss_ros_standardization/local/lib/python3.10/dist-packages/gnss_ros_standardization/msg/_gnss_solution.py
[7.636s] -- Up-to-date symlink: /home/daiki/ws_gnss/install/gnss_ros_standardization/local/lib/python3.10/dist-packages/gnss_ros_standardization/msg/_gnss_solution_s.c
[7.637s] -- Up-to-date symlink: /home/daiki/ws_gnss/install/gnss_ros_standardization/local/lib/python3.10/dist-packages/gnss_ros_standardization/gnss_ros_standardization_s__rosidl_typesupport_fastrtps_c.cpython-310-x86_64-linux-gnu.so
[7.637s] -- Up-to-date symlink: /home/daiki/ws_gnss/install/gnss_ros_standardization/local/lib/python3.10/dist-packages/gnss_ros_standardization/gnss_ros_standardization_s__rosidl_typesupport_introspection_c.cpython-310-x86_64-linux-gnu.so
[7.637s] -- Up-to-date symlink: /home/daiki/ws_gnss/install/gnss_ros_standardization/local/lib/python3.10/dist-packages/gnss_ros_standardization/gnss_ros_standardization_s__rosidl_typesupport_c.cpython-310-x86_64-linux-gnu.so
[7.637s] -- Up-to-date symlink: /home/daiki/ws_gnss/install/gnss_ros_standardization/share/gnss_ros_standardization/msg/GnssObservation.idl
[7.637s] -- Up-to-date symlink: /home/daiki/ws_gnss/install/gnss_ros_standardization/share/gnss_ros_standardization/msg/GnssObservations.idl
[7.637s] -- Up-to-date symlink: /home/daiki/ws_gnss/install/gnss_ros_standardization/share/gnss_ros_standardization/msg/GnssEphemeris.idl
[7.637s] -- Up-to-date symlink: /home/daiki/ws_gnss/install/gnss_ros_standardization/share/gnss_ros_standardization/msg/GlonassEphemeris.idl
[7.637s] -- Up-to-date symlink: /home/daiki/ws_gnss/install/gnss_ros_standardization/share/gnss_ros_standardization/msg/GnssEphemerides.idl
[7.637s] -- Up-to-date symlink: /home/daiki/ws_gnss/install/gnss_ros_standardization/share/gnss_ros_standardization/msg/GnssSolution.idl
[7.637s] -- Up-to-date symlink: /home/daiki/ws_gnss/install/gnss_ros_standardization/share/gnss_ros_standardization/msg/GnssObservation.msg
[7.637s] -- Up-to-date symlink: /home/daiki/ws_gnss/install/gnss_ros_standardization/share/gnss_ros_standardization/msg/GnssObservations.msg
[7.637s] -- Up-to-date symlink: /home/daiki/ws_gnss/install/gnss_ros_standardization/share/gnss_ros_standardization/msg/GnssEphemeris.msg
[7.637s] -- Up-to-date symlink: /home/daiki/ws_gnss/install/gnss_ros_standardization/share/gnss_ros_standardization/msg/GlonassEphemeris.msg
[7.637s] -- Up-to-date symlink: /home/daiki/ws_gnss/install/gnss_ros_standardization/share/gnss_ros_standardization/msg/GnssEphemerides.msg
[7.637s] -- Up-to-date symlink: /home/daiki/ws_gnss/install/gnss_ros_standardization/share/gnss_ros_standardization/msg/GnssSolution.msg
[7.637s] -- Up-to-date symlink: /home/daiki/ws_gnss/install/gnss_ros_standardization/lib/libgnss_utils.so
[7.637s] -- Up-to-date symlink: /home/daiki/ws_gnss/install/gnss_ros_standardization/lib/gnss_ros_standardization/rtcm_decoder_node
[7.638s] -- Up-to-date symlink: /home/daiki/ws_gnss/install/gnss_ros_standardization/lib/gnss_ros_standardization/ubx_decoder_node
[7.638s] -- Up-to-date symlink: /home/daiki/ws_gnss/install/gnss_ros_standardization/lib/gnss_ros_standardization/ubx_driver_node
[7.638s] -- Up-to-date symlink: /home/daiki/ws_gnss/install/gnss_ros_standardization/lib/gnss_ros_standardization/sbf_decoder_node
[7.638s] -- Up-to-date symlink: /home/daiki/ws_gnss/install/gnss_ros_standardization/lib/gnss_ros_standardization/sbf_driver_node
[7.638s] -- Up-to-date symlink: /home/daiki/ws_gnss/install/gnss_ros_standardization/lib/gnss_ros_standardization/novatel_decoder_node
[7.638s] -- Up-to-date symlink: /home/daiki/ws_gnss/install/gnss_ros_standardization/lib/gnss_ros_standardization/novatel_driver_node
[7.638s] -- Up-to-date symlink: /home/daiki/ws_gnss/install/gnss_ros_standardization/lib/gnss_ros_standardization/rosbag_to_rinex
[7.638s] -- Up-to-date symlink: /home/daiki/ws_gnss/install/gnss_ros_standardization/lib/gnss_ros_standardization/rinex_to_rosbag
[7.638s] -- Up-to-date symlink: /home/daiki/ws_gnss/install/gnss_ros_standardization/lib/gnss_ros_standardization/single_point_positioning
[7.638s] -- Up-to-date symlink: /home/daiki/ws_gnss/install/gnss_ros_standardization/lib/gnss_ros_standardization/real_time_kinematic
[7.638s] -- Up-to-date symlink: /home/daiki/ws_gnss/install/gnss_ros_standardization/share/ament_index/resource_index/package_run_dependencies/gnss_ros_standardization
[7.638s] -- Up-to-date symlink: /home/daiki/ws_gnss/install/gnss_ros_standardization/share/ament_index/resource_index/parent_prefix_path/gnss_ros_standardization
[7.638s] -- Up-to-date symlink: /home/daiki/ws_gnss/install/gnss_ros_standardization/share/gnss_ros_standardization/environment/ament_prefix_path.sh
[7.639s] -- Up-to-date symlink: /home/daiki/ws_gnss/install/gnss_ros_standardization/share/gnss_ros_standardization/environment/ament_prefix_path.dsv
[7.639s] -- Up-to-date symlink: /home/daiki/ws_gnss/install/gnss_ros_standardization/share/gnss_ros_standardization/environment/path.sh
[7.639s] -- Up-to-date symlink: /home/daiki/ws_gnss/install/gnss_ros_standardization/share/gnss_ros_standardization/environment/path.dsv
[7.639s] -- Up-to-date symlink: /home/daiki/ws_gnss/install/gnss_ros_standardization/share/gnss_ros_standardization/local_setup.bash
[7.639s] -- Up-to-date symlink: /home/daiki/ws_gnss/install/gnss_ros_standardization/share/gnss_ros_standardization/local_setup.sh
[7.639s] -- Up-to-date symlink: /home/daiki/ws_gnss/install/gnss_ros_standardization/share/gnss_ros_standardization/local_setup.zsh
[7.639s] -- Up-to-date symlink: /home/daiki/ws_gnss/install/gnss_ros_standardization/share/gnss_ros_standardization/local_setup.dsv
[7.639s] -- Symlinking: /home/daiki/ws_gnss/install/gnss_ros_standardization/share/gnss_ros_standardization/package.dsv
[7.643s] -- Up-to-date symlink: /home/daiki/ws_gnss/install/gnss_ros_standardization/share/ament_index/resource_index/packages/gnss_ros_standardization
[7.643s] -- Up-to-date symlink: /home/daiki/ws_gnss/install/gnss_ros_standardization/share/gnss_ros_standardization/cmake/rosidl_cmake-extras.cmake
[7.643s] -- Up-to-date symlink: /home/daiki/ws_gnss/install/gnss_ros_standardization/share/gnss_ros_standardization/cmake/ament_cmake_export_dependencies-extras.cmake
[7.643s] -- Up-to-date symlink: /home/daiki/ws_gnss/install/gnss_ros_standardization/share/gnss_ros_standardization/cmake/ament_cmake_export_include_directories-extras.cmake
[7.643s] -- Up-to-date symlink: /home/daiki/ws_gnss/install/gnss_ros_standardization/share/gnss_ros_standardization/cmake/ament_cmake_export_libraries-extras.cmake
[7.643s] -- Up-to-date symlink: /home/daiki/ws_gnss/install/gnss_ros_standardization/share/gnss_ros_standardization/cmake/ament_cmake_export_targets-extras.cmake
[7.643s] -- Up-to-date symlink: /home/daiki/ws_gnss/install/gnss_ros_standardization/share/gnss_ros_standardization/cmake/rosidl_cmake_export_typesupport_targets-extras.cmake
[7.643s] -- Up-to-date symlink: /home/daiki/ws_gnss/install/gnss_ros_standardization/share/gnss_ros_standardization/cmake/rosidl_cmake_export_typesupport_libraries-extras.cmake
[7.643s] -- Up-to-date symlink: /home/daiki/ws_gnss/install/gnss_ros_standardization/share/gnss_ros_standardization/cmake/gnss_ros_standardizationConfig.cmake
[7.643s] -- Up-to-date symlink: /home/daiki/ws_gnss/install/gnss_ros_standardization/share/gnss_ros_standardization/cmake/gnss_ros_standardizationConfig-version.cmake
[7.643s] -- Up-to-date symlink: /home/daiki/ws_gnss/install/gnss_ros_standardization/share/gnss_ros_standardization/package.xml
[7.643s] -- Up-to-date symlink: /home/daiki/ws_gnss/install/gnss_ros_standardization/lib/gnss_ros_standardization/gnss_visualizer
[7.643s] -- Up-to-date: /home/daiki/ws_gnss/install/gnss_ros_standardization/lib/libgnss_ros_standardization__rosidl_generator_c.so
[7.643s] -- Up-to-date: /home/daiki/ws_gnss/install/gnss_ros_standardization/lib/libgnss_ros_standardization__rosidl_typesupport_fastrtps_c.so
[7.643s] -- Up-to-date: /home/daiki/ws_gnss/install/gnss_ros_standardization/lib/libgnss_ros_standardization__rosidl_typesupport_introspection_c.so
[7.644s] -- Up-to-date: /home/daiki/ws_gnss/install/gnss_ros_standardization/lib/libgnss_ros_standardization__rosidl_typesupport_c.so
[7.644s] -- Up-to-date: /home/daiki/ws_gnss/install/gnss_ros_standardization/lib/libgnss_ros_standardization__rosidl_typesupport_fastrtps_cpp.so
[7.644s] -- Up-to-date: /home/daiki/ws_gnss/install/gnss_ros_standardization/lib/libgnss_ros_standardization__rosidl_typesupport_introspection_cpp.so
[7.644s] -- Up-to-date: /home/daiki/ws_gnss/install/gnss_ros_standardization/lib/libgnss_ros_standardization__rosidl_typesupport_cpp.so
[7.659s] Listing '/home/daiki/ws_gnss/install/gnss_ros_standardization/local/lib/python3.10/dist-packages/gnss_ros_standardization'...
[7.659s] Listing '/home/daiki/ws_gnss/install/gnss_ros_standardization/local/lib/python3.10/dist-packages/gnss_ros_standardization/msg'...
[7.661s] -- Up-to-date: /home/daiki/ws_gnss/install/gnss_ros_standardization/lib/libgnss_ros_standardization__rosidl_generator_py.so
[7.661s] -- Up-to-date: /home/daiki/ws_gnss/install/gnss_ros_standardization/share/gnss_ros_standardization/cmake/export_gnss_ros_standardization__rosidl_generator_cExport.cmake
[7.661s] -- Up-to-date: /home/daiki/ws_gnss/install/gnss_ros_standardization/share/gnss_ros_standardization/cmake/export_gnss_ros_standardization__rosidl_generator_cExport-noconfig.cmake
[7.661s] -- Up-to-date: /home/daiki/ws_gnss/install/gnss_ros_standardization/share/gnss_ros_standardization/cmake/export_gnss_ros_standardization__rosidl_typesupport_fastrtps_cExport.cmake
[7.661s] -- Up-to-date: /home/daiki/ws_gnss/install/gnss_ros_standardization/share/gnss_ros_standardization/cmake/export_gnss_ros_standardization__rosidl_typesupport_fastrtps_cExport-noconfig.cmake
[7.661s] -- Up-to-date: /home/daiki/ws_gnss/install/gnss_ros_standardization/share/gnss_ros_standardization/cmake/gnss_ros_standardization__rosidl_typesupport_introspection_cExport.cmake
[7.661s] -- Up-to-date: /home/daiki/ws_gnss/install/gnss_ros_standardization/share/gnss_ros_standardization/cmake/gnss_ros_standardization__rosidl_typesupport_introspection_cExport-noconfig.cmake
[7.661s] -- Up-to-date: /home/daiki/ws_gnss/install/gnss_ros_standardization/share/gnss_ros_standardization/cmake/gnss_ros_standardization__rosidl_typesupport_cExport.cmake
[7.661s] -- Up-to-date: /home/daiki/ws_gnss/install/gnss_ros_standardization/share/gnss_ros_standardization/cmake/gnss_ros_standardization__rosidl_typesupport_cExport-noconfig.cmake
[7.662s] -- Up-to-date: /home/daiki/ws_gnss/install/gnss_ros_standardization/share/gnss_ros_standardization/cmake/export_gnss_ros_standardization__rosidl_generator_cppExport.cmake
[7.662s] -- Up-to-date: /home/daiki/ws_gnss/install/gnss_ros_standardization/share/gnss_ros_standardization/cmake/export_gnss_ros_standardization__rosidl_typesupport_fastrtps_cppExport.cmake
[7.662s] -- Up-to-date: /home/daiki/ws_gnss/install/gnss_ros_standardization/share/gnss_ros_standardization/cmake/export_gnss_ros_standardization__rosidl_typesupport_fastrtps_cppExport-noconfig.cmake
[7.662s] -- Up-to-date: /home/daiki/ws_gnss/install/gnss_ros_standardization/share/gnss_ros_standardization/cmake/gnss_ros_standardization__rosidl_typesupport_introspection_cppExport.cmake
[7.662s] -- Up-to-date: /home/daiki/ws_gnss/install/gnss_ros_standardization/share/gnss_ros_standardization/cmake/gnss_ros_standardization__rosidl_typesupport_introspection_cppExport-noconfig.cmake
[7.662s] -- Up-to-date: /home/daiki/ws_gnss/install/gnss_ros_standardization/share/gnss_ros_standardization/cmake/gnss_ros_standardization__rosidl_typesupport_cppExport.cmake
[7.662s] -- Up-to-date: /home/daiki/ws_gnss/install/gnss_ros_standardization/share/gnss_ros_standardization/cmake/gnss_ros_standardization__rosidl_typesupport_cppExport-noconfig.cmake
[7.662s] -- Up-to-date: /home/daiki/ws_gnss/install/gnss_ros_standardization/share/gnss_ros_standardization/cmake/export_gnss_ros_standardization__rosidl_generator_pyExport.cmake
[7.662s] -- Up-to-date: /home/daiki/ws_gnss/install/gnss_ros_standardization/share/gnss_ros_standardization/cmake/export_gnss_ros_standardization__rosidl_generator_pyExport-noconfig.cmake
[7.662s] Invoked command in '/home/daiki/ws_gnss/build/gnss_ros_standardization' returned '0': CMAKE_PREFIX_PATH=/opt/ros/humble /usr/bin/cmake --install /home/daiki/ws_gnss/build/gnss_ros_standardization
