[0.005s] Invoking command in '/home/daiki/ws_gnss/build/gnss_ros_standardization': CMAKE_PREFIX_PATH=/opt/ros/humble /usr/bin/cmake --build /home/daiki/ws_gnss/build/gnss_ros_standardization -- -j28 -l28
[0.021s] -- Found ament_cmake: 1.3.11 (/opt/ros/humble/share/ament_cmake/cmake)
[0.117s] -- Override CMake install command with custom implementation using symlinks instead of copying resources
[0.120s] -- Found rosidl_default_generators: 1.2.0 (/opt/ros/humble/share/rosidl_default_generators/cmake)
[0.120s] -- Using all available rosidl_typesupport_c: rosidl_typesupport_fastrtps_c;rosidl_typesupport_introspection_c
[0.121s] -- Found rosidl_adapter: 3.1.6 (/opt/ros/humble/share/rosidl_adapter/cmake)
[0.135s] -- Using all available rosidl_typesupport_cpp: rosidl_typesupport_fastrtps_cpp;rosidl_typesupport_introspection_cpp
[0.147s] -- Found std_msgs: 4.2.4 (/opt/ros/humble/share/std_msgs/cmake)
[0.157s] -- Found geometry_msgs: 4.2.4 (/opt/ros/humble/share/geometry_msgs/cmake)
[0.162s] -- Found rclcpp: 16.0.11 (/opt/ros/humble/share/rclcpp/cmake)
[0.174s] -- Found rmw_implementation_cmake: 6.1.2 (/opt/ros/humble/share/rmw_implementation_cmake/cmake)
[0.174s] -- Found rmw_cyclonedds_cpp: 1.3.4 (/opt/ros/humble/share/rmw_cyclonedds_cpp/cmake)
[0.182s] -- Using RMW implementation 'rmw_cyclonedds_cpp' as default
[0.199s] -- Found rosbag2_cpp: 0.15.13 (/opt/ros/humble/share/rosbag2_cpp/cmake)
[0.394s] -- Found ament_cmake_ros: 0.10.0 (/opt/ros/humble/share/ament_cmake_ros/cmake)
[0.518s] -- Using all available rosidl_typesupport_c: rosidl_typesupport_fastrtps_c;rosidl_typesupport_introspection_c
[0.729s] -- Using all available rosidl_typesupport_cpp: rosidl_typesupport_fastrtps_cpp;rosidl_typesupport_introspection_cpp
[0.744s] -- Found python_cmake_module: 0.10.0 (/opt/ros/humble/share/python_cmake_module/cmake)
[0.763s] -- Using PYTHON_EXECUTABLE: /usr/bin/python3
[0.763s] -- Using PYTHON_INCLUDE_DIRS: /usr/include/python3.10
[0.764s] -- Using PYTHON_LIBRARIES: /usr/lib/x86_64-linux-gnu/libpython3.10.so
[0.804s] -- Configuring done
[0.847s] -- Generating done
[0.862s] -- Build files have been written to: /home/daiki/ws_gnss/build/gnss_ros_standardization
[0.880s] Consolidate compiler generated dependencies of target gnss_ros_standardization__rosidl_generator_c
[0.885s] [  0%] Built target gnss_ros_standardization__cpp
[0.885s] Consolidate compiler generated dependencies of target rtkcore_lib
[0.886s] [  6%] Built target gnss_ros_standardization__rosidl_generator_c
[0.890s] [  6%] Built target ament_cmake_python_symlink_gnss_ros_standardization
[0.892s] Consolidate compiler generated dependencies of target gnss_ros_standardization__rosidl_typesupport_c
[0.892s] Consolidate compiler generated dependencies of target gnss_ros_standardization__rosidl_typesupport_fastrtps_cpp
[0.893s] Consolidate compiler generated dependencies of target gnss_ros_standardization__rosidl_typesupport_cpp
[0.893s] Consolidate compiler generated dependencies of target gnss_ros_standardization__rosidl_typesupport_introspection_cpp
[0.895s] Consolidate compiler generated dependencies of target gnss_ros_standardization__rosidl_typesupport_introspection_c
[0.895s] [ 33%] Built target rtkcore_lib
[0.898s] Consolidate compiler generated dependencies of target gnss_ros_standardization__rosidl_typesupport_fastrtps_c
[0.901s] [ 39%] Built target gnss_ros_standardization__rosidl_typesupport_c
[0.901s] [ 45%] Built target gnss_ros_standardization__rosidl_typesupport_fastrtps_cpp
[0.901s] [ 51%] Built target gnss_ros_standardization__rosidl_typesupport_cpp
[0.902s] [ 57%] Built target gnss_ros_standardization__rosidl_typesupport_introspection_c
[0.902s] [ 62%] Built target gnss_ros_standardization__rosidl_typesupport_introspection_cpp
[0.907s] [ 68%] Built target gnss_ros_standardization__rosidl_typesupport_fastrtps_c
[0.908s] Consolidate compiler generated dependencies of target gnss_utils
[0.914s] [ 70%] Built target gnss_utils
[0.920s] [ 70%] Built target gnss_ros_standardization
[0.921s] Consolidate compiler generated dependencies of target ubx_driver_node
[0.921s] Consolidate compiler generated dependencies of target novatel_driver_node
[0.921s] Consolidate compiler generated dependencies of target novatel_decoder_node
[0.921s] Consolidate compiler generated dependencies of target rinex_to_rosbag
[0.921s] Consolidate compiler generated dependencies of target sbf_decoder_node
[0.921s] Consolidate compiler generated dependencies of target rosbag_to_rinex
[0.921s] Consolidate compiler generated dependencies of target real_time_kinematic
[0.923s] Consolidate compiler generated dependencies of target rtcm_decoder_node
[0.924s] Consolidate compiler generated dependencies of target ubx_decoder_node
[0.924s] Consolidate compiler generated dependencies of target sbf_driver_node
[0.924s] Consolidate compiler generated dependencies of target single_point_positioning
[0.925s] Consolidate compiler generated dependencies of target gnss_visualizer
[0.927s] [ 74%] Built target novatel_driver_node
[0.927s] [ 75%] Built target novatel_decoder_node
[0.927s] [ 72%] Built target ubx_driver_node
[0.927s] [ 76%] Built target rinex_to_rosbag
[0.927s] [ 76%] Building CXX object CMakeFiles/simple_gnss_visualizer.dir/src/utils/simple_gnss_visualizer.cpp.o
[0.927s] [ 78%] Built target rosbag_to_rinex
[0.928s] [ 79%] Built target sbf_decoder_node
[0.930s] [ 81%] Built target single_point_positioning
[0.930s] [ 83%] Built target real_time_kinematic
[0.931s] [ 85%] Built target ubx_decoder_node
[0.931s] [ 85%] Built target rtcm_decoder_node
[0.932s] [ 86%] Built target gnss_visualizer
[0.932s] [ 88%] Built target sbf_driver_node
[0.932s] [ 89%] Built target gnss_ros_standardization__py
[0.941s] Consolidate compiler generated dependencies of target gnss_ros_standardization__rosidl_generator_py
[0.947s] [ 94%] Built target gnss_ros_standardization__rosidl_generator_py
[0.954s] Consolidate compiler generated dependencies of target gnss_ros_standardization__rosidl_typesupport_fastrtps_c__pyext
[0.955s] Consolidate compiler generated dependencies of target gnss_ros_standardization__rosidl_typesupport_introspection_c__pyext
[0.955s] Consolidate compiler generated dependencies of target gnss_ros_standardization__rosidl_typesupport_c__pyext
[0.960s] [ 96%] Built target gnss_ros_standardization__rosidl_typesupport_c__pyext
[0.961s] [ 97%] Built target gnss_ros_standardization__rosidl_typesupport_fastrtps_c__pyext
[0.961s] [ 99%] Built target gnss_ros_standardization__rosidl_typesupport_introspection_c__pyext
[0.998s] running egg_info
[0.998s] writing gnss_ros_standardization.egg-info/PKG-INFO
[0.998s] writing dependency_links to gnss_ros_standardization.egg-info/dependency_links.txt
[0.998s] writing top-level names to gnss_ros_standardization.egg-info/top_level.txt
[0.999s] reading manifest file 'gnss_ros_standardization.egg-info/SOURCES.txt'
[0.999s] writing manifest file 'gnss_ros_standardization.egg-info/SOURCES.txt'
[1.013s] [ 99%] Built target ament_cmake_python_build_gnss_ros_standardization_egg
[1.056s] /home/daiki/ws_gnss/src/gnss_ros_standardization/src/utils/simple_gnss_visualizer.cpp:14:10: fatal error: gnss_utils.hpp: そのようなファイルやディレクトリはありません
[1.056s]    14 | #include "gnss_utils.hpp"
[1.056s]       |          ^~~~~~~~~~~~~~~~
[1.056s] compilation terminated.
[1.057s] gmake[2]: *** [CMakeFiles/simple_gnss_visualizer.dir/build.make:76: CMakeFiles/simple_gnss_visualizer.dir/src/utils/simple_gnss_visualizer.cpp.o] エラー 1
[1.057s] gmake[1]: *** [CMakeFiles/Makefile2:1051: CMakeFiles/simple_gnss_visualizer.dir/all] エラー 2
[1.058s] gmake: *** [Makefile:146: all] エラー 2
[1.059s] Invoked command in '/home/daiki/ws_gnss/build/gnss_ros_standardization' returned '2': CMAKE_PREFIX_PATH=/opt/ros/humble /usr/bin/cmake --build /home/daiki/ws_gnss/build/gnss_ros_standardization -- -j28 -l28
