[  0%] Built target gnss_ros_standardization__cpp
[  6%] Built target gnss_ros_standardization__rosidl_generator_c
[  6%] Built target ament_cmake_python_symlink_gnss_ros_standardization
[ 33%] Built target rtkcore_lib
[ 38%] Built target gnss_ros_standardization__rosidl_typesupport_introspection_cpp
[ 44%] Built target gnss_ros_standardization__rosidl_typesupport_introspection_c
[ 50%] Built target gnss_ros_standardization__rosidl_typesupport_c
[ 56%] Built target gnss_ros_standardization__rosidl_typesupport_cpp
[ 62%] Built target gnss_ros_standardization__rosidl_typesupport_fastrtps_cpp
[ 68%] Built target gnss_ros_standardization__rosidl_typesupport_fastrtps_c
[ 68%] Built target gnss_ros_standardization
[ 70%] Built target gnss_utils
[ 74%] Built target rtcm_decoder_node
[ 74%] Built target ubx_decoder_node
[ 74%] Built target rosbag_to_rinex
[ 76%] Built target real_time_kinematic
[ 77%] Built target gnss_ros_standardization__py
[ 79%] Built target novatel_driver_node
[ 80%] Built target novatel_decoder_node
Consolidate compiler generated dependencies of target simple_gnss_visualizer
[ 82%] Built target sbf_driver_node
[ 83%] Built target rinex_to_rosbag
[ 85%] Built target ubx_driver_node
[ 86%] Built target sbf_decoder_node
[ 88%] Built target single_point_positioning
[ 89%] Built target gnss_visualizer
[ 89%] Building CXX object CMakeFiles/simple_gnss_visualizer.dir/src/utils/simple_gnss_visualizer.cpp.o
[ 94%] Built target gnss_ros_standardization__rosidl_generator_py
[ 95%] Built target gnss_ros_standardization__rosidl_typesupport_fastrtps_c__pyext
[ 98%] Built target gnss_ros_standardization__rosidl_typesupport_c__pyext
[ 99%] Built target gnss_ros_standardization__rosidl_typesupport_introspection_c__pyext
running egg_info
writing gnss_ros_standardization.egg-info/PKG-INFO
writing dependency_links to gnss_ros_standardization.egg-info/dependency_links.txt
writing top-level names to gnss_ros_standardization.egg-info/top_level.txt
reading manifest file 'gnss_ros_standardization.egg-info/SOURCES.txt'
writing manifest file 'gnss_ros_standardization.egg-info/SOURCES.txt'
[ 99%] Built target ament_cmake_python_build_gnss_ros_standardization_egg
/home/daiki/ws_gnss/src/gnss_ros_standardization/src/utils/simple_gnss_visualizer.cpp: In static member function ‘static void gnss_visualizer::SimpleGnssVisualizer::onMouse(int, int, int, int, void*)’:
/home/daiki/ws_gnss/src/gnss_ros_standardization/src/utils/simple_gnss_visualizer.cpp:119:38: warning: unused parameter ‘x’ [-Wunused-parameter]
  119 |   static void onMouse(int event, int x, int y, int flags, void* userdata) {
      |                                  ~~~~^
/home/daiki/ws_gnss/src/gnss_ros_standardization/src/utils/simple_gnss_visualizer.cpp:119:45: warning: unused parameter ‘y’ [-Wunused-parameter]
  119 |   static void onMouse(int event, int x, int y, int flags, void* userdata) {
      |                                         ~~~~^
/home/daiki/ws_gnss/src/gnss_ros_standardization/src/utils/simple_gnss_visualizer.cpp: In member function ‘cv::Scalar gnss_visualizer::SimpleGnssVisualizer::statusColor(int)’:
/home/daiki/ws_gnss/src/gnss_ros_standardization/src/utils/simple_gnss_visualizer.cpp:137:12: error: ‘STATUS_FIX’ was not declared in this scope
  137 |       case STATUS_FIX:   return cv::Scalar(0, 200, 0);   // Green
      |            ^~~~~~~~~~
/home/daiki/ws_gnss/src/gnss_ros_standardization/src/utils/simple_gnss_visualizer.cpp:138:12: error: ‘STATUS_FLOAT’ was not declared in this scope
  138 |       case STATUS_FLOAT: return cv::Scalar(0, 200, 200); // Yellow
      |            ^~~~~~~~~~~~
/home/daiki/ws_gnss/src/gnss_ros_standardization/src/utils/simple_gnss_visualizer.cpp:139:12: error: ‘STATUS_SBAS’ was not declared in this scope
  139 |       case STATUS_SBAS:  return cv::Scalar(200, 50, 50); // Blue
      |            ^~~~~~~~~~~
/home/daiki/ws_gnss/src/gnss_ros_standardization/src/utils/simple_gnss_visualizer.cpp:140:12: error: ‘STATUS_DGPS’ was not declared in this scope
  140 |       case STATUS_DGPS:  return cv::Scalar(200, 50, 50); // Blue
      |            ^~~~~~~~~~~
/home/daiki/ws_gnss/src/gnss_ros_standardization/src/utils/simple_gnss_visualizer.cpp:141:12: error: ‘STATUS_PPP’ was not declared in this scope
  141 |       case STATUS_PPP:   return cv::Scalar(200, 200, 50);// Teal
      |            ^~~~~~~~~~
/home/daiki/ws_gnss/src/gnss_ros_standardization/src/utils/simple_gnss_visualizer.cpp: In member function ‘void gnss_visualizer::SimpleGnssVisualizer::renderStatus(cv::Mat&, cv::Rect)’:
/home/daiki/ws_gnss/src/gnss_ros_standardization/src/utils/simple_gnss_visualizer.cpp:200:28: error: ‘STATUS_DR’ is not a member of ‘gnss_ros_standardization::msg::GnssSolution’ {aka ‘gnss_ros_standardization::msg::GnssSolution_<std::allocator<void> >’}
  200 |         case GnssSolution::STATUS_DR: status_str="DR"; break;
      |                            ^~~~~~~~~
/home/daiki/ws_gnss/src/gnss_ros_standardization/src/utils/simple_gnss_visualizer.cpp: In member function ‘void gnss_visualizer::SimpleGnssVisualizer::renderPositionPlot(cv::Mat&, cv::Rect)’:
/home/daiki/ws_gnss/src/gnss_ros_standardization/src/utils/simple_gnss_visualizer.cpp:252:40: error: ‘DEG2RAD’ was not declared in this scope
  252 |     double ref_llh[3] = {fixed_llh_[0]*DEG2RAD, fixed_llh_[1]*DEG2RAD, fixed_llh_[2]};
      |                                        ^~~~~~~
gmake[2]: *** [CMakeFiles/simple_gnss_visualizer.dir/build.make:76: CMakeFiles/simple_gnss_visualizer.dir/src/utils/simple_gnss_visualizer.cpp.o] エラー 1
gmake[1]: *** [CMakeFiles/Makefile2:1051: CMakeFiles/simple_gnss_visualizer.dir/all] エラー 2
gmake: *** [Makefile:146: all] エラー 2
