-- Found ament_cmake: 1.3.11 (/opt/ros/humble/share/ament_cmake/cmake)
-- Override CMake install command with custom implementation using symlinks instead of copying resources
-- Found rosidl_default_generators: 1.2.0 (/opt/ros/humble/share/rosidl_default_generators/cmake)
-- Using all available rosidl_typesupport_c: rosidl_typesupport_fastrtps_c;rosidl_typesupport_introspection_c
-- Found rosidl_adapter: 3.1.6 (/opt/ros/humble/share/rosidl_adapter/cmake)
-- Using all available rosidl_typesupport_cpp: rosidl_typesupport_fastrtps_cpp;rosidl_typesupport_introspection_cpp
-- Found std_msgs: 4.2.4 (/opt/ros/humble/share/std_msgs/cmake)
-- Found geometry_msgs: 4.2.4 (/opt/ros/humble/share/geometry_msgs/cmake)
-- Found rclcpp: 16.0.11 (/opt/ros/humble/share/rclcpp/cmake)
-- Found rmw_implementation_cmake: 6.1.2 (/opt/ros/humble/share/rmw_implementation_cmake/cmake)
-- Found rmw_cyclonedds_cpp: 1.3.4 (/opt/ros/humble/share/rmw_cyclonedds_cpp/cmake)
-- Using RMW implementation 'rmw_cyclonedds_cpp' as default
-- Found rosbag2_cpp: 0.15.13 (/opt/ros/humble/share/rosbag2_cpp/cmake)
-- Found ament_cmake_ros: 0.10.0 (/opt/ros/humble/share/ament_cmake_ros/cmake)
-- Using all available rosidl_typesupport_c: rosidl_typesupport_fastrtps_c;rosidl_typesupport_introspection_c
-- Using all available rosidl_typesupport_cpp: rosidl_typesupport_fastrtps_cpp;rosidl_typesupport_introspection_cpp
-- Found python_cmake_module: 0.10.0 (/opt/ros/humble/share/python_cmake_module/cmake)
-- Using PYTHON_EXECUTABLE: /usr/bin/python3
-- Using PYTHON_INCLUDE_DIRS: /usr/include/python3.10
-- Using PYTHON_LIBRARIES: /usr/lib/x86_64-linux-gnu/libpython3.10.so
-- Configuring done
-- Generating done
-- Build files have been written to: /home/daiki/ws_gnss/build/gnss_ros_standardization
Consolidate compiler generated dependencies of target gnss_ros_standardization__rosidl_generator_c
Consolidate compiler generated dependencies of target rtkcore_lib
[  6%] Built target gnss_ros_standardization__rosidl_generator_c
[  6%] Built target gnss_ros_standardization__cpp
[ 33%] Built target rtkcore_lib
[ 33%] Built target ament_cmake_python_symlink_gnss_ros_standardization
Consolidate compiler generated dependencies of target gnss_ros_standardization__rosidl_typesupport_introspection_cpp
Consolidate compiler generated dependencies of target gnss_ros_standardization__rosidl_typesupport_c
Consolidate compiler generated dependencies of target gnss_ros_standardization__rosidl_typesupport_introspection_c
Consolidate compiler generated dependencies of target gnss_ros_standardization__rosidl_typesupport_fastrtps_c
Consolidate compiler generated dependencies of target gnss_ros_standardization__rosidl_typesupport_cpp
Consolidate compiler generated dependencies of target gnss_ros_standardization__rosidl_typesupport_fastrtps_cpp
[ 39%] Built target gnss_ros_standardization__rosidl_typesupport_introspection_cpp
[ 45%] Built target gnss_ros_standardization__rosidl_typesupport_c
[ 51%] Built target gnss_ros_standardization__rosidl_typesupport_introspection_c
[ 57%] Built target gnss_ros_standardization__rosidl_typesupport_fastrtps_c
[ 63%] Built target gnss_ros_standardization__rosidl_typesupport_fastrtps_cpp
[ 69%] Built target gnss_ros_standardization__rosidl_typesupport_cpp
Consolidate compiler generated dependencies of target gnss_utils
[ 69%] Built target gnss_ros_standardization
[ 71%] Built target gnss_utils
Consolidate compiler generated dependencies of target novatel_decoder_node
Consolidate compiler generated dependencies of target sbf_decoder_node
Consolidate compiler generated dependencies of target ubx_driver_node
Consolidate compiler generated dependencies of target rosbag_to_rinex
Consolidate compiler generated dependencies of target single_point_positioning
Consolidate compiler generated dependencies of target rinex_to_rosbag
Consolidate compiler generated dependencies of target novatel_driver_node
Consolidate compiler generated dependencies of target rtcm_decoder_node
Consolidate compiler generated dependencies of target ubx_decoder_node
Consolidate compiler generated dependencies of target sbf_driver_node
[ 72%] Built target gnss_ros_standardization__py
Consolidate compiler generated dependencies of target real_time_kinematic
Consolidate compiler generated dependencies of target gnss_visualizer
[ 74%] Built target novatel_decoder_node
[ 77%] Built target single_point_positioning
[ 76%] Built target ubx_driver_node
[ 78%] Built target novatel_driver_node
[ 79%] Built target sbf_decoder_node
[ 81%] Built target rosbag_to_rinex
[ 82%] Built target rinex_to_rosbag
[ 83%] Built target rtcm_decoder_node
[ 85%] Built target ubx_decoder_node
[ 87%] Built target sbf_driver_node
[ 89%] Built target real_time_kinematic
[ 90%] Building CXX object CMakeFiles/gnss_visualizer.dir/src/utils/gnss_visualizer.cpp.o
Consolidate compiler generated dependencies of target gnss_ros_standardization__rosidl_generator_py
[ 95%] Built target gnss_ros_standardization__rosidl_generator_py
Consolidate compiler generated dependencies of target gnss_ros_standardization__rosidl_typesupport_fastrtps_c__pyext
Consolidate compiler generated dependencies of target gnss_ros_standardization__rosidl_typesupport_c__pyext
Consolidate compiler generated dependencies of target gnss_ros_standardization__rosidl_typesupport_introspection_c__pyext
[ 97%] Built target gnss_ros_standardization__rosidl_typesupport_c__pyext
[ 99%] Built target gnss_ros_standardization__rosidl_typesupport_fastrtps_c__pyext
[100%] Built target gnss_ros_standardization__rosidl_typesupport_introspection_c__pyext
running egg_info
writing gnss_ros_standardization.egg-info/PKG-INFO
writing dependency_links to gnss_ros_standardization.egg-info/dependency_links.txt
writing top-level names to gnss_ros_standardization.egg-info/top_level.txt
reading manifest file 'gnss_ros_standardization.egg-info/SOURCES.txt'
writing manifest file 'gnss_ros_standardization.egg-info/SOURCES.txt'
[100%] Built target ament_cmake_python_build_gnss_ros_standardization_egg
/home/daiki/ws_gnss/src/gnss_ros_standardization/src/utils/gnss_visualizer.cpp: In constructor ‘GnssVisualizer::GnssVisualizer()’:
/home/daiki/ws_gnss/src/gnss_ros_standardization/src/utils/gnss_visualizer.cpp:54:5: error: ‘obs_sub_’ was not declared in this scope
   54 |     obs_sub_ = this->create_subscription<gnss_ros_standardization::msg::GnssObservations>(
      |     ^~~~~~~~
/home/daiki/ws_gnss/src/gnss_ros_standardization/src/utils/gnss_visualizer.cpp:56:5: error: ‘eph_sub_’ was not declared in this scope
   56 |     eph_sub_ = this->create_subscription<gnss_ros_standardization::msg::GnssEphemerides>(
      |     ^~~~~~~~
/home/daiki/ws_gnss/src/gnss_ros_standardization/src/utils/gnss_visualizer.cpp:58:5: error: ‘sol_sub_’ was not declared in this scope
   58 |     sol_sub_ = this->create_subscription<gnss_ros_standardization::msg::GnssSolution>(
      |     ^~~~~~~~
/home/daiki/ws_gnss/src/gnss_ros_standardization/src/utils/gnss_visualizer.cpp:61:5: error: ‘image_pub_’ was not declared in this scope
   61 |     image_pub_ = this->create_publisher<sensor_msgs::msg::Image>("gnss_visualization/dashboard", 1);
      |     ^~~~~~~~~~
/home/daiki/ws_gnss/src/gnss_ros_standardization/src/utils/gnss_visualizer.cpp: In static member function ‘static void GnssVisualizer::onMouse(int, int, int, int, void*)’:
/home/daiki/ws_gnss/src/gnss_ros_standardization/src/utils/gnss_visualizer.cpp:145:52: warning: unused parameter ‘flags’ [-Wunused-parameter]
  145 |   static void onMouse(int event, int x, int y, int flags, void* userdata) {
      |                                                ~~~~^~~~~
/home/daiki/ws_gnss/src/gnss_ros_standardization/src/utils/gnss_visualizer.cpp: In member function ‘void GnssVisualizer::renderLoop()’:
/home/daiki/ws_gnss/src/gnss_ros_standardization/src/utils/gnss_visualizer.cpp:254:5: error: ‘image_pub_’ was not declared in this scope
  254 |     image_pub_->publish(*msg);
      |     ^~~~~~~~~~
gmake[2]: *** [CMakeFiles/gnss_visualizer.dir/build.make:76: CMakeFiles/gnss_visualizer.dir/src/utils/gnss_visualizer.cpp.o] エラー 1
gmake[1]: *** [CMakeFiles/Makefile2:1018: CMakeFiles/gnss_visualizer.dir/all] エラー 2
gmake: *** [Makefile:146: all] エラー 2
